 addon

 Timestamp is 5c190d4d (Tue Dec 18 23:07:57 2018)

 Preferred load address is 0000000180000000

 Start         Length     Name                   Class
 0001:00000000 000123c0H .text$mn                CODE
 0001:000123c0 00000020H .text$mn$00             CODE
 0001:000123e0 000003d0H .text$x                 CODE
 0002:00000000 00000250H .idata$5                DATA
 0002:00000250 00000010H .00cfg                  DATA
 0002:00000260 00000008H .CRT$XCA                DATA
 0002:00000268 00000008H .CRT$XCU                DATA
 0002:00000270 00000008H .CRT$XCZ                DATA
 0002:00000278 00000008H .CRT$XIA                DATA
 0002:00000280 00000018H .CRT$XIC                DATA
 0002:00000298 00000008H .CRT$XIZ                DATA
 0002:000002a0 00000008H .CRT$XPA                DATA
 0002:000002a8 00000010H .CRT$XPX                DATA
 0002:000002b8 00000008H .CRT$XPXA               DATA
 0002:000002c0 00000008H .CRT$XPZ                DATA
 0002:000002c8 00000008H .CRT$XTA                DATA
 0002:000002d0 00000010H .CRT$XTZ                DATA
 0002:000002d8 00000000H .gfids$y                DATA
 0002:000002e0 00007d58H .rdata                  DATA
 0002:00008038 0000016cH .rdata$r                DATA
 0002:000081a4 000003b4H .rdata$zzzdbg           DATA
 0002:00008558 00000008H .rtc$IAA                DATA
 0002:00008560 00000008H .rtc$IZZ                DATA
 0002:00008568 00000008H .rtc$TAA                DATA
 0002:00008570 00000008H .rtc$TZZ                DATA
 0002:00008578 00000fe0H .xdata                  DATA
 0002:00009558 00000084H .xdata$x                DATA
 0002:000095dc 00000020H .didat$2                DATA
 0002:000095fc 00000024H .didat$3                DATA
 0002:00009620 00000058H .didat$4                DATA
 0002:00009678 00000290H .didat$6                DATA
 0002:00009908 00000058H .didat$7                DATA
 0002:00009960 00000050H .edata                  DATA
 0002:000099b0 00000014H .idata$2                DATA
 0002:000099c4 00000014H .idata$3                DATA
 0002:000099d8 00000250H .idata$4                DATA
 0002:00009c28 0000055eH .idata$6                DATA
 0003:00000000 00000920H .data                   DATA
 0003:00000920 00000070H .data$r                 DATA
 0003:00000990 00000060H .didat$5                DATA
 0003:000009f0 00001200H .bss                    DATA
 0004:00000000 00001254H .pdata                  DATA
 0005:00000000 00000060H .rsrc$01                DATA
 0005:00000060 00000180H .rsrc$02                DATA

  Address         Publics by Value              Rva+Base               Lib:Object

 0000:00000000       __guard_iat_table          0000000000000000     <absolute>
 0000:00000000       __dynamic_value_reloc_table 0000000000000000     <absolute>
 0000:00000000       __hybrid_code_map          0000000000000000     <absolute>
 0000:00000000       __hybrid_code_map_count    0000000000000000     <absolute>
 0000:00000000       __guard_iat_count          0000000000000000     <absolute>
 0000:00000000       __hybrid_auxiliary_iat     0000000000000000     <absolute>
 0000:00000000       __guard_longjmp_table      0000000000000000     <absolute>
 0000:00000000       __guard_longjmp_count      0000000000000000     <absolute>
 0000:00000000       __guard_fids_count         0000000000000000     <absolute>
 0000:00000000       __enclave_config           0000000000000000     <absolute>
 0000:00000000       ___safe_se_handler_table   0000000000000000     <absolute>
 0000:00000000       ___safe_se_handler_count   0000000000000000     <absolute>
 0000:00000000       __guard_fids_table         0000000000000000     <absolute>
 0000:00000100       __guard_flags              0000000000000100     <absolute>
 0000:00000000       __ImageBase                0000000180000000     <linker-defined>
 0001:00000000       __local_stdio_printf_options 0000000180001000 f i test.obj
 0001:00000010       sprintf                    0000000180001010 f i test.obj
 0001:00000070       ?NODE_SET_METHOD@node@@YAXV?$Local@VObject@v8@@@v8@@PEBDP6AXAEBV?$FunctionCallbackInfo@VValue@v8@@@3@@Z@Z 0000000180001070 f i test.obj
 0001:00000140       ?Method1@demo@@YAXAEBV?$FunctionCallbackInfo@VValue@v8@@@v8@@@Z 0000000180001140 f   test.obj
 0001:00000190       ?Method2@demo@@YAXAEBV?$FunctionCallbackInfo@VValue@v8@@@v8@@@Z 0000000180001190 f   test.obj
 0001:00000270       ?init@demo@@YAXV?$Local@VObject@v8@@@v8@@@Z 0000000180001270 f   test.obj
 0001:0000030c       __imp_load_?GetCurrent@Isolate@v8@@SAPEAV12@XZ 000000018000130c f   node:node.exe
 0001:00000318       __tailMerge_node_exe       0000000180001318     node:node.exe
 0001:00000391       __imp_load_??1HandleScope@v8@@QEAA@XZ 0000000180001391 f   node:node.exe
 0001:0000039d       __imp_load_??0HandleScope@v8@@QEAA@PEAVIsolate@1@@Z 000000018000139d f   node:node.exe
 0001:000003a9       __imp_load_?GetFunction@FunctionTemplate@v8@@QEAA?AV?$Local@VFunction@v8@@@2@XZ 00000001800013a9 f   node:node.exe
 0001:000003b5       __imp_load_?New@FunctionTemplate@v8@@SA?AV?$Local@VFunctionTemplate@v8@@@2@PEAVIsolate@2@P6AXAEBV?$FunctionCallbackInfo@VValue@v8@@@2@@ZV?$Local@VValue@v8@@@2@V?$Local@VSignature@v8@@@2@HW4ConstructorBehavior@2@@Z 00000001800013b5 f   node:node.exe
 0001:000003c1       __imp_load_?NumberValue@Value@v8@@QEBANXZ 00000001800013c1 f   node:node.exe
 0001:000003cd       __imp_load_?NewFromUtf8@String@v8@@SA?AV?$Local@VString@v8@@@2@PEAVIsolate@2@PEBDW4NewStringType@12@H@Z 00000001800013cd f   node:node.exe
 0001:000003d9       __imp_load_?Set@Object@v8@@QEAA_NV?$Local@VValue@v8@@@2@0@Z 00000001800013d9 f   node:node.exe
 0001:000003e5       __imp_load_?SetName@Function@v8@@QEAAXV?$Local@VString@v8@@@2@@Z 00000001800013e5 f   node:node.exe
 0001:000003f1       __imp_load_node_module_register 00000001800013f1 f   node:node.exe
 0001:00000410       __security_check_cookie    0000000180001410 f   LIBCMT:_amdsecgs_.obj
 0001:00000754       _DllMainCRTStartup         0000000180001754 f   LIBCMT:dll_dllmain.obj
 0001:00000794       __raise_securityfailure    0000000180001794 f   LIBCMT:gs_report.obj
 0001:000007c8       __report_gsfailure         00000001800017c8 f   LIBCMT:gs_report.obj
 0001:0000089c       __report_rangecheckfailure 000000018000189c f   LIBCMT:gs_report.obj
 0001:000008b0       __report_securityfailure   00000001800018b0 f   LIBCMT:gs_report.obj
 0001:00000a30       __security_init_cookie     0000000180001a30 f   LIBCMT:gs_support.obj
 0001:00000ae0       _get_startup_argv_mode     0000000180001ae0 f   LIBCMT:argv_mode.obj
 0001:00000ae0       DllMain                    0000000180001ae0 f   LIBCMT:dll_dllmain_stub.obj
 0001:00000ae8       ?__scrt_initialize_type_info@@YAXXZ 0000000180001ae8 f   LIBCMT:tncleanup.obj
 0001:00000af8       ?__scrt_uninitialize_type_info@@YAXXZ 0000000180001af8 f   LIBCMT:tncleanup.obj
 0001:00000b04       __local_stdio_scanf_options 0000000180001b04 f i LIBCMT:default_local_stdio_options.obj
 0001:00000b0c       __scrt_initialize_default_local_stdio_options 0000000180001b0c f   LIBCMT:default_local_stdio_options.obj
 0001:00000b28       __scrt_acquire_startup_lock 0000000180001b28 f   LIBCMT:utility.obj
 0001:00000b64       __scrt_dllmain_after_initialize_c 0000000180001b64 f   LIBCMT:utility.obj
 0001:00000b98       __scrt_dllmain_before_initialize_c 0000000180001b98 f   LIBCMT:utility.obj
 0001:00000bb0       __scrt_dllmain_crt_thread_attach 0000000180001bb0 f   LIBCMT:utility.obj
 0001:00000bd8       __scrt_dllmain_crt_thread_detach 0000000180001bd8 f   LIBCMT:utility.obj
 0001:00000bf0       __scrt_dllmain_exception_filter 0000000180001bf0 f   LIBCMT:utility.obj
 0001:00000c50       __scrt_dllmain_uninitialize_c 0000000180001c50 f   LIBCMT:utility.obj
 0001:00000c80       __scrt_dllmain_uninitialize_critical 0000000180001c80 f   LIBCMT:utility.obj
 0001:00000c94       __scrt_initialize_crt      0000000180001c94 f   LIBCMT:utility.obj
 0001:00000ce0       __scrt_initialize_onexit_tables 0000000180001ce0 f   LIBCMT:utility.obj
 0001:00000dbc       __scrt_is_nonwritable_in_current_image 0000000180001dbc f   LIBCMT:utility.obj
 0001:00000e58       __scrt_release_startup_lock 0000000180001e58 f   LIBCMT:utility.obj
 0001:00000e7c       __scrt_uninitialize_crt    0000000180001e7c f   LIBCMT:utility.obj
 0001:00000ea8       __scrt_get_dyn_tls_init_callback 0000000180001ea8 f   LIBCMT:dyn_tls_init.obj
 0001:00000eb0       __crt_debugger_hook        0000000180001eb0 f   LIBCMT:utility_desktop.obj
 0001:00000eb8       __scrt_fastfail            0000000180001eb8 f   LIBCMT:utility_desktop.obj
 0001:00001004       _RTC_Initialize            0000000180002004 f   LIBCMT:_initsect_.obj
 0001:00001040       _RTC_Terminate             0000000180002040 f   LIBCMT:_initsect_.obj
 0001:0000107c       _guard_check_icall_nop     000000018000207c f i LIBCMT:guard_support.obj
 0001:00001080       __isa_available_init       0000000180002080 f   LIBCMT:_cpu_disp_.obj
 0001:0000123c       __scrt_is_ucrt_dll_in_use  000000018000223c f   LIBCMT:ucrt_detection.obj
 0001:00001250       __C_specific_handler       0000000180002250 f   libvcruntime:_riscchandler_.obj
 0001:0000145c       __std_type_info_compare    000000018000245c f   libvcruntime:std_type_info.obj
 0001:00001484       __std_type_info_destroy_list 0000000180002484 f   libvcruntime:std_type_info.obj
 0001:000014b0       __vcrt_initialize          00000001800024b0 f   libvcruntime:initialization.obj
 0001:000014e4       __vcrt_thread_attach       00000001800024e4 f   libvcruntime:initialization.obj
 0001:000014f8       __vcrt_thread_detach       00000001800024f8 f   libvcruntime:initialization.obj
 0001:0000150c       __vcrt_uninitialize        000000018000250c f   libvcruntime:initialization.obj
 0001:0000152c       __vcrt_uninitialize_critical 000000018000252c f   libvcruntime:initialization.obj
 0001:00001550       memset                     0000000180002550 f   libvcruntime:memset.obj
 0001:00001710       _local_unwind              0000000180002710 f   libvcruntime:_jmpuwind_.obj
 0001:00001740       _NLG_Notify                0000000180002740 f   libvcruntime:_jmpuwind_.obj
 0001:00001760       __NLG_Dispatch2            0000000180002760 f   libvcruntime:_jmpuwind_.obj
 0001:00001770       __NLG_Return2              0000000180002770 f   libvcruntime:_jmpuwind_.obj
 0001:00001774       __except_validate_context_record 0000000180002774 f   libvcruntime:jbcxrval.obj
 0001:000017ac       __vcrt_freefls             00000001800027ac f   libvcruntime:per_thread_data.obj
 0001:000017cc       __vcrt_freeptd             00000001800027cc f   libvcruntime:per_thread_data.obj
 0001:0000181c       __vcrt_getptd              000000018000281c f   libvcruntime:per_thread_data.obj
 0001:00001838       __vcrt_getptd_noexit       0000000180002838 f   libvcruntime:per_thread_data.obj
 0001:000018f0       __vcrt_initialize_ptd      00000001800028f0 f   libvcruntime:per_thread_data.obj
 0001:00001940       __vcrt_uninitialize_ptd    0000000180002940 f   libvcruntime:per_thread_data.obj
 0001:00001964       __vcrt_initialize_locks    0000000180002964 f   libvcruntime:locks.obj
 0001:000019ac       __vcrt_uninitialize_locks  00000001800029ac f   libvcruntime:locks.obj
 0001:00001bbc       __vcrt_FlsAlloc            0000000180002bbc f   libvcruntime:winapi_downlevel.obj
 0001:00001c04       __vcrt_FlsFree             0000000180002c04 f   libvcruntime:winapi_downlevel.obj
 0001:00001c4c       __vcrt_FlsGetValue         0000000180002c4c f   libvcruntime:winapi_downlevel.obj
 0001:00001c94       __vcrt_FlsSetValue         0000000180002c94 f   libvcruntime:winapi_downlevel.obj
 0001:00001ce8       __vcrt_InitializeCriticalSectionEx 0000000180002ce8 f   libvcruntime:winapi_downlevel.obj
 0001:00001d4c       __vcrt_initialize_winapi_thunks 0000000180002d4c f   libvcruntime:winapi_downlevel.obj
 0001:00001d7c       __vcrt_uninitialize_winapi_thunks 0000000180002d7c f   libvcruntime:winapi_downlevel.obj
 0001:00001dbc       __vcrt_initialize_pure_virtual_call_handler 0000000180002dbc f   libvcruntime:purevirt_data.obj
 0001:00001dcc       ?_ExecutionInCatch@@YAHPEAU_xDISPATCHER_CONTEXT@@PEBU_s_FuncInfo@@@Z 0000000180002dcc f   libvcruntime:risctrnsctrl.obj
 0001:00001e40       ?_GetEstablisherFrame@@YAPEA_KPEA_KPEAU_xDISPATCHER_CONTEXT@@PEBU_s_FuncInfo@@0@Z 0000000180002e40 f   libvcruntime:risctrnsctrl.obj
 0001:00001f0c       ?_GetRangeOfTrysToCheck@@YAPEBU_s_TryBlockMapEntry@@PEA_KPEBU_s_FuncInfo@@HHPEAI2PEAU_xDISPATCHER_CONTEXT@@@Z 0000000180002f0c f   libvcruntime:risctrnsctrl.obj
 0001:00002038       ?__FrameUnwindToEmptyState@@YAXPEA_KPEAU_xDISPATCHER_CONTEXT@@PEBU_s_FuncInfo@@@Z 0000000180003038 f   libvcruntime:risctrnsctrl.obj
 0001:000020cc       _CallSETranslator          00000001800030cc f   libvcruntime:risctrnsctrl.obj
 0001:00002120       _CreateFrameInfo           0000000180003120 f   libvcruntime:risctrnsctrl.obj
 0001:0000215c       _FindAndUnlinkFrame        000000018000315c f   libvcruntime:risctrnsctrl.obj
 0001:000021b0       _GetImageBase              00000001800031b0 f   libvcruntime:risctrnsctrl.obj
 0001:000021c4       _GetThrowImageBase         00000001800031c4 f   libvcruntime:risctrnsctrl.obj
 0001:000021d8       _SetImageBase              00000001800031d8 f   libvcruntime:risctrnsctrl.obj
 0001:000021f0       _SetThrowImageBase         00000001800031f0 f   libvcruntime:risctrnsctrl.obj
 0001:00002208       _UnwindNestedFrames        0000000180003208 f   libvcruntime:risctrnsctrl.obj
 0001:0000232c       __CxxFrameHandler3         000000018000332c f   libvcruntime:risctrnsctrl.obj
 0001:000023c0       memcpy                     00000001800033c0 f   libvcruntime:memcpy.obj
 0001:000023c0       memmove                    00000001800033c0 f   libvcruntime:memcpy.obj
 0001:00002808       ?__GetCurrentState@@YAHPEA_KPEAU_xDISPATCHER_CONTEXT@@PEBU_s_FuncInfo@@@Z 0000000180003808 f   libvcruntime:riscehstate.obj
 0001:00002830       ?__GetUnwindTryBlock@@YAHPEA_KPEAU_xDISPATCHER_CONTEXT@@PEBU_s_FuncInfo@@@Z 0000000180003830 f   libvcruntime:riscehstate.obj
 0001:0000285c       ?__SetState@@YAXPEA_KPEAU_xDISPATCHER_CONTEXT@@PEBU_s_FuncInfo@@H@Z 000000018000385c f   libvcruntime:riscehstate.obj
 0001:00002868       ?__SetUnwindTryBlock@@YAXPEA_KPEAU_xDISPATCHER_CONTEXT@@PEBU_s_FuncInfo@@H@Z 0000000180003868 f   libvcruntime:riscehstate.obj
 0001:000028a4       ?__StateFromControlPc@@YAHPEBU_s_FuncInfo@@PEAU_xDISPATCHER_CONTEXT@@@Z 00000001800038a4 f   libvcruntime:riscehstate.obj
 0001:000028ac       ?__StateFromIp@@YAHPEBU_s_FuncInfo@@PEAU_xDISPATCHER_CONTEXT@@_K@Z 00000001800038ac f   libvcruntime:riscehstate.obj
 0001:00002914       ??0bad_exception@std@@QEAA@AEBV01@@Z 0000000180003914 f i libvcruntime:frame.obj
 0001:00002954       ??0bad_exception@std@@QEAA@XZ 0000000180003954 f i libvcruntime:frame.obj
 0001:00002974       ??0exception@std@@QEAA@AEBV01@@Z 0000000180003974 f i libvcruntime:frame.obj
 0001:000029ac       ??1bad_exception@std@@UEAA@XZ 00000001800039ac f i libvcruntime:frame.obj
 0001:000029c0       ??_Gexception@std@@UEAAPEAXI@Z 00000001800039c0 f i libvcruntime:frame.obj
 0001:000029c0       ??_Eexception@std@@UEAAPEAXI@Z 00000001800039c0 f i libvcruntime:frame.obj
 0001:000029c0       ??_Ebad_exception@std@@UEAAPEAXI@Z 00000001800039c0 f i libvcruntime:frame.obj
 0001:000029c0       ??_Gbad_exception@std@@UEAAPEAXI@Z 00000001800039c0 f i libvcruntime:frame.obj
 0001:0000332c       ?_CallMemberFunction1@@YAXQEAX00@Z 000000018000432c f i libvcruntime:frame.obj
 0001:00003338       ?_CallMemberFunction2@@YAXQEAX00H@Z 0000000180004338 f i libvcruntime:frame.obj
 0001:00003348       ?what@exception@std@@UEBAPEBDXZ 0000000180004348 f i libvcruntime:frame.obj
 0001:0000335c       __BuildCatchObject         000000018000435c f   libvcruntime:frame.obj
 0001:0000341c       __BuildCatchObjectHelper   000000018000441c f   libvcruntime:frame.obj
 0001:0000361c       __CxxCallCatchBlock        000000018000461c f   libvcruntime:frame.obj
 0001:00003808       __FrameUnwindToState       0000000180004808 f   libvcruntime:frame.obj
 0001:0000399c       __InternalCxxFrameHandler  000000018000499c f   libvcruntime:frame.obj
 0001:00003be0       __TypeMatch                0000000180004be0 f   libvcruntime:frame.obj
 0001:00003d40       _CallSettingFrame          0000000180004d40 f   libvcruntime:handlers.obj
 0001:00003d80       __DestructExceptionObject  0000000180004d80 f   libvcruntime:ehhelpers.obj
 0001:00003df4       ?_CallMemberFunction0@@YAXQEAX0@Z 0000000180004df4 f i libvcruntime:ehhelpers.obj
 0001:00003df8       _IsExceptionObjectToBeDestroyed 0000000180004df8 f   libvcruntime:ehhelpers.obj
 0001:00003e28       __AdjustPointer            0000000180004e28 f   libvcruntime:ehhelpers.obj
 0001:00003e4c       __FrameUnwindFilter        0000000180004e4c f   libvcruntime:ehhelpers.obj
 0001:00003e98       __std_exception_copy       0000000180004e98 f   libvcruntime:std_exception.obj
 0001:00003f28       __std_exception_destroy    0000000180004f28 f   libvcruntime:std_exception.obj
 0001:00003f50       _CxxThrowException         0000000180004f50 f   libvcruntime:throw.obj
 0001:000041dc       ??$ensure_buffer_is_big_enough@D@formatting_buffer@__crt_stdio_output@@QEAA_N_K@Z 00000001800051dc f i libucrt:output.obj
 0001:00004284       ??$type_case_integer_parse_into_buffer@I@?$output_processor@DV?$string_output_adapter@D@__crt_stdio_output@@V?$standard_base@DV?$string_output_adapter@D@__crt_stdio_output@@@2@@__crt_stdio_output@@AEAAXII_N@Z 0000000180005284 f i libucrt:output.obj
 0001:00004314       ??$type_case_integer_parse_into_buffer@_K@?$output_processor@DV?$string_output_adapter@D@__crt_stdio_output@@V?$standard_base@DV?$string_output_adapter@D@__crt_stdio_output@@@2@@__crt_stdio_output@@AEAAX_KI_N@Z 0000000180005314 f i libucrt:output.obj
 0001:000043a8       ??$write_multiple_characters@V?$string_output_adapter@D@__crt_stdio_output@@D@__crt_stdio_output@@YAXAEBV?$string_output_adapter@D@0@DHQEAH@Z 00000001800053a8 f i libucrt:output.obj
 0001:00004420       ??0_LocaleUpdate@@QEAA@QEAU__crt_locale_pointers@@@Z 0000000180005420 f i libucrt:output.obj
 0001:000044bc       ??1_LocaleUpdate@@QEAA@XZ  00000001800054bc f i libucrt:output.obj
 0001:000044d0       ?crop_zeroes@__crt_stdio_output@@YAXPEADQEAU__crt_locale_pointers@@@Z 00000001800054d0 f i libucrt:output.obj
 0001:0000453c       ?force_decimal_point@__crt_stdio_output@@YAXPEADQEAU__crt_locale_pointers@@@Z 000000018000553c f i libucrt:output.obj
 0001:000045ac       ?parse_int_from_format_string@?$output_processor@DV?$string_output_adapter@D@__crt_stdio_output@@V?$standard_base@DV?$string_output_adapter@D@__crt_stdio_output@@@2@@__crt_stdio_output@@AEAA_NQEAH@Z 00000001800055ac f i libucrt:output.obj
 0001:00004650       ?process@?$output_processor@DV?$string_output_adapter@D@__crt_stdio_output@@V?$standard_base@DV?$string_output_adapter@D@__crt_stdio_output@@@2@@__crt_stdio_output@@QEAAHXZ 0000000180005650 f i libucrt:output.obj
 0001:00004854       ?state_case_normal@?$output_processor@DV?$string_output_adapter@D@__crt_stdio_output@@V?$standard_base@DV?$string_output_adapter@D@__crt_stdio_output@@@2@@__crt_stdio_output@@AEAA_NXZ 0000000180005854 f i libucrt:output.obj
 0001:000048c8       ?state_case_normal_tchar@?$output_processor@DV?$string_output_adapter@D@__crt_stdio_output@@V?$standard_base@DV?$string_output_adapter@D@__crt_stdio_output@@@2@@__crt_stdio_output@@AEAA_ND@Z 00000001800058c8 f i libucrt:output.obj
 0001:00004960       ?state_case_size@?$output_processor@DV?$string_output_adapter@D@__crt_stdio_output@@V?$standard_base@DV?$string_output_adapter@D@__crt_stdio_output@@@2@@__crt_stdio_output@@AEAA_NXZ 0000000180005960 f i libucrt:output.obj
 0001:00004ad4       ?state_case_type@?$output_processor@DV?$string_output_adapter@D@__crt_stdio_output@@V?$standard_base@DV?$string_output_adapter@D@__crt_stdio_output@@@2@@__crt_stdio_output@@AEAA_NXZ 0000000180005ad4 f i libucrt:output.obj
 0001:00004d40       ?type_case_Z@?$output_processor@DV?$string_output_adapter@D@__crt_stdio_output@@V?$standard_base@DV?$string_output_adapter@D@__crt_stdio_output@@@2@@__crt_stdio_output@@AEAA_NXZ 0000000180005d40 f i libucrt:output.obj
 0001:00004db8       ?type_case_a@?$output_processor@DV?$string_output_adapter@D@__crt_stdio_output@@V?$standard_base@DV?$string_output_adapter@D@__crt_stdio_output@@@2@@__crt_stdio_output@@AEAA_NXZ 0000000180005db8 f i libucrt:output.obj
 0001:00004f74       ?type_case_c_tchar@?$output_processor@DV?$string_output_adapter@D@__crt_stdio_output@@V?$standard_base@DV?$string_output_adapter@D@__crt_stdio_output@@@2@@__crt_stdio_output@@AEAA_ND@Z 0000000180005f74 f i libucrt:output.obj
 0001:00005038       ?type_case_integer@?$output_processor@DV?$string_output_adapter@D@__crt_stdio_output@@V?$standard_base@DV?$string_output_adapter@D@__crt_stdio_output@@@2@@__crt_stdio_output@@AEAA_NI_N@Z 0000000180006038 f i libucrt:output.obj
 0001:00005200       ?type_case_n@?$output_processor@DV?$string_output_adapter@D@__crt_stdio_output@@V?$standard_base@DV?$string_output_adapter@D@__crt_stdio_output@@@2@@__crt_stdio_output@@AEAA_NXZ 0000000180006200 f i libucrt:output.obj
 0001:000052dc       ?type_case_s@?$output_processor@DV?$string_output_adapter@D@__crt_stdio_output@@V?$standard_base@DV?$string_output_adapter@D@__crt_stdio_output@@@2@@__crt_stdio_output@@AEAA_NXZ 00000001800062dc f i libucrt:output.obj
 0001:00005374       ?write_stored_string_tchar@?$output_processor@DV?$string_output_adapter@D@__crt_stdio_output@@V?$standard_base@DV?$string_output_adapter@D@__crt_stdio_output@@@2@@__crt_stdio_output@@AEAA_ND@Z 0000000180006374 f i libucrt:output.obj
 0001:0000544c       ?write_string@?$string_output_adapter@D@__crt_stdio_output@@QEBAXQEBDHQEAHAEAV__crt_deferred_errno_cache@@@Z 000000018000644c f i libucrt:output.obj
 0001:000054f0       __stdio_common_vsprintf    00000001800064f0 f   libucrt:output.obj
 0001:000054f8       __ascii_stricmp            00000001800064f8 f   libucrt:stricmp.obj
 0001:00005538       _stricmp                   0000000180006538 f   libucrt:stricmp.obj
 0001:00005580       _stricmp_l                 0000000180006580 f   libucrt:stricmp.obj
 0001:00005634       _initterm                  0000000180006634 f   libucrt:initterm.obj
 0001:00005698       _initterm_e                0000000180006698 f   libucrt:initterm.obj
 0001:000056d8       _seh_filter_dll            00000001800066d8 f   libucrt:exception_filter.obj
 0001:000056ec       _seh_filter_exe            00000001800066ec f   libucrt:exception_filter.obj
 0001:00005ae4       __acrt_initialize_thread_local_exit_callback 0000000180006ae4 f   libucrt:exit.obj
 0001:00005aec       _cexit                     0000000180006aec f   libucrt:exit.obj
 0001:00005afc       _exit                      0000000180006afc f   libucrt:exit.obj
 0001:00005b08       _is_c_termination_complete 0000000180006b08 f   libucrt:exit.obj
 0001:00005cd4       __acrt_allocate_buffer_for_argv 0000000180006cd4 f   libucrt:argv_parsing.obj
 0001:00005d34       _configure_narrow_argv     0000000180006d34 f   libucrt:argv_parsing.obj
 0001:000060ac       __dcrt_uninitialize_environments_nolock 00000001800070ac f   libucrt:environment_initialization.obj
 0001:000060e4       _initialize_narrow_environment 00000001800070e4 f   libucrt:environment_initialization.obj
 0001:00006274       _execute_onexit_table      0000000180007274 f   libucrt:onexit.obj
 0001:000062b0       _initialize_onexit_table   00000001800072b0 f   libucrt:onexit.obj
 0001:00006328       __acrt_uninitialize_command_line 0000000180007328 f   libucrt:argv_data.obj
 0001:00006434       __acrt_initialize          0000000180007434 f   libucrt:initialization.obj
 0001:00006448       __acrt_thread_attach       0000000180007448 f   libucrt:initialization.obj
 0001:0000645c       __acrt_thread_detach       000000018000745c f   libucrt:initialization.obj
 0001:0000646c       __acrt_uninitialize        000000018000746c f   libucrt:initialization.obj
 0001:000064a4       __acrt_uninitialize_critical 00000001800074a4 f   libucrt:initialization.obj
 0001:000064b4       terminate                  00000001800074b4 f   libucrt:terminate.obj
 0001:000064d4       free                       00000001800074d4 f   libucrt:free.obj
 0001:000064e8       malloc                     00000001800074e8 f   libucrt:malloc.obj
 0001:000064f0       strcpy_s                   00000001800074f0 f   libucrt:strcpy_s.obj
 0001:00006560       ??$parse_integer@KV?$c_string_character_source@D@__crt_strtox@@@__crt_strtox@@YAKQEAU__crt_locale_pointers@@V?$c_string_character_source@D@0@H_N@Z 0000000180007560 f i libucrt:atox.obj
 0001:000068b0       strncmp                    00000001800078b0 f   libucrt:strncmp.obj
 0001:00006930       abort                      0000000180007930 f   libucrt:abort.obj
 0001:00006988       calloc                     0000000180007988 f   libucrt:calloc.obj
 0001:00006990       wcsncmp                    0000000180007990 f   libucrt:wcsncmp.obj
 0001:000069bc       __acrt_call_reportfault    00000001800079bc f   libucrt:invalid_parameter.obj
 0001:00006b18       __acrt_initialize_invalid_parameter_handler 0000000180007b18 f   libucrt:invalid_parameter.obj
 0001:00006b20       _invalid_parameter         0000000180007b20 f   libucrt:invalid_parameter.obj
 0001:00006bd0       _invalid_parameter_noinfo  0000000180007bd0 f   libucrt:invalid_parameter.obj
 0001:00006bf0       _invoke_watson             0000000180007bf0 f   libucrt:invalid_parameter.obj
 0001:00006c38       isdigit                    0000000180007c38 f i libucrt:_ctype.obj
 0001:00006d00       _tolower_l                 0000000180007d00 f   libucrt:tolower_toupper.obj
 0001:00006e40       tolower                    0000000180007e40 f   libucrt:tolower_toupper.obj
 0001:00006e6c       __acrt_errno_from_os_error 0000000180007e6c f   libucrt:errno.obj
 0001:00006eb4       __acrt_errno_map_os_error  0000000180007eb4 f   libucrt:errno.obj
 0001:00006f04       __doserrno                 0000000180007f04 f   libucrt:errno.obj
 0001:00006f24       _errno                     0000000180007f24 f   libucrt:errno.obj
 0001:00006f44       _free_base                 0000000180007f44 f   libucrt:free_base.obj
 0001:00006f84       _malloc_base               0000000180007f84 f   libucrt:malloc_base.obj
 0001:00006fe4       strtol                     0000000180007fe4 f   libucrt:strtox.obj
 0001:00007010       _mbtowc_l                  0000000180008010 f   libucrt:mbtowc.obj
 0001:0000718c       mbtowc                     000000018000818c f   libucrt:mbtowc.obj
 0001:00007194       _wctomb_s_l                0000000180008194 f   libucrt:wctomb.obj
 0001:00007318       wctomb_s                   0000000180008318 f   libucrt:wctomb.obj
 0001:0000732c       strnlen                    000000018000832c f   libucrt:strnlen.obj
 0001:0000747c       wcsnlen                    000000018000847c f   libucrt:strnlen.obj
 0001:000079cc       __acrt_freeptd             00000001800089cc f   libucrt:per_thread_data.obj
 0001:00007a10       __acrt_getptd              0000000180008a10 f   libucrt:per_thread_data.obj
 0001:00007ad4       __acrt_getptd_head         0000000180008ad4 f   libucrt:per_thread_data.obj
 0001:00007b7c       __acrt_getptd_noexit       0000000180008b7c f   libucrt:per_thread_data.obj
 0001:00007c34       __acrt_initialize_ptd      0000000180008c34 f   libucrt:per_thread_data.obj
 0001:00007c70       __acrt_uninitialize_ptd    0000000180008c70 f   libucrt:per_thread_data.obj
 0001:00007c94       __acrt_update_locale_info  0000000180008c94 f   libucrt:locale_update.obj
 0001:00007cc8       __acrt_update_multibyte_info 0000000180008cc8 f   libucrt:locale_update.obj
 0001:000086cc       __acrt_fp_format           00000001800096cc f   libucrt:cvt.obj
 0001:00008954       _fileno                    0000000180009954 f   libucrt:fileno.obj
 0001:0000897c       __acrt_initialize_stdio    000000018000997c f   libucrt:_file.obj
 0001:00008a9c       __acrt_uninitialize_stdio  0000000180009a9c f   libucrt:_file.obj
 0001:00008af8       _lock_file                 0000000180009af8 f   libucrt:_file.obj
 0001:00008b04       _unlock_file               0000000180009b04 f   libucrt:_file.obj
 0001:00008b10       _get_printf_count_output   0000000180009b10 f   libucrt:printf_count_output.obj
 0001:00008b98       __acrt_set_locale_changed  0000000180009b98 f   libucrt:wsetlocale.obj
 0001:00008ba4       __acrt_uninitialize_locale 0000000180009ba4 f   libucrt:wsetlocale.obj
 0001:00008dbc       __acrt_initialize_lowio    0000000180009dbc f   libucrt:ioinit.obj
 0001:00008df8       __acrt_uninitialize_lowio  0000000180009df8 f   libucrt:ioinit.obj
 0001:00008e38       __acrt_initialize_locks    0000000180009e38 f   libucrt:locks.obj
 0001:00008e80       __acrt_lock                0000000180009e80 f   libucrt:locks.obj
 0001:00008e9c       __acrt_uninitialize_locks  0000000180009e9c f   libucrt:locks.obj
 0001:00008ed4       __acrt_unlock              0000000180009ed4 f   libucrt:locks.obj
 0001:00008ef0       __acrt_get_process_end_policy 0000000180009ef0 f   libucrt:win_policies.obj
 0001:00008f2c       _calloc_base               0000000180009f2c f   libucrt:calloc_base.obj
 0001:0000950c       __acrt_expand_narrow_argv_wildcards 000000018000a50c f   libucrt:argv_wildcards.obj
 0001:00009514       __acrt_GetModuleFileNameA  000000018000a514 f   libucrt:getmodulefilenamea.obj
 0001:00009cbc       __acrt_initialize_multibyte 000000018000acbc f   libucrt:mbctype.obj
 0001:00009d1c       __acrt_update_thread_multibyte_data 000000018000ad1c f   libucrt:mbctype.obj
 0001:00009d38       _setmbcp_nolock            000000018000ad38 f   libucrt:mbctype.obj
 0001:0000a068       _ismbblead                 000000018000b068 f   libucrt:ismbbyte.obj
 0001:0000a07c       __acrt_initialize_command_line 000000018000b07c f   libucrt:argv_data.obj
 0001:0000a0a4       __acrt_MultiByteToWideChar 000000018000b0a4 f   libucrt:multibytetowidechar.obj
 0001:0000a100       __acrt_WideCharToMultiByte 000000018000b100 f   libucrt:widechartomultibyte.obj
 0001:0000a198       __dcrt_get_narrow_environment_from_os 000000018000b198 f   libucrt:get_environment_from_os.obj
 0001:0000a29c       _recalloc                  000000018000b29c f   libucrt:recalloc.obj
 0001:0000a2a4       _recalloc_base             000000018000b2a4 f   libucrt:recalloc.obj
 0001:0000a514       __acrt_AppPolicyGetProcessTerminationMethodInternal 000000018000b514 f   libucrt:winapi_thunks.obj
 0001:0000a564       __acrt_FlsAlloc            000000018000b564 f   libucrt:winapi_thunks.obj
 0001:0000a5ac       __acrt_FlsFree             000000018000b5ac f   libucrt:winapi_thunks.obj
 0001:0000a5f4       __acrt_FlsGetValue         000000018000b5f4 f   libucrt:winapi_thunks.obj
 0001:0000a63c       __acrt_FlsSetValue         000000018000b63c f   libucrt:winapi_thunks.obj
 0001:0000a690       __acrt_InitializeCriticalSectionEx 000000018000b690 f   libucrt:winapi_thunks.obj
 0001:0000a6f4       __acrt_LCMapStringEx       000000018000b6f4 f   libucrt:winapi_thunks.obj
 0001:0000a7d0       __acrt_LocaleNameToLCID    000000018000b7d0 f   libucrt:winapi_thunks.obj
 0001:0000a820       __acrt_initialize_winapi_thunks 000000018000b820 f   libucrt:winapi_thunks.obj
 0001:0000a868       __acrt_uninitialize_winapi_thunks 000000018000b868 f   libucrt:winapi_thunks.obj
 0001:0000a8ac       __acrt_initialize_heap     000000018000b8ac f   libucrt:heap_handle.obj
 0001:0000a8c8       __acrt_uninitialize_heap   000000018000b8c8 f   libucrt:heap_handle.obj
 0001:0000a8d4       __acrt_execute_initializers 000000018000b8d4 f   libucrt:shared_initialization.obj
 0001:0000a954       __acrt_execute_uninitializers 000000018000b954 f   libucrt:shared_initialization.obj
 0001:0000a990       __acrt_initialize_new_handler 000000018000b990 f   libucrt:new_handler.obj
 0001:0000a998       _callnewh                  000000018000b998 f   libucrt:new_handler.obj
 0001:0000a9c8       _query_new_handler         000000018000b9c8 f   libucrt:new_handler.obj
 0001:0000aa44       __acrt_get_sigabrt_handler 000000018000ba44 f   libucrt:signal.obj
 0001:0000aa74       __acrt_initialize_signal_handlers 000000018000ba74 f   libucrt:signal.obj
 0001:0000aa94       raise                      000000018000ba94 f   libucrt:signal.obj
 0001:0000ad14       __acrt_has_user_matherr    000000018000bd14 f   libucrt:matherr.obj
 0001:0000ad34       __acrt_initialize_user_matherr 000000018000bd34 f   libucrt:matherr.obj
 0001:0000ad3c       __acrt_invoke_user_matherr 000000018000bd3c f   libucrt:matherr.obj
 0001:0000af48       __acrt_stdio_flush_nolock  000000018000bf48 f   libucrt:fflush.obj
 0001:0000afc4       _fflush_nolock             000000018000bfc4 f   libucrt:fflush.obj
 0001:0000b010       _flushall                  000000018000c010 f   libucrt:fflush.obj
 0001:0000b018       __pctype_func              000000018000c018 f   libucrt:ctype.obj
 0001:0000b048       _isctype_l                 000000018000c048 f   libucrt:isctype.obj
 0001:0000b15c       _isleadbyte_l              000000018000c15c f i libucrt:_wctype.obj
 0001:0000b4b4       __acrt_LCMapStringA        000000018000c4b4 f   libucrt:lcmapstringa.obj
 0001:0000b54c       _query_new_mode            000000018000c54c f   libucrt:new_mode.obj
 0001:0000b554       ?__mbrtowc_utf8@__crt_mbstring@@YA_KPEA_WPEBD_KPEAU_Mbstatet@@@Z 000000018000c554 f   libucrt:mbrtowc.obj
 0001:0000b590       ?__mbsrtowcs_utf8@__crt_mbstring@@YA_KPEA_WPEAPEBD_KPEAU_Mbstatet@@@Z 000000018000c590 f   libucrt:mbrtowc.obj
 0001:0000b708       __acrt_add_locale_ref      000000018000c708 f   libucrt:locale_refcounting.obj
 0001:0000b794       __acrt_free_locale         000000018000c794 f   libucrt:locale_refcounting.obj
 0001:0000b90c       __acrt_locale_add_lc_time_reference 000000018000c90c f   libucrt:locale_refcounting.obj
 0001:0000b934       __acrt_locale_free_lc_time_if_unreferenced 000000018000c934 f   libucrt:locale_refcounting.obj
 0001:0000b96c       __acrt_locale_release_lc_time_reference 000000018000c96c f   libucrt:locale_refcounting.obj
 0001:0000b994       __acrt_release_locale_ref  000000018000c994 f   libucrt:locale_refcounting.obj
 0001:0000ba3c       __acrt_update_thread_locale_data 000000018000ca3c f   libucrt:locale_refcounting.obj
 0001:0000baac       _updatetlocinfoEx_nolock   000000018000caac f   libucrt:locale_refcounting.obj
 0001:0000bb14       __acrt_fp_strflt_to_string 000000018000cb14 f   libucrt:_fptostr.obj
 0001:0000bc00       ?divide@__crt_strtox@@YA_KAEAUbig_integer@1@AEBU21@@Z 000000018000cc00 f i libucrt:cfout.obj
 0001:0000c090       __acrt_fltout              000000018000d090 f   libucrt:cfout.obj
 0001:0000d3f0       _fcloseall                 000000018000e3f0 f   libucrt:closeall.obj
 0001:0000d4a4       __acrt_stdio_free_buffer_nolock 000000018000e4a4 f   libucrt:_freebuf.obj
 0001:0000d4e4       _isatty                    000000018000e4e4 f   libucrt:isatty.obj
 0001:0000d544       __acrt_locale_free_monetary 000000018000e544 f   libucrt:initmon.obj
 0001:0000d650       __acrt_locale_free_numeric 000000018000e650 f   libucrt:initnum.obj
 0001:0000d710       __acrt_locale_free_time    000000018000e710 f   libucrt:inittime.obj
 0001:0000d818       __acrt_GetStringTypeA      000000018000e818 f   libucrt:getstringtypea.obj
 0001:0000d9a8       __acrt_lowio_create_handle_array 000000018000e9a8 f   libucrt:osfinfo.obj
 0001:0000da40       __acrt_lowio_destroy_handle_array 000000018000ea40 f   libucrt:osfinfo.obj
 0001:0000da90       __acrt_lowio_ensure_fh_exists 000000018000ea90 f   libucrt:osfinfo.obj
 0001:0000db38       __acrt_lowio_lock_fh       000000018000eb38 f   libucrt:osfinfo.obj
 0001:0000db5c       __acrt_lowio_unlock_fh     000000018000eb5c f   libucrt:osfinfo.obj
 0001:0000db80       _free_osfhnd               000000018000eb80 f   libucrt:osfinfo.obj
 0001:0000dc3c       _get_osfhandle             000000018000ec3c f   libucrt:osfinfo.obj
 0001:0000dcc0       qsort                      000000018000ecc0 f   libucrt:qsort.obj
 0001:0000e070       strncpy_s                  000000018000f070 f   libucrt:strncpy_s.obj
 0001:0000e200       strpbrk                    000000018000f200 f   libucrt:strpbrk.obj
 0001:0000e5e0       ??$__acrt_convert_wcs_mbs@D_W$$A6A_KPEA_WPEBD_KPEAU__crt_locale_pointers@@@ZU__crt_win32_buffer_internal_dynamic_resizing@@@@YAHQEBDAEAV?$__crt_win32_buffer@_WU__crt_win32_buffer_internal_dynamic_resizing@@@@A6A_KPEA_WPEBD_KPEAU__crt_locale_pointers@@@Z5@Z 000000018000f5e0 f i libucrt:findfirstfileexa.obj
 0001:0000e6e8       __acrt_FindFirstFileExA    000000018000f6e8 f   libucrt:findfirstfileexa.obj
 0001:0000e78c       ??$__acrt_convert_wcs_mbs@_WD$$A6A_KPEADPEB_W_KPEAU__crt_locale_pointers@@@ZU__crt_win32_buffer_no_resizing@@@@YAHQEB_WAEAV?$__crt_win32_buffer@DU__crt_win32_buffer_no_resizing@@@@A6A_KPEADPEB_W_KPEAU__crt_locale_pointers@@@Z5@Z 000000018000f78c f i libucrt:findnextfilea.obj
 0001:0000e858       __acrt_FindNextFileA       000000018000f858 f   libucrt:findnextfilea.obj
 0001:0000e98c       _mbsdec                    000000018000f98c f   libucrt:mbsdec.obj
 0001:0000e994       _mbsdec_l                  000000018000f994 f   libucrt:mbsdec.obj
 0001:0000ec2c       _mbstowcs_l                000000018000fc2c f   libucrt:mbstowcs.obj
 0001:0000ec34       mbstowcs                   000000018000fc34 f   libucrt:mbstowcs.obj
 0001:0000ec68       _msize                     000000018000fc68 f   libucrt:msize.obj
 0001:0000ec70       _msize_base                000000018000fc70 f   libucrt:msize.obj
 0001:0000ecac       _realloc_base              000000018000fcac f   libucrt:realloc_base.obj
 0001:0000ee10       __acrt_DownlevelLocaleNameToLCID 000000018000fe10 f   libucrt:lcidtoname_downlevel.obj
 0001:0000eed0       _commit                    000000018000fed0 f   libucrt:commit.obj
 0001:0000f50c       _write                     000000018001050c f   libucrt:write.obj
 0001:0000f5f8       _write_nolock              00000001800105f8 f   libucrt:write.obj
 0001:0000f8d8       __strncnt                  00000001800108d8 f   libucrt:strncnt.obj
 0001:0000f8f0       ?__mbrtoc32_utf8@__crt_mbstring@@YA_KPEA_UPEBD_KPEAU_Mbstatet@@@Z 00000001800108f0 f   libucrt:mbrtoc32.obj
 0001:0000facc       fegetenv                   0000000180010acc f   libucrt:fegetenv.obj
 0001:0000faec       fesetenv                   0000000180010aec f   libucrt:fesetenv.obj
 0001:0000fb3c       feholdexcept               0000000180010b3c f   libucrt:feholdexcept.obj
 0001:0000fb8c       ceil                       0000000180010b8c f   libucrt:ceil.obj
 0001:0000fc50       log10                      0000000180010c50 f   libucrt:log10.obj
 0001:00010298       _lseeki64_nolock           0000000180011298 f   libucrt:lseek.obj
 0001:000102a0       _fclose_nolock             00000001800112a0 f   libucrt:fclose.obj
 0001:00010324       fclose                     0000000180011324 f   libucrt:fclose.obj
 0001:00010388       _query_app_type            0000000180011388 f   libucrt:report_runtime_error.obj
 0001:000106f8       _wcstombs_l                00000001800116f8 f   libucrt:wcstombs.obj
 0001:00010700       _putwch_nolock             0000000180011700 f   libucrt:putwch.obj
 0001:0001073c       __acrt_fenv_get_control    000000018001173c f   libucrt:_fenvutils.obj
 0001:0001083c       __acrt_fenv_get_status     000000018001183c f   libucrt:_fenvutils.obj
 0001:00010894       __acrt_fenv_set_control    0000000180011894 f   libucrt:_fenvutils.obj
 0001:000109dc       __acrt_fenv_set_status     00000001800119dc f   libucrt:_fenvutils.obj
 0001:00010a60       _clearfp                   0000000180011a60 f   libucrt:ieee.obj
 0001:00010bf4       _handle_error              0000000180011bf4 f   libucrt:libm_error.obj
 0001:00010d1c       _handle_nan                0000000180011d1c f   libucrt:libm_error.obj
 0001:00010d40       __acrt_initialize_fma3     0000000180011d40 f   libucrt:fma3_available.obj
 0001:00010db0       _log10_special             0000000180011db0 f   libucrt:log_special.obj
 0001:00010edc       _close                     0000000180011edc f   libucrt:close.obj
 0001:00010f80       _close_nolock              0000000180011f80 f   libucrt:close.obj
 0001:0001103c       ?__acrt_stdio_free_stream@@YAXV__crt_stdio_stream@@@Z 000000018001203c f   libucrt:stream.obj
 0001:00011058       ?__wcsrtombs_utf8@__crt_mbstring@@YA_KPEADPEAPEB_W_KPEAU_Mbstatet@@@Z 0000000180012058 f   libucrt:wcrtomb.obj
 0001:00011174       __dcrt_lowio_ensure_console_output_initialized 0000000180012174 f   libucrt:initcon.obj
 0001:000111c8       __dcrt_terminate_console_output 00000001800121c8 f   libucrt:initcon.obj
 0001:000111e4       __dcrt_write_console       00000001800121e4 f   libucrt:initcon.obj
 0001:000112c0       _get_fpsr                  00000001800122c0 f   libucrt:fpsr.obj
 0001:000112d0       _set_fpsr                  00000001800122d0 f   libucrt:fpsr.obj
 0001:000112da       _fclrf                     00000001800122da f   libucrt:fpsr.obj
 0001:000112ee       _frnd                      00000001800122ee f   libucrt:fpsr.obj
 0001:00011310       _raise_exc                 0000000180012310 f   libucrt:fpexcept.obj
 0001:00011338       _raise_exc_ex              0000000180012338 f   libucrt:fpexcept.obj
 0001:00011648       _set_errno_from_matherr    0000000180012648 f   libucrt:fpexcept.obj
 0001:00011678       _clrfp                     0000000180012678 f   libucrt:fpctrl.obj
 0001:00011698       _ctrlfp                    0000000180012698 f   libucrt:fpctrl.obj
 0001:00011714       _set_statfp                0000000180012714 f   libucrt:fpctrl.obj
 0001:00011734       _statfp                    0000000180012734 f   libucrt:fpctrl.obj
 0001:00011748       ?__c16rtomb_utf8@__crt_mbstring@@YA_KPEAD_SPEAU_Mbstatet@@@Z 0000000180012748 f   libucrt:c16rtomb.obj
 0001:000117f0       ?__c32rtomb_utf8@__crt_mbstring@@YA_KPEAD_UPEAU_Mbstatet@@@Z 00000001800127f0 f   libucrt:c32rtomb.obj
 0001:000118a8       c32rtomb                   00000001800128a8 f   libucrt:c32rtomb.obj
 0001:000118ad       IsProcessorFeaturePresent  00000001800128ad f   kernel32:KERNEL32.dll
 0001:000118b3       RtlUnwindEx                00000001800128b3 f   kernel32:KERNEL32.dll
 0001:000118bc       ?DloadAcquireSectionWriteAccess@@YAXXZ 00000001800128bc f i DelayImp:delayhlp.obj
 0001:00011968       ?DloadGetSRWLockFunctionPointers@@YAEXZ 0000000180012968 f i DelayImp:delayhlp.obj
 0001:00011a04       ?DloadMakePermanentImageCommit@@YAXPEAX_K@Z 0000000180012a04 f i DelayImp:delayhlp.obj
 0001:00011a9c       ?DloadObtainSection@@YAPEAXPEAK0@Z 0000000180012a9c f i DelayImp:delayhlp.obj
 0001:00011b38       ?DloadProtectSection@@YAXKPEAK@Z 0000000180012b38 f i DelayImp:delayhlp.obj
 0001:00011bc8       ?DloadReleaseSectionWriteAccess@@YAXXZ 0000000180012bc8 f i DelayImp:delayhlp.obj
 0001:00011c5c       __delayLoadHelper2         0000000180012c5c f   DelayImp:delayhlp.obj
 0001:00011f20       _FindPESection             0000000180012f20 f   LIBCMT:pesect.obj
 0001:00011f70       _IsNonwritableInCurrentImage 0000000180012f70 f   LIBCMT:pesect.obj
 0001:00011fc0       _ValidateImageBase         0000000180012fc0 f   LIBCMT:pesect.obj
 0001:00011ff0       __GSHandlerCheck           0000000180012ff0 f   LIBCMT:_gshandler_.obj
 0001:00012010       __GSHandlerCheckCommon     0000000180013010 f   LIBCMT:_gshandler_.obj
 0001:0001206c       ??_Gtype_info@@UEAAPEAXI@Z 000000018001306c f i LIBCMT:std_type_info_static.obj
 0001:0001206c       ??_Etype_info@@UEAAPEAXI@Z 000000018001306c f i LIBCMT:std_type_info_static.obj
 0001:00012098       ??3@YAXPEAX_K@Z            0000000180013098 f   LIBCMT:delete_scalar_size.obj
 0001:000120b0       __chkstk                   00000001800130b0 f   LIBCMT:_chkstk_.obj
 0001:000120b0       _alloca_probe              00000001800130b0 f   LIBCMT:_chkstk_.obj
 0001:00012104       __GSHandlerCheck_EH        0000000180013104 f   LIBCMT:gshandlereh.obj
 0001:00012184       ??3@YAXPEAX@Z              0000000180013184 f   LIBCMT:delete_scalar.obj
 0001:0001218c       strrchr                    000000018001318c f   libvcruntime:strrchr.obj
 0001:000122f0       memcmp                     00000001800132f0 f   libvcruntime:memcmp.obj
 0001:000123d0       _guard_dispatch_icall_nop  00000001800133d0 f   LIBCMT:_guard_dispatch_.obj
 0002:00000000       __imp_GetModuleHandleA     0000000180014000     kernel32:KERNEL32.dll
 0002:00000008       __imp_VirtualQuery         0000000180014008     kernel32:KERNEL32.dll
 0002:00000010       __imp_RtlCaptureContext    0000000180014010     kernel32:KERNEL32.dll
 0002:00000018       __imp_RtlLookupFunctionEntry 0000000180014018     kernel32:KERNEL32.dll
 0002:00000020       __imp_RtlVirtualUnwind     0000000180014020     kernel32:KERNEL32.dll
 0002:00000028       __imp_UnhandledExceptionFilter 0000000180014028     kernel32:KERNEL32.dll
 0002:00000030       __imp_SetUnhandledExceptionFilter 0000000180014030     kernel32:KERNEL32.dll
 0002:00000038       __imp_GetCurrentProcess    0000000180014038     kernel32:KERNEL32.dll
 0002:00000040       __imp_TerminateProcess     0000000180014040     kernel32:KERNEL32.dll
 0002:00000048       __imp_IsProcessorFeaturePresent 0000000180014048     kernel32:KERNEL32.dll
 0002:00000050       __imp_QueryPerformanceCounter 0000000180014050     kernel32:KERNEL32.dll
 0002:00000058       __imp_GetCurrentProcessId  0000000180014058     kernel32:KERNEL32.dll
 0002:00000060       __imp_GetCurrentThreadId   0000000180014060     kernel32:KERNEL32.dll
 0002:00000068       __imp_GetSystemTimeAsFileTime 0000000180014068     kernel32:KERNEL32.dll
 0002:00000070       __imp_InitializeSListHead  0000000180014070     kernel32:KERNEL32.dll
 0002:00000078       __imp_IsDebuggerPresent    0000000180014078     kernel32:KERNEL32.dll
 0002:00000080       __imp_GetStartupInfoW      0000000180014080     kernel32:KERNEL32.dll
 0002:00000088       __imp_GetModuleHandleW     0000000180014088     kernel32:KERNEL32.dll
 0002:00000090       __imp_RtlUnwindEx          0000000180014090     kernel32:KERNEL32.dll
 0002:00000098       __imp_InterlockedFlushSList 0000000180014098     kernel32:KERNEL32.dll
 0002:000000a0       __imp_GetLastError         00000001800140a0     kernel32:KERNEL32.dll
 0002:000000a8       __imp_SetLastError         00000001800140a8     kernel32:KERNEL32.dll
 0002:000000b0       __imp_EnterCriticalSection 00000001800140b0     kernel32:KERNEL32.dll
 0002:000000b8       __imp_LeaveCriticalSection 00000001800140b8     kernel32:KERNEL32.dll
 0002:000000c0       __imp_DeleteCriticalSection 00000001800140c0     kernel32:KERNEL32.dll
 0002:000000c8       __imp_InitializeCriticalSectionAndSpinCount 00000001800140c8     kernel32:KERNEL32.dll
 0002:000000d0       __imp_TlsAlloc             00000001800140d0     kernel32:KERNEL32.dll
 0002:000000d8       __imp_TlsGetValue          00000001800140d8     kernel32:KERNEL32.dll
 0002:000000e0       __imp_TlsSetValue          00000001800140e0     kernel32:KERNEL32.dll
 0002:000000e8       __imp_TlsFree              00000001800140e8     kernel32:KERNEL32.dll
 0002:000000f0       __imp_FreeLibrary          00000001800140f0     kernel32:KERNEL32.dll
 0002:000000f8       __imp_GetProcAddress       00000001800140f8     kernel32:KERNEL32.dll
 0002:00000100       __imp_LoadLibraryExW       0000000180014100     kernel32:KERNEL32.dll
 0002:00000108       __imp_EncodePointer        0000000180014108     kernel32:KERNEL32.dll
 0002:00000110       __imp_RaiseException       0000000180014110     kernel32:KERNEL32.dll
 0002:00000118       __imp_RtlPcToFileHeader    0000000180014118     kernel32:KERNEL32.dll
 0002:00000120       __imp_ExitProcess          0000000180014120     kernel32:KERNEL32.dll
 0002:00000128       __imp_GetModuleHandleExW   0000000180014128     kernel32:KERNEL32.dll
 0002:00000130       __imp_GetModuleFileNameW   0000000180014130     kernel32:KERNEL32.dll
 0002:00000138       __imp_HeapFree             0000000180014138     kernel32:KERNEL32.dll
 0002:00000140       __imp_HeapAlloc            0000000180014140     kernel32:KERNEL32.dll
 0002:00000148       __imp_GetStdHandle         0000000180014148     kernel32:KERNEL32.dll
 0002:00000150       __imp_GetFileType          0000000180014150     kernel32:KERNEL32.dll
 0002:00000158       __imp_FindClose            0000000180014158     kernel32:KERNEL32.dll
 0002:00000160       __imp_FindFirstFileExW     0000000180014160     kernel32:KERNEL32.dll
 0002:00000168       __imp_FindNextFileW        0000000180014168     kernel32:KERNEL32.dll
 0002:00000170       __imp_IsValidCodePage      0000000180014170     kernel32:KERNEL32.dll
 0002:00000178       __imp_GetACP               0000000180014178     kernel32:KERNEL32.dll
 0002:00000180       __imp_GetOEMCP             0000000180014180     kernel32:KERNEL32.dll
 0002:00000188       __imp_GetCPInfo            0000000180014188     kernel32:KERNEL32.dll
 0002:00000190       __imp_GetCommandLineA      0000000180014190     kernel32:KERNEL32.dll
 0002:00000198       __imp_GetCommandLineW      0000000180014198     kernel32:KERNEL32.dll
 0002:000001a0       __imp_MultiByteToWideChar  00000001800141a0     kernel32:KERNEL32.dll
 0002:000001a8       __imp_WideCharToMultiByte  00000001800141a8     kernel32:KERNEL32.dll
 0002:000001b0       __imp_GetEnvironmentStringsW 00000001800141b0     kernel32:KERNEL32.dll
 0002:000001b8       __imp_FreeEnvironmentStringsW 00000001800141b8     kernel32:KERNEL32.dll
 0002:000001c0       __imp_LCMapStringW         00000001800141c0     kernel32:KERNEL32.dll
 0002:000001c8       __imp_GetProcessHeap       00000001800141c8     kernel32:KERNEL32.dll
 0002:000001d0       __imp_GetStringTypeW       00000001800141d0     kernel32:KERNEL32.dll
 0002:000001d8       __imp_SetStdHandle         00000001800141d8     kernel32:KERNEL32.dll
 0002:000001e0       __imp_HeapSize             00000001800141e0     kernel32:KERNEL32.dll
 0002:000001e8       __imp_HeapReAlloc          00000001800141e8     kernel32:KERNEL32.dll
 0002:000001f0       __imp_FlushFileBuffers     00000001800141f0     kernel32:KERNEL32.dll
 0002:000001f8       __imp_WriteFile            00000001800141f8     kernel32:KERNEL32.dll
 0002:00000200       __imp_GetConsoleCP         0000000180014200     kernel32:KERNEL32.dll
 0002:00000208       __imp_GetConsoleMode       0000000180014208     kernel32:KERNEL32.dll
 0002:00000210       __imp_SetFilePointerEx     0000000180014210     kernel32:KERNEL32.dll
 0002:00000218       __imp_CloseHandle          0000000180014218     kernel32:KERNEL32.dll
 0002:00000220       __imp_CreateFileW          0000000180014220     kernel32:KERNEL32.dll
 0002:00000228       __imp_WriteConsoleW        0000000180014228     kernel32:KERNEL32.dll
 0002:00000230       __imp_GetSystemInfo        0000000180014230     kernel32:KERNEL32.dll
 0002:00000238       __imp_VirtualProtect       0000000180014238     kernel32:KERNEL32.dll
 0002:00000240       __imp_LoadLibraryExA       0000000180014240     kernel32:KERNEL32.dll
 0002:00000248       \177KERNEL32_NULL_THUNK_DATA 0000000180014248     kernel32:KERNEL32.dll
 0002:00000250       __guard_check_icall_fptr   0000000180014250     LIBCMT:guard_support.obj
 0002:00000258       __guard_dispatch_icall_fptr 0000000180014258     LIBCMT:guard_support.obj
 0002:00000260       __xc_a                     0000000180014260     LIBCMT:initializers.obj
 0002:00000268       _register_addon_           0000000180014268     test.obj
 0002:00000270       __xc_z                     0000000180014270     LIBCMT:initializers.obj
 0002:00000278       __xi_a                     0000000180014278     LIBCMT:initializers.obj
 0002:00000280       __acrt_stdio_initializer   0000000180014280     libucrt:stdio_initializer.obj
 0002:00000288       __acrt_multibyte_initializer 0000000180014288     libucrt:multibyte_initializer.obj
 0002:00000290       __acrt_tran_fma3_initializer 0000000180014290     libucrt:fma3_initializer.obj
 0002:00000298       __xi_z                     0000000180014298     LIBCMT:initializers.obj
 0002:000002a0       __xp_a                     00000001800142a0     LIBCMT:initializers.obj
 0002:000002a8       __acrt_locale_terminator   00000001800142a8     libucrt:locale_initializer.obj
 0002:000002b0       __dcrt_console_output_terminator 00000001800142b0     libucrt:console_output_initializer.obj
 0002:000002b8       __acrt_stdio_terminator    00000001800142b8     libucrt:stdio_initializer.obj
 0002:000002c0       __xp_z                     00000001800142c0     LIBCMT:initializers.obj
 0002:000002c8       __xt_a                     00000001800142c8     LIBCMT:initializers.obj
 0002:000002d0       __xt_z                     00000001800142d0     LIBCMT:initializers.obj
 0002:000002e0       __sz_node_exe              00000001800142e0     node:node.exe
 0002:000002f0       _pDefaultRawDllMain        00000001800142f0     LIBCMT:dll_dllmain.obj
 0002:000002f0       _pRawDllMain               00000001800142f0     LIBCMT:dll_dllmain.obj
 0002:00000640       ??_C@_08EHJDFFNH@__based?$CI?$AA@ 0000000180014640     libvcruntime:undname.obj
 0002:00000650       ??_C@_07KOLFKCDI@__cdecl?$AA@ 0000000180014650     libvcruntime:undname.obj
 0002:00000658       ??_C@_08GHMPAG@__pascal?$AA@ 0000000180014658     libvcruntime:undname.obj
 0002:00000668       ??_C@_09IFJBGAPI@__stdcall?$AA@ 0000000180014668     libvcruntime:undname.obj
 0002:00000678       ??_C@_0L@NPHFGOKO@__thiscall?$AA@ 0000000180014678     libvcruntime:undname.obj
 0002:00000688       ??_C@_0L@JMKHOMEK@__fastcall?$AA@ 0000000180014688     libvcruntime:undname.obj
 0002:00000698       ??_C@_0N@BCKKPABJ@__vectorcall?$AA@ 0000000180014698     libvcruntime:undname.obj
 0002:000006a8       ??_C@_09HIJEGCPM@__clrcall?$AA@ 00000001800146a8     libvcruntime:undname.obj
 0002:000006b4       ??_C@_06GHPCKEAG@__eabi?$AA@ 00000001800146b4     libvcruntime:undname.obj
 0002:000006c0       ??_C@_07EECFKIPL@__swift?$AA@ 00000001800146c0     libvcruntime:undname.obj
 0002:000006c8       ??_C@_07JOMMBBKO@__ptr64?$AA@ 00000001800146c8     libvcruntime:undname.obj
 0002:000006d0       ??_C@_0L@PILCLIHE@__restrict?$AA@ 00000001800146d0     libvcruntime:undname.obj
 0002:000006e0       ??_C@_0M@GFIIJFMG@__unaligned?$AA@ 00000001800146e0     libvcruntime:undname.obj
 0002:000006f0       ??_C@_09DHDLOLLB@restrict?$CI?$AA@ 00000001800146f0     libvcruntime:undname.obj
 0002:000006fa       ??_C@_00CNPNBAHC@?$AA@     00000001800146fa     libvcruntime:undname.obj
 0002:000006fc       ??_C@_04NIHEBCM@?5new?$AA@ 00000001800146fc     libvcruntime:undname.obj
 0002:00000708       ??_C@_07FPCDHGMM@?5delete?$AA@ 0000000180014708     libvcruntime:undname.obj
 0002:00000710       ??_C@_01NEMOKFLO@?$DN?$AA@ 0000000180014710     libvcruntime:undname.obj
 0002:00000714       ??_C@_02GPIOPFAK@?$DO?$DO?$AA@ 0000000180014714     libvcruntime:undname.obj
 0002:00000718       ??_C@_02FODMEDOG@?$DM?$DM?$AA@ 0000000180014718     libvcruntime:undname.obj
 0002:0000071c       ??_C@_01DCLJPIOD@?$CB?$AA@ 000000018001471c     libvcruntime:undname.obj
 0002:00000720       ??_C@_02EGOFBIJA@?$DN?$DN?$AA@ 0000000180014720     libvcruntime:undname.obj
 0002:00000724       ??_C@_02FDNJECIE@?$CB?$DN?$AA@ 0000000180014724     libvcruntime:undname.obj
 0002:00000728       ??_C@_02GPECMEKF@?$FL?$FN?$AA@ 0000000180014728     libvcruntime:undname.obj
 0002:00000730       ??_C@_08LHJFAFGD@operator?$AA@ 0000000180014730     libvcruntime:undname.obj
 0002:0000073c       ??_C@_02HBOOOICD@?9?$DO?$AA@ 000000018001473c     libvcruntime:undname.obj
 0002:00000740       ??_C@_01NBENCBCI@?$CK?$AA@ 0000000180014740     libvcruntime:undname.obj
 0002:00000744       ??_C@_02ECNGHCIF@?$CL?$CL?$AA@ 0000000180014744     libvcruntime:undname.obj
 0002:00000748       ??_C@_02BAABKJLB@?9?9?$AA@ 0000000180014748     libvcruntime:undname.obj
 0002:0000074c       ??_C@_01JOAMLHOP@?9?$AA@   000000018001474c     libvcruntime:undname.obj
 0002:00000750       ??_C@_01MIFGBAGJ@?$CL?$AA@ 0000000180014750     libvcruntime:undname.obj
 0002:00000754       ??_C@_01HNPIGOCE@?$CG?$AA@ 0000000180014754     libvcruntime:undname.obj
 0002:00000758       ??_C@_03MNHNFDLC@?9?$DO?$CK?$AA@ 0000000180014758     libvcruntime:undname.obj
 0002:0000075c       ??_C@_01KMDKNFGN@?1?$AA@   000000018001475c     libvcruntime:undname.obj
 0002:00000760       ??_C@_01FGNFDNOH@?$CF?$AA@ 0000000180014760     libvcruntime:undname.obj
 0002:00000764       ??_C@_01MNNFJEPP@?$DM?$AA@ 0000000180014764     libvcruntime:undname.obj
 0002:00000768       ??_C@_02EHCHHCKH@?$DM?$DN?$AA@ 0000000180014768     libvcruntime:undname.obj
 0002:0000076c       ??_C@_01PPODPGHN@?$DO?$AA@ 000000018001476c     libvcruntime:undname.obj
 0002:00000770       ??_C@_02EEKDKGMJ@?$DO?$DN?$AA@ 0000000180014770     libvcruntime:undname.obj
 0002:00000774       ??_C@_01IHBHIGKO@?0?$AA@   0000000180014774     libvcruntime:undname.obj
 0002:00000778       ??_C@_02HCKGKOFO@?$CI?$CJ?$AA@ 0000000180014778     libvcruntime:undname.obj
 0002:0000077c       ??_C@_01PJKLJHI@?$HO?$AA@  000000018001477c     libvcruntime:undname.obj
 0002:00000780       ??_C@_01JKBOJNNK@?$FO?$AA@ 0000000180014780     libvcruntime:undname.obj
 0002:00000784       ??_C@_01DNKMNLPK@?$HM?$AA@ 0000000180014784     libvcruntime:undname.obj
 0002:00000788       ??_C@_02PPKAJPJL@?$CG?$CG?$AA@ 0000000180014788     libvcruntime:undname.obj
 0002:0000078c       ??_C@_02NONPIBCD@?$HM?$HM?$AA@ 000000018001478c     libvcruntime:undname.obj
 0002:00000790       ??_C@_02FPIMKNGF@?$CK?$DN?$AA@ 0000000180014790     libvcruntime:undname.obj
 0002:00000794       ??_C@_02FOEOMHFC@?$CL?$DN?$AA@ 0000000180014794     libvcruntime:undname.obj
 0002:00000798       ??_C@_02FKMDLLOA@?9?$DN?$AA@ 0000000180014798     libvcruntime:undname.obj
 0002:0000079c       ??_C@_02FJEHGPIO@?1?$DN?$AA@ 000000018001479c     libvcruntime:undname.obj
 0002:000007a0       ??_C@_02FENAOKFI@?$CF?$DN?$AA@ 00000001800147a0     libvcruntime:undname.obj
 0002:000007a4       ??_C@_03IKFCCPFF@?$DO?$DO?$DN?$AA@ 00000001800147a4     libvcruntime:undname.obj
 0002:000007a8       ??_C@_03CDNPDDLA@?$DM?$DM?$DN?$AA@ 00000001800147a8     libvcruntime:undname.obj
 0002:000007ac       ??_C@_02FGJGFEAB@?$CG?$DN?$AA@ 00000001800147ac     libvcruntime:undname.obj
 0002:000007b0       ??_C@_02DHLNPPGH@?$HM?$DN?$AA@ 00000001800147b0     libvcruntime:undname.obj
 0002:000007b4       ??_C@_02MHEGNOJ@?$FO?$DN?$AA@ 00000001800147b4     libvcruntime:undname.obj
 0002:000007b8       ??_C@_09IFPLHPGF@?$GAvftable?8?$AA@ 00000001800147b8     libvcruntime:undname.obj
 0002:000007c8       ??_C@_09BLBHBJP@?$GAvbtable?8?$AA@ 00000001800147c8     libvcruntime:undname.obj
 0002:000007d8       ??_C@_07FEEIOKP@?$GAvcall?8?$AA@ 00000001800147d8     libvcruntime:undname.obj
 0002:000007e0       ??_C@_08LLFFHHDJ@?$GAtypeof?8?$AA@ 00000001800147e0     libvcruntime:undname.obj
 0002:000007f0       ??_C@_0BF@KDPPACIK@?$GAlocal?5static?5guard?8?$AA@ 00000001800147f0     libvcruntime:undname.obj
 0002:00000808       ??_C@_08OBABFOLI@?$GAstring?8?$AA@ 0000000180014808     libvcruntime:undname.obj
 0002:00000818       ??_C@_0BD@JDLKDPAB@?$GAvbase?5destructor?8?$AA@ 0000000180014818     libvcruntime:undname.obj
 0002:00000830       ??_C@_0BN@DEGPLNFK@?$GAvector?5deleting?5destructor?8?$AA@ 0000000180014830     libvcruntime:undname.obj
 0002:00000850       ??_C@_0BO@OBMKPJIG@?$GAdefault?5constructor?5closure?8?$AA@ 0000000180014850     libvcruntime:undname.obj
 0002:00000870       ??_C@_0BN@IMDCHIKM@?$GAscalar?5deleting?5destructor?8?$AA@ 0000000180014870     libvcruntime:undname.obj
 0002:00000890       ??_C@_0BO@PFGOCPJJ@?$GAvector?5constructor?5iterator?8?$AA@ 0000000180014890     libvcruntime:undname.obj
 0002:000008b0       ??_C@_0BN@LFPFMEDL@?$GAvector?5destructor?5iterator?8?$AA@ 00000001800148b0     libvcruntime:undname.obj
 0002:000008d0       ??_C@_0CE@IKBNEHA@?$GAvector?5vbase?5constructor?5iterat@ 00000001800148d0     libvcruntime:undname.obj
 0002:000008f8       ??_C@_0BL@NILFHHPC@?$GAvirtual?5displacement?5map?8?$AA@ 00000001800148f8     libvcruntime:undname.obj
 0002:00000918       ??_C@_0CB@JONCMFFK@?$GAeh?5vector?5constructor?5iterator?8@ 0000000180014918     libvcruntime:undname.obj
 0002:00000940       ??_C@_0CA@GCEOPDGL@?$GAeh?5vector?5destructor?5iterator?8?$AA@ 0000000180014940     libvcruntime:undname.obj
 0002:00000960       ??_C@_0CH@OOJPLCPH@?$GAeh?5vector?5vbase?5constructor?5ite@ 0000000180014960     libvcruntime:undname.obj
 0002:00000988       ??_C@_0BL@LLKPOHJI@?$GAcopy?5constructor?5closure?8?$AA@ 0000000180014988     libvcruntime:undname.obj
 0002:000009a8       ??_C@_0BA@KBCDOMBN@?$GAudt?5returning?8?$AA@ 00000001800149a8     libvcruntime:undname.obj
 0002:000009b8       ??_C@_03KLGMFNMG@?$GAEH?$AA@ 00000001800149b8     libvcruntime:undname.obj
 0002:000009bc       ??_C@_05KHLCHHI@?$GARTTI?$AA@ 00000001800149bc     libvcruntime:undname.obj
 0002:000009c8       ??_C@_0BA@KKLDJDLB@?$GAlocal?5vftable?8?$AA@ 00000001800149c8     libvcruntime:undname.obj
 0002:000009d8       ??_C@_0CE@IIHCMGGL@?$GAlocal?5vftable?5constructor?5closu@ 00000001800149d8     libvcruntime:undname.obj
 0002:000009fc       ??_C@_06FHBGPFGH@?5new?$FL?$FN?$AA@ 00000001800149fc     libvcruntime:undname.obj
 0002:00000a08       ??_C@_09LBNFPBCA@?5delete?$FL?$FN?$AA@ 0000000180014a08     libvcruntime:undname.obj
 0002:00000a18       ??_C@_0P@HJKNJFNN@?$GAomni?5callsig?8?$AA@ 0000000180014a18     libvcruntime:undname.obj
 0002:00000a28       ??_C@_0BL@CNOONJFP@?$GAplacement?5delete?5closure?8?$AA@ 0000000180014a28     libvcruntime:undname.obj
 0002:00000a48       ??_C@_0BN@CKNJLHMB@?$GAplacement?5delete?$FL?$FN?5closure?8?$AA@ 0000000180014a48     libvcruntime:undname.obj
 0002:00000a68       ??_C@_0CG@CFDHKGGD@?$GAmanaged?5vector?5constructor?5iter@ 0000000180014a68     libvcruntime:undname.obj
 0002:00000a90       ??_C@_0CF@IMGKMJNO@?$GAmanaged?5vector?5destructor?5itera@ 0000000180014a90     libvcruntime:undname.obj
 0002:00000ab8       ??_C@_0CG@HLDDJMAG@?$GAeh?5vector?5copy?5constructor?5iter@ 0000000180014ab8     libvcruntime:undname.obj
 0002:00000ae0       ??_C@_0CM@FCBBDIGB@?$GAeh?5vector?5vbase?5copy?5constructo@ 0000000180014ae0     libvcruntime:undname.obj
 0002:00000b10       ??_C@_0BL@CLIPGLGB@?$GAdynamic?5initializer?5for?5?8?$AA@ 0000000180014b10     libvcruntime:undname.obj
 0002:00000b30       ??_C@_0CB@PDBIFEP@?$GAdynamic?5atexit?5destructor?5for?5?8@ 0000000180014b30     libvcruntime:undname.obj
 0002:00000b58       ??_C@_0CD@CGAJBKEJ@?$GAvector?5copy?5constructor?5iterato@ 0000000180014b58     libvcruntime:undname.obj
 0002:00000b80       ??_C@_0CJ@GJELGAMM@?$GAvector?5vbase?5copy?5constructor?5i@ 0000000180014b80     libvcruntime:undname.obj
 0002:00000bb0       ??_C@_0CL@FGIJHLCE@?$GAmanaged?5vector?5copy?5constructor@ 0000000180014bb0     libvcruntime:undname.obj
 0002:00000be0       ??_C@_0BM@PMGGMLDN@?$GAlocal?5static?5thread?5guard?8?$AA@ 0000000180014be0     libvcruntime:undname.obj
 0002:00000c00       ??_C@_0N@BDNMDMOL@operator?5?$CC?$CC?5?$AA@ 0000000180014c00     libvcruntime:undname.obj
 0002:00000c10       ??_C@_0BC@GGEBGALA@operator?5co_await?$AA@ 0000000180014c10     libvcruntime:undname.obj
 0002:00000c28       ??_C@_0BC@DAFEJGAK@?5Type?5Descriptor?8?$AA@ 0000000180014c28     libvcruntime:undname.obj
 0002:00000c40       ??_C@_0BM@LDKODKLH@?5Base?5Class?5Descriptor?5at?5?$CI?$AA@ 0000000180014c40     libvcruntime:undname.obj
 0002:00000c60       ??_C@_0BD@LGICGFMM@?5Base?5Class?5Array?8?$AA@ 0000000180014c60     libvcruntime:undname.obj
 0002:00000c78       ??_C@_0BN@MECKDCOJ@?5Class?5Hierarchy?5Descriptor?8?$AA@ 0000000180014c78     libvcruntime:undname.obj
 0002:00000c98       ??_C@_0BK@CFCOFLF@?5Complete?5Object?5Locator?8?$AA@ 0000000180014c98     libvcruntime:undname.obj
 0002:00000cd0       ??_C@_1DM@KHCHBNEB@?$AAa?$AAp?$AAi?$AA?9?$AAm?$AAs?$AA?9?$AAw?$AAi?$AAn?$AA?9?$AAc?$AAo?$AAr?$AAe?$AA?9?$AAf?$AAi?$AAb?$AAe?$AAr?$AAs?$AA?9?$AAl?$AA1?$AA?9?$AA1?$AA?9?$AA1?$AA?$AA@ 0000000180014cd0     libvcruntime:winapi_downlevel.obj
 0002:00000d10       ??_C@_1DK@LPPGFMPP@?$AAa?$AAp?$AAi?$AA?9?$AAm?$AAs?$AA?9?$AAw?$AAi?$AAn?$AA?9?$AAc?$AAo?$AAr?$AAe?$AA?9?$AAs?$AAy?$AAn?$AAc?$AAh?$AA?9?$AAl?$AA1?$AA?9?$AA2?$AA?9?$AA0?$AA?$AA@ 0000000180014d10     libvcruntime:winapi_downlevel.obj
 0002:00000d50       ??_C@_1BC@GDMECMAK@?$AAk?$AAe?$AAr?$AAn?$AAe?$AAl?$AA3?$AA2?$AA?$AA@ 0000000180014d50     libvcruntime:winapi_downlevel.obj
 0002:00000d68       ??_C@_1BA@PFFKHIOG@?$AAa?$AAp?$AAi?$AA?9?$AAm?$AAs?$AA?9?$AA?$AA@ 0000000180014d68     libvcruntime:winapi_downlevel.obj
 0002:00000d78       ??_C@_1BA@IAIFMGEF@?$AAe?$AAx?$AAt?$AA?9?$AAm?$AAs?$AA?9?$AA?$AA@ 0000000180014d78     libvcruntime:winapi_downlevel.obj
 0002:00000d90       ??_C@_08KNHFBNJ@FlsAlloc?$AA@ 0000000180014d90     libvcruntime:winapi_downlevel.obj
 0002:00000da8       ??_C@_07PEJMOBNF@FlsFree?$AA@ 0000000180014da8     libvcruntime:winapi_downlevel.obj
 0002:00000db8       ??_C@_0M@GDNOONDI@FlsGetValue?$AA@ 0000000180014db8     libvcruntime:winapi_downlevel.obj
 0002:00000dd0       ??_C@_0M@JCPCPOEF@FlsSetValue?$AA@ 0000000180014dd0     libvcruntime:winapi_downlevel.obj
 0002:00000de8       ??_C@_0BM@HCFOFFN@InitializeCriticalSectionEx?$AA@ 0000000180014de8     libvcruntime:winapi_downlevel.obj
 0002:00000eb0       ??_7exception@std@@6B@     0000000180014eb0     libvcruntime:frame.obj
 0002:00000ec0       ??_C@_0BC@EOODALEL@Unknown?5exception?$AA@ 0000000180014ec0     libvcruntime:frame.obj
 0002:00000ee0       ??_7bad_exception@std@@6B@ 0000000180014ee0     libvcruntime:frame.obj
 0002:00000ef0       ??_C@_0O@DPKOEFFH@bad?5exception?$AA@ 0000000180014ef0     libvcruntime:frame.obj
 0002:00000f00       _pDestructExceptionObject  0000000180014f00     libvcruntime:ehhelpers.obj
 0002:00000f50       standard_lookup_table      0000000180014f50     libucrt:output.obj
 0002:00000fb0       ??_C@_1O@CEDCILHN@?$AA?$CI?$AAn?$AAu?$AAl?$AAl?$AA?$CJ?$AA?$AA@ 0000000180014fb0     libucrt:output.obj
 0002:00000fc0       ??_C@_06OJHGLDPL@?$CInull?$CJ?$AA@ 0000000180014fc0     libucrt:output.obj
 0002:00000fd0       __acrt_exception_action_table 0000000180014fd0     libucrt:exception_filter.obj
 0002:00001090       __acrt_signal_action_table_count 0000000180015090     libucrt:exception_filter.obj
 0002:00001098       __acrt_signal_action_first_fpe_index 0000000180015098     libucrt:exception_filter.obj
 0002:000010a0       __acrt_signal_action_fpe_count 00000001800150a0     libucrt:exception_filter.obj
 0002:000010a8       ??_C@_1BI@BGOHAHKC@?$AAm?$AAs?$AAc?$AAo?$AAr?$AAe?$AAe?$AA?4?$AAd?$AAl?$AAl?$AA?$AA@ 00000001800150a8     libucrt:exit.obj
 0002:000010c0       ??_C@_0P@MIGLKIOC@CorExitProcess?$AA@ 00000001800150c0     libucrt:exit.obj
 0002:00001330       ??_C@_03OEIAHPBN@INF?$AA@  0000000180015330     libucrt:cvt.obj
 0002:00001334       ??_C@_03OJHLLCGB@inf?$AA@  0000000180015334     libucrt:cvt.obj
 0002:00001338       ??_C@_03LKNCIKJB@NAN?$AA@  0000000180015338     libucrt:cvt.obj
 0002:0000133c       ??_C@_03LHCJEHON@nan?$AA@  000000018001533c     libucrt:cvt.obj
 0002:00001340       ??_C@_09OFJJIMPC@NAN?$CISNAN?$CJ?$AA@ 0000000180015340     libucrt:cvt.obj
 0002:00001350       ??_C@_09IPFBKMDL@nan?$CIsnan?$CJ?$AA@ 0000000180015350     libucrt:cvt.obj
 0002:00001360       ??_C@_08IKHNHAJ@NAN?$CIIND?$CJ?$AA@ 0000000180015360     libucrt:cvt.obj
 0002:00001370       ??_C@_08OFCDMILK@nan?$CIind?$CJ?$AA@ 0000000180015370     libucrt:cvt.obj
 0002:0000137c       ??_C@_05KLBDPFGC@e?$CL000?$AA@ 000000018001537c     libucrt:cvt.obj
 0002:00001390       __lc_time_c                0000000180015390     libucrt:nlsdata.obj
 0002:00001650       ??_C@_03KOEHGMDN@Sun?$AA@  0000000180015650     libucrt:nlsdata.obj
 0002:00001654       ??_C@_03PDAGKDH@Mon?$AA@   0000000180015654     libucrt:nlsdata.obj
 0002:00001658       ??_C@_03NAGEINEP@Tue?$AA@  0000000180015658     libucrt:nlsdata.obj
 0002:0000165c       ??_C@_03MHOMLAJA@Wed?$AA@  000000018001565c     libucrt:nlsdata.obj
 0002:00001660       ??_C@_03IOFIKPDN@Thu?$AA@  0000000180015660     libucrt:nlsdata.obj
 0002:00001664       ??_C@_03IDIOELNC@Fri?$AA@  0000000180015664     libucrt:nlsdata.obj
 0002:00001668       ??_C@_03FEFJNEK@Sat?$AA@   0000000180015668     libucrt:nlsdata.obj
 0002:0000166c       ??_C@_06OOPIFAJ@Sunday?$AA@ 000000018001566c     libucrt:nlsdata.obj
 0002:00001674       ??_C@_06JLEDEDGH@Monday?$AA@ 0000000180015674     libucrt:nlsdata.obj
 0002:00001680       ??_C@_07BAAGCFCM@Tuesday?$AA@ 0000000180015680     libucrt:nlsdata.obj
 0002:00001688       ??_C@_09DLIGFAKA@Wednesday?$AA@ 0000000180015688     libucrt:nlsdata.obj
 0002:00001698       ??_C@_08HACCIKIA@Thursday?$AA@ 0000000180015698     libucrt:nlsdata.obj
 0002:000016a4       ??_C@_06JECMNKMI@Friday?$AA@ 00000001800156a4     libucrt:nlsdata.obj
 0002:000016b0       ??_C@_08INBOOONO@Saturday?$AA@ 00000001800156b0     libucrt:nlsdata.obj
 0002:000016bc       ??_C@_03JIHJHPIE@Jan?$AA@  00000001800156bc     libucrt:nlsdata.obj
 0002:000016c0       ??_C@_03HJBDCHOM@Feb?$AA@  00000001800156c0     libucrt:nlsdata.obj
 0002:000016c4       ??_C@_03ODNJBKGA@Mar?$AA@  00000001800156c4     libucrt:nlsdata.obj
 0002:000016c8       ??_C@_03LEOLGMJP@Apr?$AA@  00000001800156c8     libucrt:nlsdata.obj
 0002:000016cc       ??_C@_03CNMDKL@May?$AA@    00000001800156cc     libucrt:nlsdata.obj
 0002:000016d0       ??_C@_03IDFGHECI@Jun?$AA@  00000001800156d0     libucrt:nlsdata.obj
 0002:000016d4       ??_C@_03LBGABGKK@Jul?$AA@  00000001800156d4     libucrt:nlsdata.obj
 0002:000016d8       ??_C@_03IFJFEIGA@Aug?$AA@  00000001800156d8     libucrt:nlsdata.obj
 0002:000016dc       ??_C@_03GGCAPAJC@Sep?$AA@  00000001800156dc     libucrt:nlsdata.obj
 0002:000016e0       ??_C@_03BMAOKBAD@Oct?$AA@  00000001800156e0     libucrt:nlsdata.obj
 0002:000016e4       ??_C@_03JPJOFNIA@Nov?$AA@  00000001800156e4     libucrt:nlsdata.obj
 0002:000016e8       ??_C@_03MKABNOCG@Dec?$AA@  00000001800156e8     libucrt:nlsdata.obj
 0002:000016f0       ??_C@_07CGJPFGJA@January?$AA@ 00000001800156f0     libucrt:nlsdata.obj
 0002:000016f8       ??_C@_08GNJGEPFN@February?$AA@ 00000001800156f8     libucrt:nlsdata.obj
 0002:00001704       ??_C@_05HPCKOFNC@March?$AA@ 0000000180015704     libucrt:nlsdata.obj
 0002:0000170c       ??_C@_05DMJDNLEJ@April?$AA@ 000000018001570c     libucrt:nlsdata.obj
 0002:00001714       ??_C@_04CNLMGBGM@June?$AA@ 0000000180015714     libucrt:nlsdata.obj
 0002:0000171c       ??_C@_04MIEPOIFP@July?$AA@ 000000018001571c     libucrt:nlsdata.obj
 0002:00001724       ??_C@_06LBBHFDDG@August?$AA@ 0000000180015724     libucrt:nlsdata.obj
 0002:00001730       ??_C@_09BHHEALKD@September?$AA@ 0000000180015730     libucrt:nlsdata.obj
 0002:00001740       ??_C@_07JJNFCEND@October?$AA@ 0000000180015740     libucrt:nlsdata.obj
 0002:00001748       ??_C@_08HCHEGEOA@November?$AA@ 0000000180015748     libucrt:nlsdata.obj
 0002:00001758       ??_C@_08EDHMEBNP@December?$AA@ 0000000180015758     libucrt:nlsdata.obj
 0002:00001764       ??_C@_02DEDBPAFC@AM?$AA@   0000000180015764     libucrt:nlsdata.obj
 0002:00001768       ??_C@_02CJNFDJBF@PM?$AA@   0000000180015768     libucrt:nlsdata.obj
 0002:00001770       ??_C@_08BPBNCDIB@MM?1dd?1yy?$AA@ 0000000180015770     libucrt:nlsdata.obj
 0002:00001780       ??_C@_0BE@CKGJFCPC@dddd?0?5MMMM?5dd?0?5yyyy?$AA@ 0000000180015780     libucrt:nlsdata.obj
 0002:00001798       ??_C@_08JCCMCCIL@HH?3mm?3ss?$AA@ 0000000180015798     libucrt:nlsdata.obj
 0002:000017a8       ??_C@_17MBGCMIPB@?$AAS?$AAu?$AAn?$AA?$AA@ 00000001800157a8     libucrt:nlsdata.obj
 0002:000017b0       ??_C@_17KBOMKBF@?$AAM?$AAo?$AAn?$AA?$AA@ 00000001800157b0     libucrt:nlsdata.obj
 0002:000017b8       ??_C@_17BMKGEGOJ@?$AAT?$AAu?$AAe?$AA?$AA@ 00000001800157b8     libucrt:nlsdata.obj
 0002:000017c0       ??_C@_17CJEDCEPE@?$AAW?$AAe?$AAd?$AA?$AA@ 00000001800157c0     libucrt:nlsdata.obj
 0002:000017c8       ??_C@_17PDPHAADD@?$AAT?$AAh?$AAu?$AA?$AA@ 00000001800157c8     libucrt:nlsdata.obj
 0002:000017d0       ??_C@_17HFOLPPLP@?$AAF?$AAr?$AAi?$AA?$AA@ 00000001800157d0     libucrt:nlsdata.obj
 0002:000017d8       ??_C@_17GGIBDPIH@?$AAS?$AAa?$AAt?$AA?$AA@ 00000001800157d8     libucrt:nlsdata.obj
 0002:000017e0       ??_C@_1O@IHNHDHPB@?$AAS?$AAu?$AAn?$AAd?$AAa?$AAy?$AA?$AA@ 00000001800157e0     libucrt:nlsdata.obj
 0002:000017f0       ??_C@_1O@MMNBFLIA@?$AAM?$AAo?$AAn?$AAd?$AAa?$AAy?$AA?$AA@ 00000001800157f0     libucrt:nlsdata.obj
 0002:00001800       ??_C@_1BA@ENFBFFEK@?$AAT?$AAu?$AAe?$AAs?$AAd?$AAa?$AAy?$AA?$AA@ 0000000180015800     libucrt:nlsdata.obj
 0002:00001810       ??_C@_1BE@EBOGMDOH@?$AAW?$AAe?$AAd?$AAn?$AAe?$AAs?$AAd?$AAa?$AAy?$AA?$AA@ 0000000180015810     libucrt:nlsdata.obj
 0002:00001828       ??_C@_1BC@HHMNLIHE@?$AAT?$AAh?$AAu?$AAr?$AAs?$AAd?$AAa?$AAy?$AA?$AA@ 0000000180015828     libucrt:nlsdata.obj
 0002:00001840       ??_C@_1O@PDICJHAG@?$AAF?$AAr?$AAi?$AAd?$AAa?$AAy?$AA?$AA@ 0000000180015840     libucrt:nlsdata.obj
 0002:00001850       ??_C@_1BC@ENMNNPAJ@?$AAS?$AAa?$AAt?$AAu?$AAr?$AAd?$AAa?$AAy?$AA?$AA@ 0000000180015850     libucrt:nlsdata.obj
 0002:00001868       ??_C@_17DKNBKCHM@?$AAJ?$AAa?$AAn?$AA?$AA@ 0000000180015868     libucrt:nlsdata.obj
 0002:00001870       ??_C@_17LMDJEKJN@?$AAF?$AAe?$AAb?$AA?$AA@ 0000000180015870     libucrt:nlsdata.obj
 0002:00001878       ??_C@_17CKNLEDEC@?$AAM?$AAa?$AAr?$AA?$AA@ 0000000180015878     libucrt:nlsdata.obj
 0002:00001880       ??_C@_17LFPOIHDD@?$AAA?$AAp?$AAr?$AA?$AA@ 0000000180015880     libucrt:nlsdata.obj
 0002:00001888       ??_C@_17PNNKMEED@?$AAM?$AAa?$AAy?$AA?$AA@ 0000000180015888     libucrt:nlsdata.obj
 0002:00001890       ??_C@_17KCJGOCPB@?$AAJ?$AAu?$AAn?$AA?$AA@ 0000000180015890     libucrt:nlsdata.obj
 0002:00001898       ??_C@_17IJPCKHK@?$AAJ?$AAu?$AAl?$AA?$AA@ 0000000180015898     libucrt:nlsdata.obj
 0002:000018a0       ??_C@_17ICPELBCN@?$AAA?$AAu?$AAg?$AA?$AA@ 00000001800158a0     libucrt:nlsdata.obj
 0002:000018a8       ??_C@_17HCHCOKMG@?$AAS?$AAe?$AAp?$AA?$AA@ 00000001800158a8     libucrt:nlsdata.obj
 0002:000018b0       ??_C@_17FNLKOI@?$AAO?$AAc?$AAt?$AA?$AA@ 00000001800158b0     libucrt:nlsdata.obj
 0002:000018b8       ??_C@_17BBDMLCIG@?$AAN?$AAo?$AAv?$AA?$AA@ 00000001800158b8     libucrt:nlsdata.obj
 0002:000018c0       ??_C@_17EGKACKIF@?$AAD?$AAe?$AAc?$AA?$AA@ 00000001800158c0     libucrt:nlsdata.obj
 0002:000018c8       ??_C@_1BA@EFMEIEBA@?$AAJ?$AAa?$AAn?$AAu?$AAa?$AAr?$AAy?$AA?$AA@ 00000001800158c8     libucrt:nlsdata.obj
 0002:000018d8       ??_C@_1BC@JGDDFFAM@?$AAF?$AAe?$AAb?$AAr?$AAu?$AAa?$AAr?$AAy?$AA?$AA@ 00000001800158d8     libucrt:nlsdata.obj
 0002:000018f0       ??_C@_1M@IKEENEDF@?$AAM?$AAa?$AAr?$AAc?$AAh?$AA?$AA@ 00000001800158f0     libucrt:nlsdata.obj
 0002:00001900       ??_C@_1M@GJNLMHFD@?$AAA?$AAp?$AAr?$AAi?$AAl?$AA?$AA@ 0000000180015900     libucrt:nlsdata.obj
 0002:00001910       ??_C@_19EPFLPGAP@?$AAJ?$AAu?$AAn?$AAe?$AA?$AA@ 0000000180015910     libucrt:nlsdata.obj
 0002:00001920       ??_C@_19BIFMLPCD@?$AAJ?$AAu?$AAl?$AAy?$AA?$AA@ 0000000180015920     libucrt:nlsdata.obj
 0002:00001930       ??_C@_1O@PAHLKOAC@?$AAA?$AAu?$AAg?$AAu?$AAs?$AAt?$AA?$AA@ 0000000180015930     libucrt:nlsdata.obj
 0002:00001940       ??_C@_1BE@DKAAMBJL@?$AAS?$AAe?$AAp?$AAt?$AAe?$AAm?$AAb?$AAe?$AAr?$AA?$AA@ 0000000180015940     libucrt:nlsdata.obj
 0002:00001958       ??_C@_1BA@EPANDLNG@?$AAO?$AAc?$AAt?$AAo?$AAb?$AAe?$AAr?$AA?$AA@ 0000000180015958     libucrt:nlsdata.obj
 0002:00001968       ??_C@_1BC@BGLIFPF@?$AAN?$AAo?$AAv?$AAe?$AAm?$AAb?$AAe?$AAr?$AA?$AA@ 0000000180015968     libucrt:nlsdata.obj
 0002:00001980       ??_C@_1BC@FEMKIFH@?$AAD?$AAe?$AAc?$AAe?$AAm?$AAb?$AAe?$AAr?$AA?$AA@ 0000000180015980     libucrt:nlsdata.obj
 0002:00001994       ??_C@_15ODEHAHHF@?$AAA?$AAM?$AA?$AA@ 0000000180015994     libucrt:nlsdata.obj
 0002:0000199c       ??_C@_15CLMNNGEL@?$AAP?$AAM?$AA?$AA@ 000000018001599c     libucrt:nlsdata.obj
 0002:000019a8       ??_C@_1BC@IEBCMHCM@?$AAM?$AAM?$AA?1?$AAd?$AAd?$AA?1?$AAy?$AAy?$AA?$AA@ 00000001800159a8     libucrt:nlsdata.obj
 0002:000019c0       ??_C@_1CI@KNAKOEBC@?$AAd?$AAd?$AAd?$AAd?$AA?0?$AA?5?$AAM?$AAM?$AAM?$AAM?$AA?5?$AAd?$AAd?$AA?0?$AA?5?$AAy?$AAy?$AAy?$AAy?$AA?$AA@ 00000001800159c0     libucrt:nlsdata.obj
 0002:000019e8       ??_C@_1BC@GDGBMEMK@?$AAH?$AAH?$AA?3?$AAm?$AAm?$AA?3?$AAs?$AAs?$AA?$AA@ 00000001800159e8     libucrt:nlsdata.obj
 0002:00001a00       ??_C@_1M@BMHNFIME@?$AAe?$AAn?$AA?9?$AAU?$AAS?$AA?$AA@ 0000000180015a00     libucrt:nlsdata.obj
 0002:00001a30       ??_C@_1M@HPNHIDJI@?$AAj?$AAa?$AA?9?$AAJ?$AAP?$AA?$AA@ 0000000180015a30     libucrt:mbctype.obj
 0002:00001a40       ??_C@_1M@BIBDDEMK@?$AAz?$AAh?$AA?9?$AAC?$AAN?$AA?$AA@ 0000000180015a40     libucrt:mbctype.obj
 0002:00001a50       ??_C@_1M@JLOOOEGK@?$AAk?$AAo?$AA?9?$AAK?$AAR?$AA?$AA@ 0000000180015a50     libucrt:mbctype.obj
 0002:00001a60       ??_C@_1M@CLNBBOPM@?$AAz?$AAh?$AA?9?$AAT?$AAW?$AA?$AA@ 0000000180015a60     libucrt:mbctype.obj
 0002:00001b10       ??_C@_1EA@JGEFHKEI@?$AAa?$AAp?$AAi?$AA?9?$AAm?$AAs?$AA?9?$AAw?$AAi?$AAn?$AA?9?$AAc?$AAo?$AAr?$AAe?$AA?9?$AAd?$AAa?$AAt?$AAe?$AAt?$AAi?$AAm?$AAe?$AA?9?$AAl?$AA1?$AA?9?$AA1?$AA?9?$AA1?$AA?$AA@ 0000000180015b10     libucrt:winapi_thunks.obj
 0002:00001b50       ??_C@_1DI@IJCEHOCB@?$AAa?$AAp?$AAi?$AA?9?$AAm?$AAs?$AA?9?$AAw?$AAi?$AAn?$AA?9?$AAc?$AAo?$AAr?$AAe?$AA?9?$AAf?$AAi?$AAl?$AAe?$AA?9?$AAl?$AA1?$AA?9?$AA2?$AA?9?$AA2?$AA?$AA@ 0000000180015b50     libucrt:winapi_thunks.obj
 0002:00001b90       ??_C@_1EI@MPIAOHOC@?$AAa?$AAp?$AAi?$AA?9?$AAm?$AAs?$AA?9?$AAw?$AAi?$AAn?$AA?9?$AAc?$AAo?$AAr?$AAe?$AA?9?$AAl?$AAo?$AAc?$AAa?$AAl?$AAi?$AAz?$AAa?$AAt?$AAi?$AAo?$AAn?$AA?9?$AAl?$AA1?$AA?9@ 0000000180015b90     libucrt:winapi_thunks.obj
 0002:00001be0       ??_C@_1FK@FPHCKFIE@?$AAa?$AAp?$AAi?$AA?9?$AAm?$AAs?$AA?9?$AAw?$AAi?$AAn?$AA?9?$AAc?$AAo?$AAr?$AAe?$AA?9?$AAl?$AAo?$AAc?$AAa?$AAl?$AAi?$AAz?$AAa?$AAt?$AAi?$AAo?$AAn?$AA?9?$AAo?$AAb?$AAs@ 0000000180015be0     libucrt:winapi_thunks.obj
 0002:00001c40       ??_C@_1EM@DILCGIIO@?$AAa?$AAp?$AAi?$AA?9?$AAm?$AAs?$AA?9?$AAw?$AAi?$AAn?$AA?9?$AAc?$AAo?$AAr?$AAe?$AA?9?$AAp?$AAr?$AAo?$AAc?$AAe?$AAs?$AAs?$AAt?$AAh?$AAr?$AAe?$AAa?$AAd?$AAs?$AA?9?$AAl@ 0000000180015c40     libucrt:winapi_thunks.obj
 0002:00001c90       ??_C@_1DM@LNCGDDPN@?$AAa?$AAp?$AAi?$AA?9?$AAm?$AAs?$AA?9?$AAw?$AAi?$AAn?$AA?9?$AAc?$AAo?$AAr?$AAe?$AA?9?$AAs?$AAt?$AAr?$AAi?$AAn?$AAg?$AA?9?$AAl?$AA1?$AA?9?$AA1?$AA?9?$AA0?$AA?$AA@ 0000000180015c90     libucrt:winapi_thunks.obj
 0002:00001cd0       ??_C@_1DO@FPAPJEMD@?$AAa?$AAp?$AAi?$AA?9?$AAm?$AAs?$AA?9?$AAw?$AAi?$AAn?$AA?9?$AAc?$AAo?$AAr?$AAe?$AA?9?$AAs?$AAy?$AAs?$AAi?$AAn?$AAf?$AAo?$AA?9?$AAl?$AA1?$AA?9?$AA2?$AA?9?$AA1?$AA?$AA@ 0000000180015cd0     libucrt:winapi_thunks.obj
 0002:00001d10       ??_C@_1DK@NDHNAHIO@?$AAa?$AAp?$AAi?$AA?9?$AAm?$AAs?$AA?9?$AAw?$AAi?$AAn?$AA?9?$AAc?$AAo?$AAr?$AAe?$AA?9?$AAw?$AAi?$AAn?$AAr?$AAt?$AA?9?$AAl?$AA1?$AA?9?$AA1?$AA?9?$AA0?$AA?$AA@ 0000000180015d10     libucrt:winapi_thunks.obj
 0002:00001d50       ??_C@_1DM@KGHDGBCM@?$AAa?$AAp?$AAi?$AA?9?$AAm?$AAs?$AA?9?$AAw?$AAi?$AAn?$AA?9?$AAc?$AAo?$AAr?$AAe?$AA?9?$AAx?$AAs?$AAt?$AAa?$AAt?$AAe?$AA?9?$AAl?$AA2?$AA?9?$AA1?$AA?9?$AA0?$AA?$AA@ 0000000180015d50     libucrt:winapi_thunks.obj
 0002:00001d90       ??_C@_1EO@IJIOEFOH@?$AAa?$AAp?$AAi?$AA?9?$AAm?$AAs?$AA?9?$AAw?$AAi?$AAn?$AA?9?$AAr?$AAt?$AAc?$AAo?$AAr?$AAe?$AA?9?$AAn?$AAt?$AAu?$AAs?$AAe?$AAr?$AA?9?$AAw?$AAi?$AAn?$AAd?$AAo?$AAw?$AA?9@ 0000000180015d90     libucrt:winapi_thunks.obj
 0002:00001de0       ??_C@_1FG@HHGEKANL@?$AAa?$AAp?$AAi?$AA?9?$AAm?$AAs?$AA?9?$AAw?$AAi?$AAn?$AA?9?$AAs?$AAe?$AAc?$AAu?$AAr?$AAi?$AAt?$AAy?$AA?9?$AAs?$AAy?$AAs?$AAt?$AAe?$AAm?$AAf?$AAu?$AAn?$AAc?$AAt?$AAi@ 0000000180015de0     libucrt:winapi_thunks.obj
[...]
 0004:00000bdc       $pdata$?common_flush_all@@YAH_N@Z 0000000180021bdc     libucrt:fflush.obj
 0004:00000be8       $pdata$__acrt_stdio_flush_nolock 0000000180021be8     libucrt:fflush.obj
 0004:00000bf4       $pdata$_fflush_nolock      0000000180021bf4     libucrt:fflush.obj
 0004:00000c00       $pdata$__pctype_func       0000000180021c00     libucrt:ctype.obj
 0004:00000c0c       $pdata$_isctype_l          0000000180021c0c     libucrt:isctype.obj
 0004:00000c18       $pdata$_isleadbyte_l       0000000180021c18     libucrt:_wctype.obj
 0004:00000c24       $pdata$?__acrt_LCMapStringA_stat@@YAHPEAU__crt_locale_pointers@@PEB_WKPEBDHPEADHHH@Z 0000000180021c24     libucrt:lcmapstringa.obj
 0004:00000c30       $pdata$__acrt_LCMapStringA 0000000180021c30     libucrt:lcmapstringa.obj
 0004:00000c3c       $pdata$?__mbrtowc_utf8@__crt_mbstring@@YA_KPEA_WPEBD_KPEAU_Mbstatet@@@Z 0000000180021c3c     libucrt:mbrtowc.obj
 0004:00000c48       $pdata$?__mbsrtowcs_utf8@__crt_mbstring@@YA_KPEA_WPEAPEBD_KPEAU_Mbstatet@@@Z 0000000180021c48     libucrt:mbrtowc.obj
 0004:00000c54       $pdata$__acrt_free_locale  0000000180021c54     libucrt:locale_refcounting.obj
 0004:00000c60       $pdata$__acrt_locale_free_lc_time_if_unreferenced 0000000180021c60     libucrt:locale_refcounting.obj
 0004:00000c6c       $pdata$__acrt_release_locale_ref 0000000180021c6c     libucrt:locale_refcounting.obj
 0004:00000c78       $pdata$__acrt_update_thread_locale_data 0000000180021c78     libucrt:locale_refcounting.obj
 0004:00000c84       $pdata$_updatetlocinfoEx_nolock 0000000180021c84     libucrt:locale_refcounting.obj
 0004:00000c90       $pdata$__acrt_fp_strflt_to_string 0000000180021c90     libucrt:_fptostr.obj
 0004:00000c9c       $pdata$?divide@__crt_strtox@@YA_KAEAUbig_integer@1@AEBU21@@Z 0000000180021c9c     libucrt:cfout.obj
 0004:00000ca8       $pdata$0$?divide@__crt_strtox@@YA_KAEAUbig_integer@1@AEBU21@@Z 0000000180021ca8     libucrt:cfout.obj
 0004:00000cb4       $pdata$6$?divide@__crt_strtox@@YA_KAEAUbig_integer@1@AEBU21@@Z 0000000180021cb4     libucrt:cfout.obj
 0004:00000cc0       $pdata$7$?divide@__crt_strtox@@YA_KAEAUbig_integer@1@AEBU21@@Z 0000000180021cc0     libucrt:cfout.obj
 0004:00000ccc       $pdata$8$?divide@__crt_strtox@@YA_KAEAUbig_integer@1@AEBU21@@Z 0000000180021ccc     libucrt:cfout.obj
 0004:00000cd8       $pdata$__acrt_fltout       0000000180021cd8     libucrt:cfout.obj
 0004:00000ce4       $pdata$memcpy_s            0000000180021ce4     libucrt:cfout.obj
 0004:00000cf0       $pdata$_fcloseall          0000000180021cf0     libucrt:closeall.obj
 0004:00000cfc       $pdata$__acrt_stdio_free_buffer_nolock 0000000180021cfc     libucrt:_freebuf.obj
 0004:00000d08       $pdata$_isatty             0000000180021d08     libucrt:isatty.obj
 0004:00000d14       $pdata$__acrt_locale_free_monetary 0000000180021d14     libucrt:initmon.obj
 0004:00000d20       $pdata$__acrt_locale_free_numeric 0000000180021d20     libucrt:initnum.obj
 0004:00000d2c       $pdata$?free_crt_array_internal@@YAXQEAPEBX_K@Z 0000000180021d2c     libucrt:inittime.obj
 0004:00000d38       $pdata$__acrt_locale_free_time 0000000180021d38     libucrt:inittime.obj
 0004:00000d44       $pdata$__acrt_GetStringTypeA 0000000180021d44     libucrt:getstringtypea.obj
 0004:00000d50       $pdata$__acrt_lowio_create_handle_array 0000000180021d50     libucrt:osfinfo.obj
 0004:00000d5c       $pdata$__acrt_lowio_destroy_handle_array 0000000180021d5c     libucrt:osfinfo.obj
 0004:00000d68       $pdata$__acrt_lowio_ensure_fh_exists 0000000180021d68     libucrt:osfinfo.obj
 0004:00000d74       $pdata$_free_osfhnd        0000000180021d74     libucrt:osfinfo.obj
 0004:00000d80       $pdata$_get_osfhandle      0000000180021d80     libucrt:osfinfo.obj
 0004:00000d8c       $pdata$qsort               0000000180021d8c     libucrt:qsort.obj
 0004:00000d98       $pdata$4$qsort             0000000180021d98     libucrt:qsort.obj
 0004:00000da4       $pdata$5$qsort             0000000180021da4     libucrt:qsort.obj
 0004:00000db0       $pdata$strncpy_s           0000000180021db0     libucrt:strncpy_s.obj
 0004:00000dbc       $pdata$fallbackMethod      0000000180021dbc     libucrt:strpbrk.obj
 0004:00000dc8       $pdata$strpbrk             0000000180021dc8     libucrt:strpbrk.obj
 0004:00000dd4       $pdata$??$__acrt_convert_wcs_mbs@D_W$$A6A_KPEA_WPEBD_KPEAU__crt_locale_pointers@@@ZU__crt_win32_buffer_internal_dynamic_resizing@@@@YAHQEBDAEAV?$__crt_win32_buffer@_WU__crt_win32_buffer_internal_dynamic_resizing@@@@A6A_KPEA_WPEBD_KPEAU__crt_locale_pointers@@@Z5@Z 0000000180021dd4     libucrt:findfirstfileexa.obj
 0004:00000de0       $pdata$__acrt_FindFirstFileExA 0000000180021de0     libucrt:findfirstfileexa.obj
 0004:00000dec       $pdata$??$__acrt_convert_wcs_mbs@_WD$$A6A_KPEADPEB_W_KPEAU__crt_locale_pointers@@@ZU__crt_win32_buffer_no_resizing@@@@YAHQEB_WAEAV?$__crt_win32_buffer@DU__crt_win32_buffer_no_resizing@@@@A6A_KPEADPEB_W_KPEAU__crt_locale_pointers@@@Z5@Z 0000000180021dec     libucrt:findnextfilea.obj
 0004:00000df8       $pdata$__acrt_FindNextFileA 0000000180021df8     libucrt:findnextfilea.obj
 0004:00000e04       $pdata$_mbsdec_l           0000000180021e04     libucrt:mbsdec.obj
 0004:00000e10       $pdata$?_mbstowcs_l_helper@@YA_KPEA_WPEBD_KPEAU__crt_locale_pointers@@@Z 0000000180021e10     libucrt:mbstowcs.obj
 0004:00000e1c       $pdata$?initialize_multibyte@@YAHXZ 0000000180021e1c     libucrt:multibyte_initializer.obj
 0004:00000e28       $pdata$_msize_base         0000000180021e28     libucrt:msize.obj
 0004:00000e34       $pdata$_realloc_base       0000000180021e34     libucrt:realloc_base.obj
 0004:00000e40       $pdata$?GetTableIndexFromLocaleName@@YAHPEB_W@Z 0000000180021e40     libucrt:lcidtoname_downlevel.obj
 0004:00000e4c       $pdata$__acrt_DownlevelLocaleNameToLCID 0000000180021e4c     libucrt:lcidtoname_downlevel.obj
 0004:00000e58       $pdata$??$?RV<lambda_a37b2b86f63e897a80ea819b0eb08c01>@@AEAV<lambda_38ce7e780aa69e748d6df282ebc68efe>@@V<lambda_99fb1378e971ab6e7edea83e3a7a83a2>@@@?$__crt_seh_guarded_call@H@@QEAAH$$QEAV<lambda_a37b2b86f63e897a80ea819b0eb08c01>@@AEAV<lambda_38ce7e780aa69e748d6df282ebc68efe>@@$$QEAV<lambda_99fb1378e971ab6e7edea83e3a7a83a2>@@@Z 0000000180021e58     libucrt:commit.obj
 0004:00000e64       $pdata$_commit             0000000180021e64     libucrt:commit.obj
 0004:00000e70       $pdata$?write_double_translated_ansi_nolock@@YA?AUwrite_result@?A0x17268360@@HQEBDI@Z 0000000180021e70     libucrt:write.obj
 0004:00000e7c       $pdata$?write_text_ansi_nolock@@YA?AUwrite_result@?A0x17268360@@HQEBDI@Z 0000000180021e7c     libucrt:write.obj
 0004:00000e88       $pdata$?write_text_utf16le_nolock@@YA?AUwrite_result@?A0x17268360@@HQEBDI@Z 0000000180021e88     libucrt:write.obj
 0004:00000e94       $pdata$?write_text_utf8_nolock@@YA?AUwrite_result@?A0x17268360@@HQEBDI@Z 0000000180021e94     libucrt:write.obj
 0004:00000ea0       $pdata$_write              0000000180021ea0     libucrt:write.obj
 0004:00000eac       $pdata$_write_nolock       0000000180021eac     libucrt:write.obj
 0004:00000eb8       $pdata$?__mbrtoc32_utf8@__crt_mbstring@@YA_KPEA_UPEBD_KPEAU_Mbstatet@@@Z 0000000180021eb8     libucrt:mbrtoc32.obj
 0004:00000ec4       $pdata$fegetenv            0000000180021ec4     libucrt:fegetenv.obj
 0004:00000ed0       $pdata$fesetenv            0000000180021ed0     libucrt:fesetenv.obj
 0004:00000edc       $pdata$feholdexcept        0000000180021edc     libucrt:feholdexcept.obj
 0004:00000ef4       $pdata$??$common_lseek_nolock@_J@@YA_JH_JH@Z 0000000180021ef4     libucrt:lseek.obj
 0004:00000f00       $pdata$_fclose_nolock      0000000180021f00     libucrt:fclose.obj
 0004:00000f0c       $pdata$fclose              0000000180021f0c     libucrt:fclose.obj
 0004:00000f18       $pdata$?_wcstombs_l_helper@@YA_KPEADPEB_W_KPEAU__crt_locale_pointers@@@Z 0000000180021f18     libucrt:wcstombs.obj
 0004:00000f24       $pdata$_putwch_nolock      0000000180021f24     libucrt:putwch.obj
 0004:00000f30       $pdata$__acrt_fenv_set_control 0000000180021f30     libucrt:_fenvutils.obj
 0004:00000f3c       $pdata$_clearfp            0000000180021f3c     libucrt:ieee.obj
 0004:00000f48       $pdata$_call_matherr       0000000180021f48     libucrt:libm_error.obj
 0004:00000f54       $pdata$_exception_enabled  0000000180021f54     libucrt:libm_error.obj
 0004:00000f60       $pdata$_handle_error       0000000180021f60     libucrt:libm_error.obj
 0004:00000f6c       $pdata$__acrt_initialize_fma3 0000000180021f6c     libucrt:fma3_available.obj
 0004:00000f78       $pdata$_log10_special      0000000180021f78     libucrt:log_special.obj
 0004:00000f84       $pdata$_log_special_common 0000000180021f84     libucrt:log_special.obj
 0004:00000f90       $pdata$??$?RV<lambda_751a882b2c74d4b022dec766aa51a29a>@@AEAV<lambda_628dfdc04ba53c8bfc02c9951375f3f5>@@V<lambda_f6c7be5f7998530c34de24c7437d6b54>@@@?$__crt_seh_guarded_call@H@@QEAAH$$QEAV<lambda_751a882b2c74d4b022dec766aa51a29a>@@AEAV<lambda_628dfdc04ba53c8bfc02c9951375f3f5>@@$$QEAV<lambda_f6c7be5f7998530c34de24c7437d6b54>@@@Z 0000000180021f90     libucrt:close.obj
 0004:00000f9c       $pdata$_close              0000000180021f9c     libucrt:close.obj
 0004:00000fa8       $pdata$_close_nolock       0000000180021fa8     libucrt:close.obj
 0004:00000fb4       $pdata$?__wcsrtombs_utf8@__crt_mbstring@@YA_KPEADPEAPEB_W_KPEAU_Mbstatet@@@Z 0000000180021fb4     libucrt:wcrtomb.obj
 0004:00000fc0       $pdata$__dcrt_lowio_ensure_console_output_initialized 0000000180021fc0     libucrt:initcon.obj
 0004:00000fcc       $pdata$__dcrt_terminate_console_output 0000000180021fcc     libucrt:initcon.obj
 0004:00000fd8       $pdata$__dcrt_write_console 0000000180021fd8     libucrt:initcon.obj
 0004:00000ff0       $pdata$_raise_exc          0000000180021ff0     libucrt:fpexcept.obj
 0004:00000ffc       $pdata$_raise_exc_ex       0000000180021ffc     libucrt:fpexcept.obj
 0004:00001008       $pdata$_set_errno_from_matherr 0000000180022008     libucrt:fpexcept.obj
 0004:00001014       $pdata$_clrfp              0000000180022014     libucrt:fpctrl.obj
 0004:00001020       $pdata$_ctrlfp             0000000180022020     libucrt:fpctrl.obj
 0004:0000102c       $pdata$_set_statfp         000000018002202c     libucrt:fpctrl.obj
 0004:00001038       $pdata$_statfp             0000000180022038     libucrt:fpctrl.obj
 0004:00001044       $pdata$?__c16rtomb_utf8@__crt_mbstring@@YA_KPEAD_SPEAU_Mbstatet@@@Z 0000000180022044     libucrt:c16rtomb.obj
 0004:00001050       $pdata$?__c32rtomb_utf8@__crt_mbstring@@YA_KPEAD_UPEAU_Mbstatet@@@Z 0000000180022050     libucrt:c32rtomb.obj
 0004:0000105c       $pdata$?DloadAcquireSectionWriteAccess@@YAXXZ 000000018002205c     DelayImp:delayhlp.obj
 0004:00001068       $pdata$?DloadGetSRWLockFunctionPointers@@YAEXZ 0000000180022068     DelayImp:delayhlp.obj
 0004:00001074       $pdata$?DloadMakePermanentImageCommit@@YAXPEAX_K@Z 0000000180022074     DelayImp:delayhlp.obj
 0004:00001080       $pdata$?DloadObtainSection@@YAPEAXPEAK0@Z 0000000180022080     DelayImp:delayhlp.obj
 0004:0000108c       $pdata$?DloadProtectSection@@YAXKPEAK@Z 000000018002208c     DelayImp:delayhlp.obj
 0004:00001098       $pdata$?DloadReleaseSectionWriteAccess@@YAXXZ 0000000180022098     DelayImp:delayhlp.obj
 0004:000010a4       $pdata$__delayLoadHelper2  00000001800220a4     DelayImp:delayhlp.obj
 0004:000010b0       $pdata$_IsNonwritableInCurrentImage 00000001800220b0     LIBCMT:pesect.obj
 0004:000010bc       $pdata$__GSHandlerCheck    00000001800220bc     LIBCMT:_gshandler_.obj
 0004:000010c8       $pdata$__GSHandlerCheckCommon 00000001800220c8     LIBCMT:_gshandler_.obj
 0004:000010d4       $pdata$??_Gtype_info@@UEAAPEAXI@Z 00000001800220d4     LIBCMT:std_type_info_static.obj
 0004:000010ec       $pdata$__GSHandlerCheck_EH 00000001800220ec     LIBCMT:gshandlereh.obj
 0004:000010f8       $pdata$strrchr             00000001800220f8     libvcruntime:strrchr.obj
 0004:0000111c       $pdata$?fin$0@?0??dllmain_crt_process_attach@@YAHQEAUHINSTANCE__@@QEAX@Z@4HA 000000018002211c     LIBCMT:dll_dllmain.obj
 0004:00001128       $pdata$?fin$0@?0??dllmain_crt_process_detach@@YAH_N@Z@4HA 0000000180022128     LIBCMT:dll_dllmain.obj
 0004:00001134       $pdata$?filt$0@?0??dllmain_dispatch@@YAHQEAUHINSTANCE__@@KQEAX@Z@4HA 0000000180022134     LIBCMT:dll_dllmain.obj
 0004:00001140       $pdata$__scrt_is_nonwritable_in_current_image$filt$0 0000000180022140     LIBCMT:utility.obj
 0004:0000114c       $pdata$_CallSETranslator$filt$0 000000018002214c     libvcruntime:risctrnsctrl.obj
 0004:00001158       $pdata$__CxxCallCatchBlock$filt$0 0000000180022158     libvcruntime:frame.obj
 0004:00001164       $pdata$__CxxCallCatchBlock$fin$1 0000000180022164     libvcruntime:frame.obj
 0004:00001170       $pdata$__FrameUnwindToState$filt$0 0000000180022170     libvcruntime:frame.obj
 0004:0000117c       $pdata$__FrameUnwindToState$fin$1 000000018002217c     libvcruntime:frame.obj
 0004:00001188       $pdata$__DestructExceptionObject$filt$0 0000000180022188     libvcruntime:ehhelpers.obj
 0004:00001194       $pdata$?fin$0@?0???$?RV<lambda_aa87e3671a710a21b5dc78c0bdf72e11>@@AEAV<lambda_92619d2358a28f41a33ba319515a20b9>@@V<lambda_6992ecaafeb10aed2b74cb1fae11a551>@@@?$__crt_seh_guarded_call@X@@QEAAX$$QEAV<lambda_aa87e3671a710a21b5dc78c0bdf72e11>@@AEAV<lambda_92619d2358a28f41a33ba319515a20b9>@@$$QEAV<lambda_6992ecaafeb10aed2b74cb1fae11a551>@@@Z@4HA 0000000180022194     libucrt:per_thread_data.obj
 0004:00001194       $pdata$?fin$0@?0???$?RV<lambda_7777bce6b2f8c936911f934f8298dc43>@@AEAV<lambda_f03950bc5685219e0bcd2087efbe011e>@@V<lambda_3883c3dff614d5e0c5f61bb1ac94921c>@@@?$__crt_seh_guarded_call@H@@QEAAH$$QEAV<lambda_7777bce6b2f8c936911f934f8298dc43>@@AEAV<lambda_f03950bc5685219e0bcd2087efbe011e>@@$$QEAV<lambda_3883c3dff614d5e0c5f61bb1ac94921c>@@@Z@4HA 0000000180022194     libucrt:onexit.obj
 0004:00001194       $pdata$?fin$0@?0???$?RV<lambda_efdfa57d1f175319df784efa44bb7b81>@@AEAV<lambda_5f0a4c1567f8adc6734073e5d1e1b35c>@@V<lambda_2e8a7d3640ea6ccb4c2413664c2db6fd>@@@?$__crt_seh_guarded_call@X@@QEAAX$$QEAV<lambda_efdfa57d1f175319df784efa44bb7b81>@@AEAV<lambda_5f0a4c1567f8adc6734073e5d1e1b35c>@@$$QEAV<lambda_2e8a7d3640ea6ccb4c2413664c2db6fd>@@@Z@4HA 0000000180022194     libucrt:mbctype.obj
 0004:00001194       $pdata$?fin$0@?0???$?RV<lambda_450d765d439847d4c735a33c368b5fc0>@@AEAV<lambda_44731a7d0e6d81c3e6aa82d741081786>@@V<lambda_601a2a7da3b7a96e9554ac7215c4b07c>@@@?$__crt_seh_guarded_call@P6AXH@Z@@QEAAP6AXH@Z$$QEAV<lambda_450d765d439847d4c735a33c368b5fc0>@@AEAV<lambda_44731a7d0e6d81c3e6aa82d741081786>@@$$QEAV<lambda_601a2a7da3b7a96e9554ac7215c4b07c>@@@Z@4HA 0000000180022194     libucrt:signal.obj
 0004:00001194       $pdata$?fin$0@?0???$?RV<lambda_2d41944a1d46af3157314b8a01080d33>@@AEAV<lambda_8f455de75cd7d7f24b4096f044d8b9e6>@@V<lambda_aa500f224e6afead328df44964fe2772>@@@?$__crt_seh_guarded_call@X@@QEAAX$$QEAV<lambda_2d41944a1d46af3157314b8a01080d33>@@AEAV<lambda_8f455de75cd7d7f24b4096f044d8b9e6>@@$$QEAV<lambda_aa500f224e6afead328df44964fe2772>@@@Z@4HA 0000000180022194     libucrt:per_thread_data.obj
 0004:00001194       $pdata$?fin$0@?0???$?RV<lambda_0ae27a3a962d80f24befdcbee591983d>@@AEAV<lambda_8d0ee55de4b1038c4002e0adecdf1839>@@V<lambda_dc504788e8f1664fe9b84e20bfb512f2>@@@?$__crt_seh_guarded_call@X@@QEAAX$$QEAV<lambda_0ae27a3a962d80f24befdcbee591983d>@@AEAV<lambda_8d0ee55de4b1038c4002e0adecdf1839>@@$$QEAV<lambda_dc504788e8f1664fe9b84e20bfb512f2>@@@Z@4HA 0000000180022194     libucrt:per_thread_data.obj
 0004:00001194       $pdata$?fin$0@?0???$?RV<lambda_f2e299630e499de9f9a165e60fcd3db5>@@AEAV<lambda_2ae9d31cdba2644fcbeaf08da7c24588>@@V<lambda_40d01ff24d0e7b3814fdbdcee8eab3c7>@@@?$__crt_seh_guarded_call@X@@QEAAX$$QEAV<lambda_f2e299630e499de9f9a165e60fcd3db5>@@AEAV<lambda_2ae9d31cdba2644fcbeaf08da7c24588>@@$$QEAV<lambda_40d01ff24d0e7b3814fdbdcee8eab3c7>@@@Z@4HA 0000000180022194     libucrt:per_thread_data.obj
 0004:00001194       $pdata$?fin$0@?0???$?RV<lambda_d80eeec6fff315bfe5c115232f3240e3>@@AEAV<lambda_6e4b09c48022b2350581041d5f6b0c4c>@@V<lambda_2358e3775559c9db80273638284d5e45>@@@?$__crt_seh_guarded_call@X@@QEAAX$$QEAV<lambda_d80eeec6fff315bfe5c115232f3240e3>@@AEAV<lambda_6e4b09c48022b2350581041d5f6b0c4c>@@$$QEAV<lambda_2358e3775559c9db80273638284d5e45>@@@Z@4HA 0000000180022194     libucrt:exit.obj
 0004:000011a0       $pdata$?filt$0@?0???R<lambda_6e4b09c48022b2350581041d5f6b0c4c>@@QEBA@XZ@4HA 00000001800221a0     libucrt:exit.obj
 0004:000011ac       $pdata$?fin$0@?0???$?RV<lambda_410d79af7f07d98d83a3f525b3859a53>@@AEAV<lambda_3e16ef9562a7dcce91392c22ab16ea36>@@V<lambda_38119f0e861e05405d8a144b9b982f0a>@@@?$__crt_seh_guarded_call@X@@QEAAX$$QEAV<lambda_410d79af7f07d98d83a3f525b3859a53>@@AEAV<lambda_3e16ef9562a7dcce91392c22ab16ea36>@@$$QEAV<lambda_38119f0e861e05405d8a144b9b982f0a>@@@Z@4HA 00000001800221ac     libucrt:wsetlocale.obj
 0004:000011b8       $pdata$__acrt_lowio_ensure_fh_exists$fin$0 00000001800221b8     libucrt:osfinfo.obj
 0004:000011b8       $pdata$__acrt_initialize_lowio$fin$0 00000001800221b8     libucrt:ioinit.obj
 0004:000011c4       $pdata$?fin$0@?0??update_thread_multibyte_data_internal@@YAPEAU__crt_multibyte_data@@QEAU__acrt_ptd@@QEAPEAU1@@Z@4HA 00000001800221c4     libucrt:mbctype.obj
 0004:000011d0       $pdata$_query_new_handler$fin$0 00000001800221d0     libucrt:new_handler.obj
 0004:000011dc       $pdata$raise$fin$0         00000001800221dc     libucrt:signal.obj
 0004:000011e8       $pdata$?fin$0@?0???$?RV<lambda_842d9ff0dc9ef11c61343bbaebe7f885>@@AEAV<lambda_c5860995281e5c4ce005b3de8f5874ee>@@V<lambda_d90129c13df834fdcbf8d2b88dafcf2d>@@@?$__crt_seh_guarded_call@X@@QEAAX$$QEAV<lambda_842d9ff0dc9ef11c61343bbaebe7f885>@@AEAV<lambda_c5860995281e5c4ce005b3de8f5874ee>@@$$QEAV<lambda_d90129c13df834fdcbf8d2b88dafcf2d>@@@Z@4HA 00000001800221e8     libucrt:fflush.obj
 0004:000011f4       $pdata$?fin$0@?0???$?RV<lambda_886d6c58226a84441f68b9f2b8217b83>@@AEAV<lambda_ab61a845afdef5b7c387490eaf3616ee>@@V<lambda_f7f22ab5edc0698d5f6905b0d3f44752>@@@?$__crt_seh_guarded_call@X@@QEAAX$$QEAV<lambda_886d6c58226a84441f68b9f2b8217b83>@@AEAV<lambda_ab61a845afdef5b7c387490eaf3616ee>@@$$QEAV<lambda_f7f22ab5edc0698d5f6905b0d3f44752>@@@Z@4HA 00000001800221f4     libucrt:fflush.obj
 0004:00001200       $pdata$__acrt_update_thread_locale_data$fin$0 0000000180022200     libucrt:locale_refcounting.obj
 0004:0000120c       $pdata$_fcloseall$fin$0    000000018002220c     libucrt:closeall.obj
 0004:00001218       $pdata$?fin$0@?0???$?RV<lambda_751a882b2c74d4b022dec766aa51a29a>@@AEAV<lambda_628dfdc04ba53c8bfc02c9951375f3f5>@@V<lambda_f6c7be5f7998530c34de24c7437d6b54>@@@?$__crt_seh_guarded_call@H@@QEAAH$$QEAV<lambda_751a882b2c74d4b022dec766aa51a29a>@@AEAV<lambda_628dfdc04ba53c8bfc02c9951375f3f5>@@$$QEAV<lambda_f6c7be5f7998530c34de24c7437d6b54>@@@Z@4HA 0000000180022218     libucrt:close.obj
 0004:00001218       $pdata$?fin$0@?0???$?RV<lambda_a37b2b86f63e897a80ea819b0eb08c01>@@AEAV<lambda_38ce7e780aa69e748d6df282ebc68efe>@@V<lambda_99fb1378e971ab6e7edea83e3a7a83a2>@@@?$__crt_seh_guarded_call@H@@QEAAH$$QEAV<lambda_a37b2b86f63e897a80ea819b0eb08c01>@@AEAV<lambda_38ce7e780aa69e748d6df282ebc68efe>@@$$QEAV<lambda_99fb1378e971ab6e7edea83e3a7a83a2>@@@Z@4HA 0000000180022218     libucrt:commit.obj
 0004:00001224       $pdata$_write$fin$0        0000000180022224     libucrt:write.obj
 0004:00001230       $pdata$fclose$fin$0        0000000180022230     libucrt:fclose.obj
 0004:0000123c       $pdata$_ctrlfp$filt$0      000000018002223c     libucrt:fpctrl.obj
 0004:00001248       $pdata$_IsNonwritableInCurrentImage$filt$0 0000000180022248     LIBCMT:pesect.obj
 0005:00000060       $R000000                   0000000180023060     * linker generated manifest res *

 Exports

  ordinal    name

        1    _register_addon_
