 GA

 Timestamp is 5c1a2ca6 (Wed Dec 19 19:33:58 2018)

 Preferred load address is 0000000180000000

 Start         Length     Name                   Class
 0001:00000000 00000340H .text$di                CODE
 0001:00000340 00033410H .text$mn                CODE
 0001:00033750 00000020H .text$mn$00             CODE
 0001:00033770 000004e0H .text$x                 CODE
 0001:00033c50 00000138H .text$yd                CODE
 0002:00000000 00000298H .idata$5                DATA
 0002:00000298 00000010H .00cfg                  DATA
 0002:000002a8 00000008H .CRT$XCA                DATA
 0002:000002b0 00000038H .CRT$XCC                DATA
 0002:000002e8 00000010H .CRT$XCL                DATA
 0002:000002f8 00000010H .CRT$XCU                DATA
 0002:00000308 00000008H .CRT$XCZ                DATA
 0002:00000310 00000008H .CRT$XIA                DATA
 0002:00000318 00000028H .CRT$XIC                DATA
 0002:00000340 00000008H .CRT$XIZ                DATA
 0002:00000348 00000008H .CRT$XPA                DATA
 0002:00000350 00000010H .CRT$XPX                DATA
 0002:00000360 00000008H .CRT$XPXA               DATA
 0002:00000368 00000008H .CRT$XPZ                DATA
 0002:00000370 00000008H .CRT$XTA                DATA
 0002:00000378 00000008H .CRT$XTZ                DATA
 0002:00000380 00000000H .gfids$y                DATA
 0002:00000380 00010058H .rdata                  DATA
 0002:000103d8 0000104cH .rdata$r                DATA
 0002:00011424 000003fcH .rdata$zzzdbg           DATA
 0002:00011820 00000008H .rtc$IAA                DATA
 0002:00011828 00000008H .rtc$IZZ                DATA
 0002:00011830 00000008H .rtc$TAA                DATA
 0002:00011838 00000008H .rtc$TZZ                DATA
 0002:00011840 00002650H .xdata                  DATA
 0002:00013e90 00000244H .xdata$x                DATA
 0002:000140d4 00000020H .didat$2                DATA
 0002:000140f4 00000024H .didat$3                DATA
 0002:00014118 00000050H .didat$4                DATA
 0002:00014168 00000270H .didat$6                DATA
 0002:000143d8 00000058H .didat$7                DATA
 0002:00014430 00000048H .edata                  DATA
 0002:00014478 00000014H .idata$2                DATA
 0002:0001448c 00000014H .idata$3                DATA
 0002:000144a0 00000298H .idata$4                DATA
 0002:00014738 000005faH .idata$6                DATA
 0003:00000000 00000ba0H .data                   DATA
 0003:00000ba0 00000650H .data$r                 DATA
 0003:000011f0 00000050H .didat$5                DATA
 0003:00001240 00022bd4H .bss                    DATA
 0004:00000000 00002898H .pdata                  DATA
 0005:00000000 00000060H .rsrc$01                DATA
 0005:00000060 00000180H .rsrc$02                DATA

  Address         Publics by Value              Rva+Base               Lib:Object

 0000:00000000       __guard_iat_table          0000000000000000     <absolute>
 0000:00000000       __dynamic_value_reloc_table 0000000000000000     <absolute>
 0000:00000000       __hybrid_code_map          0000000000000000     <absolute>
 0000:00000000       __hybrid_code_map_count    0000000000000000     <absolute>
 0000:00000000       __guard_iat_count          0000000000000000     <absolute>
 0000:00000000       __hybrid_auxiliary_iat     0000000000000000     <absolute>
 0000:00000000       __guard_longjmp_table      0000000000000000     <absolute>
 0000:00000000       __guard_longjmp_count      0000000000000000     <absolute>
 0000:00000000       __guard_fids_count         0000000000000000     <absolute>
 0000:00000000       __enclave_config           0000000000000000     <absolute>
 0000:00000000       ___safe_se_handler_table   0000000000000000     <absolute>
 0000:00000000       ___safe_se_handler_count   0000000000000000     <absolute>
 0000:00000000       __guard_fids_table         0000000000000000     <absolute>
 0000:00000100       __guard_flags              0000000000000100     <absolute>
 0000:00000000       __ImageBase                0000000180000000     <linker-defined>
 0001:00000340       __local_stdio_printf_options 0000000180001340 f i GenerticAlgorithm.obj
 0001:00000350       sprintf_s                  0000000180001350 f i GenerticAlgorithm.obj
 0001:000003b0       ?what@exception@stdext@@UEBAPEBDXZ 00000001800013b0 f i GenerticAlgorithm.obj
 0001:000003d0       ?_Raise@exception@stdext@@QEBAXXZ 00000001800013d0 f i GenerticAlgorithm.obj
 0001:00000410       ?imbue@?$basic_streambuf@DU?$char_traits@D@std@@@std@@MEAAXAEBVlocale@2@@Z 0000000180001410 f i GenerticAlgorithm.obj
 0001:00000410       ?_Lock@?$basic_streambuf@DU?$char_traits@D@std@@@std@@UEAAXXZ 0000000180001410 f i GenerticAlgorithm.obj
 0001:00000410       ?_Unlock@?$basic_streambuf@DU?$char_traits@D@std@@@std@@UEAAXXZ 0000000180001410 f i GenerticAlgorithm.obj
 0001:00000410       _guard_check_icall_nop     0000000180001410 f i LIBCMT:guard_support.obj
 0001:00000410       ?_Doraise@exception@stdext@@MEBAXXZ 0000000180001410 f i GenerticAlgorithm.obj
 0001:00000420       ??_Eruntime_error@std@@UEAAPEAXI@Z 0000000180001420 f i * CIL library *:* CIL module *
 0001:00000420       ??_Gruntime_error@std@@UEAAPEAXI@Z 0000000180001420 f i GenerticAlgorithm.obj
 0001:00000420       ??_Eexception@stdext@@UEAAPEAXI@Z 0000000180001420 f i * CIL library *:* CIL module *
 0001:00000420       ??_Gexception@stdext@@UEAAPEAXI@Z 0000000180001420 f i GenerticAlgorithm.obj
 0001:00000450       ??0runtime_error@std@@QEAA@PEBD@Z 0000000180001450 f i GenerticAlgorithm.obj
 0001:00000470       ??1_Locinfo@std@@QEAA@XZ   0000000180001470 f i GenerticAlgorithm.obj
 0001:00000510       ??_G_Facet_base@std@@UEAAPEAXI@Z 0000000180001510 f i GenerticAlgorithm.obj
 0001:00000510       ??_E_Facet_base@std@@UEAAPEAXI@Z 0000000180001510 f i * CIL library *:* CIL module *
 0001:00000540       ?_Incref@facet@locale@std@@UEAAXXZ 0000000180001540 f i GenerticAlgorithm.obj
 0001:00000550       ?_Decref@facet@locale@std@@UEAAPEAV_Facet_base@3@XZ 0000000180001550 f i GenerticAlgorithm.obj
 0001:00000560       DllMain                    0000000180001560 f i LIBCMT:dll_dllmain_stub.obj
 0001:00000560       ?do_max_length@codecvt_base@std@@MEBAHXZ 0000000180001560 f i GenerticAlgorithm.obj
 0001:00000560       _get_startup_argv_mode     0000000180001560 f i LIBCMT:argv_mode.obj
 0001:00000560       ?do_encoding@codecvt_base@std@@MEBAHXZ 0000000180001560 f i GenerticAlgorithm.obj
 0001:00000570       ?do_tolower@?$ctype@D@std@@MEBADD@Z 0000000180001570 f i GenerticAlgorithm.obj
 0001:00000580       ?do_tolower@?$ctype@D@std@@MEBAPEBDPEADPEBD@Z 0000000180001580 f i GenerticAlgorithm.obj
 0001:000005e0       ?do_toupper@?$ctype@D@std@@MEBADD@Z 00000001800015e0 f i GenerticAlgorithm.obj
 0001:000005f0       ?do_toupper@?$ctype@D@std@@MEBAPEBDPEADPEBD@Z 00000001800015f0 f i GenerticAlgorithm.obj
 0001:00000650       ?do_narrow@?$ctype@D@std@@MEBADDD@Z 0000000180001650 f i GenerticAlgorithm.obj
 0001:00000650       ?do_widen@?$ctype@D@std@@MEBADD@Z 0000000180001650 f i GenerticAlgorithm.obj
 0001:00000660       ?do_widen@?$ctype@D@std@@MEBAPEBDPEBD0PEAD@Z 0000000180001660 f i GenerticAlgorithm.obj
 0001:00000680       ?do_narrow@?$ctype@D@std@@MEBAPEBDPEBD0DPEAD@Z 0000000180001680 f i GenerticAlgorithm.obj
 0001:000006a0       ??_G?$ctype@D@std@@MEAAPEAXI@Z 00000001800016a0 f i GenerticAlgorithm.obj
 0001:000006a0       ??_E?$ctype@D@std@@MEAAPEAXI@Z 00000001800016a0 f i * CIL library *:* CIL module *
 0001:00000710       ?default_error_condition@error_category@std@@UEBA?AVerror_condition@2@H@Z 0000000180001710 f i GenerticAlgorithm.obj
 0001:00000720       ?equivalent@error_category@std@@UEBA_NHAEBVerror_condition@2@@Z 0000000180001720 f i GenerticAlgorithm.obj
 0001:00000780       ?equivalent@error_category@std@@UEBA_NAEBVerror_code@2@H@Z 0000000180001780 f i GenerticAlgorithm.obj
 0001:000007a0       ?make_error_code@std@@YA?AVerror_code@1@W4io_errc@1@@Z 00000001800017a0 f i GenerticAlgorithm.obj
 0001:000007f0       ?_Makestr@_System_error@std@@CA?AV?$basic_string@DU?$char_traits@D@std@@V?$allocator@D@2@@2@Verror_code@2@V32@@Z 00000001800017f0 f i GenerticAlgorithm.obj
 0001:00000990       ??0_System_error@std@@IEAA@Verror_code@1@AEBV?$basic_string@DU?$char_traits@D@std@@V?$allocator@D@2@@1@@Z 0000000180001990 f i GenerticAlgorithm.obj
 0001:00000b20       ??_E_System_error@std@@UEAAPEAXI@Z 0000000180001b20 f i * CIL library *:* CIL module *
 0001:00000b20       ??_G_System_error@std@@UEAAPEAXI@Z 0000000180001b20 f i GenerticAlgorithm.obj
 0001:00000b20       ??_Gfailure@ios_base@std@@UEAAPEAXI@Z 0000000180001b20 f i GenerticAlgorithm.obj
 0001:00000b20       ??_Efailure@ios_base@std@@UEAAPEAXI@Z 0000000180001b20 f i * CIL library *:* CIL module *
 0001:00000b50       ?name@_Iostream_error_category@std@@UEBAPEBDXZ 0000000180001b50 f i GenerticAlgorithm.obj
 0001:00000b60       ?message@_Iostream_error_category@std@@UEBA?AV?$basic_string@DU?$char_traits@D@std@@V?$allocator@D@2@@2@H@Z 0000000180001b60 f i GenerticAlgorithm.obj
 0001:00000be0       ??_G_Iostream_error_category@std@@UEAAPEAXI@Z 0000000180001be0 f i GenerticAlgorithm.obj
 0001:00000be0       ??_E_Iostream_error_category@std@@UEAAPEAXI@Z 0000000180001be0 f i * CIL library *:* CIL module *
 0001:00000c10       ??0failure@ios_base@std@@QEAA@PEBDAEBVerror_code@2@@Z 0000000180001c10 f i GenerticAlgorithm.obj
 0001:00000ce0       ??_Eios_base@std@@UEAAPEAXI@Z 0000000180001ce0 f i * CIL library *:* CIL module *
 0001:00000ce0       ??_Gios_base@std@@UEAAPEAXI@Z 0000000180001ce0 f i GenerticAlgorithm.obj
 0001:00000d20       ??0Path@@QEAA@XZ           0000000180001d20 f i GenerticAlgorithm.obj
 0001:00000ed0       ?initDistance@Path@@QEAAXXZ 0000000180001ed0 f i GenerticAlgorithm.obj
 0001:00001ab0       ?calculateLength@Path@@QEAAXXZ 0000000180002ab0 f i GenerticAlgorithm.obj
 0001:00001b90       ??_D?$basic_ifstream@DU?$char_traits@D@std@@@std@@QEAAXXZ 0000000180002b90 f i GenerticAlgorithm.obj
 0001:00001c20       ?getShortestPath@GA@@QEAA?AUPath@@XZ 0000000180002c20 f   GenerticAlgorithm.obj
 0001:000026e0       ?choose@GA@@AEAAXAEAV?$vector@UPath@@V?$allocator@UPath@@@std@@@std@@@Z 00000001800036e0 f i GenerticAlgorithm.obj
 0001:00002b80       ?writePathFile@GA@@AEAAXAEAUPath@@@Z 0000000180003b80 f i GenerticAlgorithm.obj
 0001:00002db0       ??_D?$basic_ofstream@DU?$char_traits@D@std@@@std@@QEAAXXZ 0000000180003db0 f i GenerticAlgorithm.obj
 0001:00002e40       ??0?$basic_string@DU?$char_traits@D@std@@V?$allocator@D@2@@std@@QEAA@_KD@Z 0000000180003e40 f i GenerticAlgorithm.obj
 0001:00002fb0       ??0?$basic_ofstream@DU?$char_traits@D@std@@@std@@QEAA@AEBV?$basic_string@DU?$char_traits@D@std@@V?$allocator@D@2@@1@HH@Z 0000000180003fb0 f i GenerticAlgorithm.obj
 0001:00003160       ?imbue@?$basic_filebuf@DU?$char_traits@D@std@@@std@@MEAAXAEBVlocale@2@@Z 0000000180004160 f i GenerticAlgorithm.obj
 0001:00003190       ?sync@?$basic_filebuf@DU?$char_traits@D@std@@@std@@MEAAHXZ 0000000180004190 f i GenerticAlgorithm.obj
 0001:000031e0       ?setbuf@?$basic_filebuf@DU?$char_traits@D@std@@@std@@MEAAPEAV?$basic_streambuf@DU?$char_traits@D@std@@@2@PEAD_J@Z 00000001800041e0 f i GenerticAlgorithm.obj
 0001:00003240       ?seekpos@?$basic_filebuf@DU?$char_traits@D@std@@@std@@MEAA?AV?$fpos@U_Mbstatet@@@2@V32@H@Z 0000000180004240 f i GenerticAlgorithm.obj
 0001:00003320       ?seekoff@?$basic_filebuf@DU?$char_traits@D@std@@@std@@MEAA?AV?$fpos@U_Mbstatet@@@2@_JHH@Z 0000000180004320 f i GenerticAlgorithm.obj
 0001:00003410       ?uflow@?$basic_filebuf@DU?$char_traits@D@std@@@std@@MEAAHXZ 0000000180004410 f i GenerticAlgorithm.obj
 0001:00003750       ?underflow@?$basic_filebuf@DU?$char_traits@D@std@@@std@@MEAAHXZ 0000000180004750 f i GenerticAlgorithm.obj
 0001:00003880       ?pbackfail@?$basic_filebuf@DU?$char_traits@D@std@@@std@@MEAAHH@Z 0000000180004880 f i GenerticAlgorithm.obj
 0001:00003970       ?overflow@?$basic_filebuf@DU?$char_traits@D@std@@@std@@MEAAHH@Z 0000000180004970 f i GenerticAlgorithm.obj
 0001:00003c20       ?_Unlock@?$basic_filebuf@DU?$char_traits@D@std@@@std@@UEAAXXZ 0000000180004c20 f i GenerticAlgorithm.obj
 0001:00003c40       ?_Lock@?$basic_filebuf@DU?$char_traits@D@std@@@std@@UEAAXXZ 0000000180004c40 f i GenerticAlgorithm.obj
 0001:00003c60       ??1?$basic_filebuf@DU?$char_traits@D@std@@@std@@UEAA@XZ 0000000180004c60 f i GenerticAlgorithm.obj
 0001:00003d10       ??6?$basic_ostream@DU?$char_traits@D@std@@@std@@QEAAAEAV01@H@Z 0000000180004d10 f i GenerticAlgorithm.obj
 0001:00003fc0       ?showmanyc@?$basic_streambuf@DU?$char_traits@D@std@@@std@@MEAA_JXZ 0000000180004fc0 f i GenerticAlgorithm.obj
 0001:00003fc0       ?sync@?$basic_streambuf@DU?$char_traits@D@std@@@std@@MEAAHXZ 0000000180004fc0 f i GenerticAlgorithm.obj
 0001:00003fd0       ?setbuf@?$basic_streambuf@DU?$char_traits@D@std@@@std@@MEAAPEAV12@PEAD_J@Z 0000000180004fd0 f i GenerticAlgorithm.obj
 0001:00003fe0       ?seekoff@?$basic_streambuf@DU?$char_traits@D@std@@@std@@MEAA?AV?$fpos@U_Mbstatet@@@2@_JHH@Z 0000000180004fe0 f i GenerticAlgorithm.obj
 0001:00003fe0       ?seekpos@?$basic_streambuf@DU?$char_traits@D@std@@@std@@MEAA?AV?$fpos@U_Mbstatet@@@2@V32@H@Z 0000000180004fe0 f i GenerticAlgorithm.obj
 0001:00004000       ?xsputn@?$basic_streambuf@DU?$char_traits@D@std@@@std@@MEAA_JPEBD_J@Z 0000000180005000 f i GenerticAlgorithm.obj
 0001:000040d0       ?xsgetn@?$basic_streambuf@DU?$char_traits@D@std@@@std@@MEAA_JPEAD_J@Z 00000001800050d0 f i GenerticAlgorithm.obj
 0001:00004190       ?uflow@?$basic_streambuf@DU?$char_traits@D@std@@@std@@MEAAHXZ 0000000180005190 f i GenerticAlgorithm.obj
 0001:000041d0       ?underflow@?$basic_streambuf@DU?$char_traits@D@std@@@std@@MEAAHXZ 00000001800051d0 f i GenerticAlgorithm.obj
 0001:000041d0       ?pbackfail@?$basic_streambuf@DU?$char_traits@D@std@@@std@@MEAAHH@Z 00000001800051d0 f i GenerticAlgorithm.obj
 0001:000041d0       ?overflow@?$basic_streambuf@DU?$char_traits@D@std@@@std@@MEAAHH@Z 00000001800051d0 f i GenerticAlgorithm.obj
 0001:000041e0       ??_G?$basic_ofstream@DU?$char_traits@D@std@@@std@@UEAAPEAXI@Z 00000001800051e0 f i GenerticAlgorithm.obj
 0001:000041e0       ??_E?$basic_ofstream@DU?$char_traits@D@std@@@std@@UEAAPEAXI@Z 00000001800051e0 f i * CIL library *:* CIL module *
 0001:00004220       ??_E?$basic_ifstream@DU?$char_traits@D@std@@@std@@UEAAPEAXI@Z 0000000180005220 f i * CIL library *:* CIL module *
 0001:00004220       ??_G?$basic_ifstream@DU?$char_traits@D@std@@@std@@UEAAPEAXI@Z 0000000180005220 f i GenerticAlgorithm.obj
 0001:00004260       ??_E?$basic_filebuf@DU?$char_traits@D@std@@@std@@UEAAPEAXI@Z 0000000180005260 f i * CIL library *:* CIL module *
 0001:00004260       ??_G?$basic_filebuf@DU?$char_traits@D@std@@@std@@UEAAPEAXI@Z 0000000180005260 f i GenerticAlgorithm.obj
 0001:000042a0       ??_E?$basic_ostream@DU?$char_traits@D@std@@@std@@UEAAPEAXI@Z 00000001800052a0 f i * CIL library *:* CIL module *
 0001:000042a0       ??_G?$basic_ostream@DU?$char_traits@D@std@@@std@@UEAAPEAXI@Z 00000001800052a0 f i GenerticAlgorithm.obj
 0001:00004310       ??_E?$basic_istream@DU?$char_traits@D@std@@@std@@UEAAPEAXI@Z 0000000180005310 f i * CIL library *:* CIL module *
 0001:00004310       ??_G?$basic_istream@DU?$char_traits@D@std@@@std@@UEAAPEAXI@Z 0000000180005310 f i GenerticAlgorithm.obj
 0001:00004380       ??_G?$basic_streambuf@DU?$char_traits@D@std@@@std@@UEAAPEAXI@Z 0000000180005380 f i GenerticAlgorithm.obj
 0001:00004380       ??_E?$basic_streambuf@DU?$char_traits@D@std@@@std@@UEAAPEAXI@Z 0000000180005380 f i * CIL library *:* CIL module *
 0001:00004400       ??_E?$basic_ios@DU?$char_traits@D@std@@@std@@UEAAPEAXI@Z 0000000180005400 f i * CIL library *:* CIL module *
 0001:00004400       ??_G?$basic_ios@DU?$char_traits@D@std@@@std@@UEAAPEAXI@Z 0000000180005400 f i GenerticAlgorithm.obj
 0001:00004440       ??0sentry@?$basic_ostream@DU?$char_traits@D@std@@@std@@QEAA@AEAV12@@Z 0000000180005440 f i GenerticAlgorithm.obj
 0001:000044b0       ?do_put@?$num_put@DV?$ostreambuf_iterator@DU?$char_traits@D@std@@@std@@@std@@MEBA?AV?$ostreambuf_iterator@DU?$char_traits@D@std@@@2@V32@AEAVios_base@2@DPEBX@Z 00000001800054b0 f i GenerticAlgorithm.obj
 0001:00004550       ?do_put@?$num_put@DV?$ostreambuf_iterator@DU?$char_traits@D@std@@@std@@@std@@MEBA?AV?$ostreambuf_iterator@DU?$char_traits@D@std@@@2@V32@AEAVios_base@2@DO@Z 0000000180005550 f i GenerticAlgorithm.obj
 0001:00004830       ?do_put@?$num_put@DV?$ostreambuf_iterator@DU?$char_traits@D@std@@@std@@@std@@MEBA?AV?$ostreambuf_iterator@DU?$char_traits@D@std@@@2@V32@AEAVios_base@2@DN@Z 0000000180005830 f i GenerticAlgorithm.obj
 0001:00004b10       ?do_put@?$num_put@DV?$ostreambuf_iterator@DU?$char_traits@D@std@@@std@@@std@@MEBA?AV?$ostreambuf_iterator@DU?$char_traits@D@std@@@2@V32@AEAVios_base@2@D_K@Z 0000000180005b10 f i GenerticAlgorithm.obj
 0001:00004c30       ?do_put@?$num_put@DV?$ostreambuf_iterator@DU?$char_traits@D@std@@@std@@@std@@MEBA?AV?$ostreambuf_iterator@DU?$char_traits@D@std@@@2@V32@AEAVios_base@2@D_J@Z 0000000180005c30 f i GenerticAlgorithm.obj
 0001:00004d50       ?do_put@?$num_put@DV?$ostreambuf_iterator@DU?$char_traits@D@std@@@std@@@std@@MEBA?AV?$ostreambuf_iterator@DU?$char_traits@D@std@@@2@V32@AEAVios_base@2@DK@Z 0000000180005d50 f i GenerticAlgorithm.obj
 0001:00004e70       ?do_put@?$num_put@DV?$ostreambuf_iterator@DU?$char_traits@D@std@@@std@@@std@@MEBA?AV?$ostreambuf_iterator@DU?$char_traits@D@std@@@2@V32@AEAVios_base@2@DJ@Z 0000000180005e70 f i GenerticAlgorithm.obj
 0001:00004f90       ?do_put@?$num_put@DV?$ostreambuf_iterator@DU?$char_traits@D@std@@@std@@@std@@MEBA?AV?$ostreambuf_iterator@DU?$char_traits@D@std@@@2@V32@AEAVios_base@2@D_N@Z 0000000180005f90 f i GenerticAlgorithm.obj
 0001:00005330       ?_Tidy@?$vector@UPath@@V?$allocator@UPath@@@std@@@std@@AEAAXXZ 0000000180006330 f i GenerticAlgorithm.obj
 0001:000053b0       ?_Buy@?$vector@UPath@@V?$allocator@UPath@@@std@@@std@@AEAA_N_K@Z 00000001800063b0 f i GenerticAlgorithm.obj
 0001:00005450       ?do_length@?$codecvt@DDU_Mbstatet@@@std@@MEBAHAEAU_Mbstatet@@PEBD1_K@Z 0000000180006450 f i GenerticAlgorithm.obj
 0001:00005470       ?do_unshift@?$codecvt@DDU_Mbstatet@@@std@@MEBAHAEAU_Mbstatet@@PEAD1AEAPEAD@Z 0000000180006470 f i GenerticAlgorithm.obj
 0001:00005480       ?do_in@?$codecvt@DDU_Mbstatet@@@std@@MEBAHAEAU_Mbstatet@@PEBD1AEAPEBDPEAD3AEAPEAD@Z 0000000180006480 f i GenerticAlgorithm.obj
 0001:00005480       ?do_out@?$codecvt@DDU_Mbstatet@@@std@@MEBAHAEAU_Mbstatet@@PEBD1AEAPEBDPEAD3AEAPEAD@Z 0000000180006480 f i GenerticAlgorithm.obj
 0001:000054a0       ?do_always_noconv@?$codecvt@DDU_Mbstatet@@@std@@MEBA_NXZ 00000001800064a0 f i GenerticAlgorithm.obj
 0001:000054a0       __acrt_uninitialize_command_line 00000001800064a0 f i libucrt:argv_data.obj
 0001:000054b0       ?do_get@?$num_get@DV?$istreambuf_iterator@DU?$char_traits@D@std@@@std@@@std@@MEBA?AV?$istreambuf_iterator@DU?$char_traits@D@std@@@2@V32@0AEAVios_base@2@AEAHAEAPEAX@Z 00000001800064b0 f i GenerticAlgorithm.obj
 0001:00005660       ?do_get@?$num_get@DV?$istreambuf_iterator@DU?$char_traits@D@std@@@std@@@std@@MEBA?AV?$istreambuf_iterator@DU?$char_traits@D@std@@@2@V32@0AEAVios_base@2@AEAHAEAN@Z 0000000180006660 f i GenerticAlgorithm.obj
 0001:00005660       ?do_get@?$num_get@DV?$istreambuf_iterator@DU?$char_traits@D@std@@@std@@@std@@MEBA?AV?$istreambuf_iterator@DU?$char_traits@D@std@@@2@V32@0AEAVios_base@2@AEAHAEAO@Z 0000000180006660 f i GenerticAlgorithm.obj
 0001:00005840       ?do_get@?$num_get@DV?$istreambuf_iterator@DU?$char_traits@D@std@@@std@@@std@@MEBA?AV?$istreambuf_iterator@DU?$char_traits@D@std@@@2@V32@0AEAVios_base@2@AEAHAEAM@Z 0000000180006840 f i GenerticAlgorithm.obj
 0001:00005a20       ?do_get@?$num_get@DV?$istreambuf_iterator@DU?$char_traits@D@std@@@std@@@std@@MEBA?AV?$istreambuf_iterator@DU?$char_traits@D@std@@@2@V32@0AEAVios_base@2@AEAHAEA_K@Z 0000000180006a20 f i GenerticAlgorithm.obj
 0001:00005bd0       ?do_get@?$num_get@DV?$istreambuf_iterator@DU?$char_traits@D@std@@@std@@@std@@MEBA?AV?$istreambuf_iterator@DU?$char_traits@D@std@@@2@V32@0AEAVios_base@2@AEAHAEA_J@Z 0000000180006bd0 f i GenerticAlgorithm.obj
 0001:00005d80       ?do_get@?$num_get@DV?$istreambuf_iterator@DU?$char_traits@D@std@@@std@@@std@@MEBA?AV?$istreambuf_iterator@DU?$char_traits@D@std@@@2@V32@0AEAVios_base@2@AEAHAEAK@Z 0000000180006d80 f i GenerticAlgorithm.obj
 0001:00005f30       ?do_get@?$num_get@DV?$istreambuf_iterator@DU?$char_traits@D@std@@@std@@@std@@MEBA?AV?$istreambuf_iterator@DU?$char_traits@D@std@@@2@V32@0AEAVios_base@2@AEAHAEAJ@Z 0000000180006f30 f i GenerticAlgorithm.obj
 0001:000060e0       ?do_get@?$num_get@DV?$istreambuf_iterator@DU?$char_traits@D@std@@@std@@@std@@MEBA?AV?$istreambuf_iterator@DU?$char_traits@D@std@@@2@V32@0AEAVios_base@2@AEAHAEAI@Z 00000001800070e0 f i GenerticAlgorithm.obj
 0001:000062a0       ?do_get@?$num_get@DV?$istreambuf_iterator@DU?$char_traits@D@std@@@std@@@std@@MEBA?AV?$istreambuf_iterator@DU?$char_traits@D@std@@@2@V32@0AEAVios_base@2@AEAHAEAG@Z 00000001800072a0 f i GenerticAlgorithm.obj
 0001:00006470       ?do_get@?$num_get@DV?$istreambuf_iterator@DU?$char_traits@D@std@@@std@@@std@@MEBA?AV?$istreambuf_iterator@DU?$char_traits@D@std@@@2@V32@0AEAVios_base@2@AEAHAEA_N@Z 0000000180007470 f i GenerticAlgorithm.obj
 0001:00006910       ?assign@?$basic_string@DU?$char_traits@D@std@@V?$allocator@D@2@@std@@QEAAAEAV12@QEBD_K@Z 0000000180007910 f i GenerticAlgorithm.obj
 0001:00006a60       ?append@?$basic_string@DU?$char_traits@D@std@@V?$allocator@D@2@@std@@QEAAAEAV12@_KD@Z 0000000180007a60 f i GenerticAlgorithm.obj
 0001:00006af0       ?append@?$basic_string@DU?$char_traits@D@std@@V?$allocator@D@2@@std@@QEAAAEAV12@QEBD_K@Z 0000000180007af0 f i GenerticAlgorithm.obj
 0001:00006b70       ?_Reset_back@?$basic_filebuf@DU?$char_traits@D@std@@@std@@AEAAXXZ 0000000180007b70 f i GenerticAlgorithm.obj
 0001:00006ba0       ?_Initcvt@?$basic_filebuf@DU?$char_traits@D@std@@@std@@IEAAXAEBV?$codecvt@DDU_Mbstatet@@@2@@Z 0000000180007ba0 f i GenerticAlgorithm.obj
 0001:00006c40       ?_Endwrite@?$basic_filebuf@DU?$char_traits@D@std@@@std@@IEAA_NXZ 0000000180007c40 f i GenerticAlgorithm.obj
 0001:00006e40       ?_Init@?$basic_filebuf@DU?$char_traits@D@std@@@std@@IEAAXPEAU_iobuf@@W4_Initfl@12@@Z 0000000180007e40 f i GenerticAlgorithm.obj
 0001:00006f30       ?close@?$basic_filebuf@DU?$char_traits@D@std@@@std@@QEAAPEAV12@XZ 0000000180007f30 f i GenerticAlgorithm.obj
 0001:00007000       ?open@?$basic_filebuf@DU?$char_traits@D@std@@@std@@QEAAPEAV12@PEBDHH@Z 0000000180008000 f i GenerticAlgorithm.obj
 0001:000070b0       ??0?$basic_filebuf@DU?$char_traits@D@std@@@std@@QEAA@PEAU_iobuf@@@Z 00000001800080b0 f i GenerticAlgorithm.obj
 0001:00007170       ??_E?$num_get@DV?$istreambuf_iterator@DU?$char_traits@D@std@@@std@@@std@@MEAAPEAXI@Z 0000000180008170 f i * CIL library *:* CIL module *
 0001:00007170       ??_E?$codecvt@DDU_Mbstatet@@@std@@MEAAPEAXI@Z 0000000180008170 f i * CIL library *:* CIL module *
 0001:00007170       ??_G?$codecvt@DDU_Mbstatet@@@std@@MEAAPEAXI@Z 0000000180008170 f i GenerticAlgorithm.obj
 0001:00007170       ??_G?$num_get@DV?$istreambuf_iterator@DU?$char_traits@D@std@@@std@@@std@@MEAAPEAXI@Z 0000000180008170 f i GenerticAlgorithm.obj
 0001:00007170       ??_G?$num_put@DV?$ostreambuf_iterator@DU?$char_traits@D@std@@@std@@@std@@MEAAPEAXI@Z 0000000180008170 f i GenerticAlgorithm.obj
 0001:00007170       ??_E?$num_put@DV?$ostreambuf_iterator@DU?$char_traits@D@std@@@std@@@std@@MEAAPEAXI@Z 0000000180008170 f i * CIL library *:* CIL module *
 0001:000071a0       ?do_truename@?$numpunct@D@std@@MEBA?AV?$basic_string@DU?$char_traits@D@std@@V?$allocator@D@2@@2@XZ 00000001800081a0 f i GenerticAlgorithm.obj
 0001:000071f0       ?do_falsename@?$numpunct@D@std@@MEBA?AV?$basic_string@DU?$char_traits@D@std@@V?$allocator@D@2@@2@XZ 00000001800081f0 f i GenerticAlgorithm.obj
 0001:00007240       ?do_grouping@?$numpunct@D@std@@MEBA?AV?$basic_string@DU?$char_traits@D@std@@V?$allocator@D@2@@2@XZ 0000000180008240 f i GenerticAlgorithm.obj
 0001:00007290       ?do_thousands_sep@?$numpunct@D@std@@MEBADXZ 0000000180008290 f i GenerticAlgorithm.obj
 0001:000072a0       ?do_decimal_point@?$numpunct@D@std@@MEBADXZ 00000001800082a0 f i GenerticAlgorithm.obj
 0001:000072b0       ?_Iput@?$num_put@DV?$ostreambuf_iterator@DU?$char_traits@D@std@@@std@@@std@@AEBA?AV?$ostreambuf_iterator@DU?$char_traits@D@std@@@2@V32@AEAVios_base@2@DPEAD_K@Z 00000001800082b0 f i GenerticAlgorithm.obj
 0001:00007990       ?_Fput@?$num_put@DV?$ostreambuf_iterator@DU?$char_traits@D@std@@@std@@@std@@AEBA?AV?$ostreambuf_iterator@DU?$char_traits@D@std@@@2@V32@AEAVios_base@2@DPEBD_K@Z 0000000180008990 f i GenerticAlgorithm.obj
 0001:00008100       ?_Xlength@?$vector@UNode@@V?$allocator@UNode@@@std@@@std@@CAXXZ 0000000180009100 f i GenerticAlgorithm.obj
 0001:00008100       ?_Xlength@?$vector@UPath@@V?$allocator@UPath@@@std@@@std@@CAXXZ 0000000180009100 f i GenerticAlgorithm.obj
 0001:00008120       ?_Getffld@?$num_get@DV?$istreambuf_iterator@DU?$char_traits@D@std@@@std@@@std@@AEBAHPEADAEAV?$istreambuf_iterator@DU?$char_traits@D@std@@@2@1AEAVios_base@2@PEAH@Z 0000000180009120 f i GenerticAlgorithm.obj
 0001:00009550       ?_Getifld@?$num_get@DV?$istreambuf_iterator@DU?$char_traits@D@std@@@std@@@std@@AEBAHPEADAEAV?$istreambuf_iterator@DU?$char_traits@D@std@@@2@1HAEBVlocale@2@@Z 000000018000a550 f i GenerticAlgorithm.obj
 0001:00009fe0       ?flush@?$basic_ostream@DU?$char_traits@D@std@@@std@@QEAAAEAV12@XZ 000000018000afe0 f i GenerticAlgorithm.obj
 0001:0000a1d0       ??0?$basic_ostream@DU?$char_traits@D@std@@@std@@QEAA@PEAV?$basic_streambuf@DU?$char_traits@D@std@@@1@_N@Z 000000018000b1d0 f i GenerticAlgorithm.obj
 0001:0000a240       ?_Ipfx@?$basic_istream@DU?$char_traits@D@std@@@std@@QEAA_N_N@Z 000000018000b240 f i GenerticAlgorithm.obj
 0001:0000a530       ??0?$basic_streambuf@DU?$char_traits@D@std@@@std@@IEAA@XZ 000000018000b530 f i GenerticAlgorithm.obj
 0001:0000a5d0       ?init@?$basic_ios@DU?$char_traits@D@std@@@std@@IEAAXPEAV?$basic_streambuf@DU?$char_traits@D@std@@@2@_N@Z 000000018000b5d0 f i GenerticAlgorithm.obj
 0001:0000a770       ??_G?$numpunct@D@std@@MEAAPEAXI@Z 000000018000b770 f i GenerticAlgorithm.obj
 0001:0000a770       ??_E?$numpunct@D@std@@MEAAPEAXI@Z 000000018000b770 f i * CIL library *:* CIL module *
 0001:0000a7d0       ?_Getffldx@?$num_get@DV?$istreambuf_iterator@DU?$char_traits@D@std@@@std@@@std@@AEBAHPEADAEAV?$istreambuf_iterator@DU?$char_traits@D@std@@@2@1AEAVios_base@2@PEAH@Z 000000018000b7d0 f i GenerticAlgorithm.obj
 0001:0000bcb0       ?_Xran@?$_String_val@U?$_Simple_types@D@std@@@std@@SAXXZ 000000018000ccb0 f i GenerticAlgorithm.obj
 0001:0000bcd0       ?push_back@?$basic_string@DU?$char_traits@D@std@@V?$allocator@D@2@@std@@QEAAXD@Z 000000018000ccd0 f i GenerticAlgorithm.obj
 0001:0000be60       ?_Peek@?$istreambuf_iterator@DU?$char_traits@D@std@@@std@@AEBADXZ 000000018000ce60 f i GenerticAlgorithm.obj
 0001:0000bec0       ??$use_facet@V?$ctype@D@std@@@std@@YAAEBV?$ctype@D@0@AEBVlocale@0@@Z 000000018000cec0 f i GenerticAlgorithm.obj
 0001:0000c0d0       ??$?6U?$char_traits@D@std@@@std@@YAAEAV?$basic_ostream@DU?$char_traits@D@std@@@0@AEAV10@PEBD@Z 000000018000d0d0 f i GenerticAlgorithm.obj
 0001:0000c500       ??$_Emplace_reallocate@UPath@@@?$vector@UPath@@V?$allocator@UPath@@@std@@@std@@QEAAPEAUPath@@QEAU2@$$QEAU2@@Z 000000018000d500 f i GenerticAlgorithm.obj
 0001:0000c700       ??$_Emplace_reallocate@AEBUPath@@@?$vector@UPath@@V?$allocator@UPath@@@std@@@std@@QEAAPEAUPath@@QEAU2@AEBU2@@Z 000000018000d700 f i GenerticAlgorithm.obj
 0001:0000c900       ??$_Ucopy@PEAUPath@@@?$vector@UPath@@V?$allocator@UPath@@@std@@@std@@AEAAPEAUPath@@PEAU2@00@Z 000000018000d900 f i GenerticAlgorithm.obj
 0001:0000c9a0       ??$_Emplace_reallocate@UNode@@@?$vector@UNode@@V?$allocator@UNode@@@std@@@std@@QEAAPEAUNode@@QEAU2@$$QEAU2@@Z 000000018000d9a0 f i GenerticAlgorithm.obj
 0001:0000cbc0       ??$use_facet@V?$codecvt@DDU_Mbstatet@@@std@@@std@@YAAEBV?$codecvt@DDU_Mbstatet@@@0@AEBVlocale@0@@Z 000000018000dbc0 f i GenerticAlgorithm.obj
 0001:0000cdb0       ??$use_facet@V?$num_put@DV?$ostreambuf_iterator@DU?$char_traits@D@std@@@std@@@std@@@std@@YAAEBV?$num_put@DV?$ostreambuf_iterator@DU?$char_traits@D@std@@@std@@@0@AEBVlocale@0@@Z 000000018000ddb0 f i GenerticAlgorithm.obj
 0001:0000cfa0       ??$use_facet@V?$num_get@DV?$istreambuf_iterator@DU?$char_traits@D@std@@@std@@@std@@@std@@YAAEBV?$num_get@DV?$istreambuf_iterator@DU?$char_traits@D@std@@@std@@@0@AEBVlocale@0@@Z 000000018000dfa0 f i GenerticAlgorithm.obj
 0001:0000d190       ??$use_facet@V?$numpunct@D@std@@@std@@YAAEBV?$numpunct@D@0@AEBVlocale@0@@Z 000000018000e190 f i GenerticAlgorithm.obj
 0001:0000d2b0       ??$_Getloctxt@DV?$istreambuf_iterator@DU?$char_traits@D@std@@@std@@@std@@YAHAEAV?$istreambuf_iterator@DU?$char_traits@D@std@@@0@0_KPEBD@Z 000000018000e2b0 f i GenerticAlgorithm.obj
 0001:0000db20       ?_Getcat@?$numpunct@D@std@@SA_KPEAPEBVfacet@locale@2@PEBV42@@Z 000000018000eb20 f i GenerticAlgorithm.obj
 0001:0000dd10       ?_Change_array@?$vector@UPath@@V?$allocator@UPath@@@std@@@std@@AEAAXQEAUPath@@_K1@Z 000000018000ed10 f i GenerticAlgorithm.obj
 0001:0000ddd0       ?_Xlen@?$basic_string@DU?$char_traits@D@std@@V?$allocator@D@2@@std@@SAXXZ 000000018000edd0 f i GenerticAlgorithm.obj
 0001:0000ddf0       ??$_Immortalize_impl@V_Iostream_error_category@std@@@std@@YAHPEAX0PEAPEAX@Z 000000018000edf0 f i GenerticAlgorithm.obj
 0001:0000de10       ??$_Assign_range@PEAUPath@@@?$vector@UPath@@V?$allocator@UPath@@@std@@@std@@AEAAXPEAUPath@@0Uforward_iterator_tag@1@@Z 000000018000ee10 f i GenerticAlgorithm.obj
 0001:0000dfa0       ??$_Uninitialized_move@PEAUPath@@PEAU1@V?$allocator@UPath@@@std@@@std@@YAPEAUPath@@QEAU1@0PEAU1@AEAV?$allocator@UPath@@@0@@Z 000000018000efa0 f i GenerticAlgorithm.obj
 0001:0000e03c       ??_E?$basic_ostream@DU?$char_traits@D@std@@@std@@$4PPPPPPPM@A@EAAPEAXI@Z 000000018000f03c f i GenerticAlgorithm.obj
 0001:0000e048       ??_E?$basic_ifstream@DU?$char_traits@D@std@@@std@@$4PPPPPPPM@A@EAAPEAXI@Z 000000018000f048 f i GenerticAlgorithm.obj
 0001:0000e054       ??_E?$basic_istream@DU?$char_traits@D@std@@@std@@$4PPPPPPPM@A@EAAPEAXI@Z 000000018000f054 f i GenerticAlgorithm.obj
 0001:0000e060       ??_E?$basic_ofstream@DU?$char_traits@D@std@@@std@@$4PPPPPPPM@A@EAAPEAXI@Z 000000018000f060 f i GenerticAlgorithm.obj
 0001:0000e070       ?NODE_SET_METHOD@node@@YAXV?$Local@VObject@v8@@@v8@@PEBDP6AXAEBV?$FunctionCallbackInfo@VValue@v8@@@3@@Z@Z 000000018000f070 f i GA-Export.obj
 0001:0000e140       ?RunGA@@YAXAEBV?$FunctionCallbackInfo@VValue@v8@@@v8@@@Z 000000018000f140 f   GA-Export.obj
 0001:0000e180       ?initGAPath@@YAXAEBV?$FunctionCallbackInfo@VValue@v8@@@v8@@@Z 000000018000f180 f   GA-Export.obj
 0001:0000e3a0       ?GetBestPath@@YAXAEBV?$FunctionCallbackInfo@VValue@v8@@@v8@@@Z 000000018000f3a0 f   GA-Export.obj
 0001:0000e940       ?init@@YAXV?$Local@VObject@v8@@@v8@@@Z 000000018000f940 f   GA-Export.obj
 0001:0000e9a0       ??6?$basic_ostream@DU?$char_traits@D@std@@@std@@QEAAAEAV01@N@Z 000000018000f9a0 f i GA-Export.obj
 0001:0000ec90       ?put@?$basic_ostream@DU?$char_traits@D@std@@@std@@QEAAAEAV12@D@Z 000000018000fc90 f i GA-Export.obj
 0001:0000ef1c       __imp_load_?GetCurrent@Isolate@v8@@SAPEAV12@XZ 000000018000ff1c f   node:node.exe
 0001:0000ef28       __tailMerge_node_exe       000000018000ff28     node:node.exe
 0001:0000efa1       __imp_load_??1HandleScope@v8@@QEAA@XZ 000000018000ffa1 f   node:node.exe
 0001:0000efad       __imp_load_??0HandleScope@v8@@QEAA@PEAVIsolate@1@@Z 000000018000ffad f   node:node.exe
 0001:0000efb9       __imp_load_?GetFunction@FunctionTemplate@v8@@QEAA?AV?$Local@VFunction@v8@@@2@XZ 000000018000ffb9 f   node:node.exe
 0001:0000efc5       __imp_load_?New@FunctionTemplate@v8@@SA?AV?$Local@VFunctionTemplate@v8@@@2@PEAVIsolate@2@P6AXAEBV?$FunctionCallbackInfo@VValue@v8@@@2@@ZV?$Local@VValue@v8@@@2@V?$Local@VSignature@v8@@@2@HW4ConstructorBehavior@2@@Z 000000018000ffc5 f   node:node.exe
 0001:0000efd1       __imp_load_?NewFromUtf8@String@v8@@SA?AV?$Local@VString@v8@@@2@PEAVIsolate@2@PEBDW4NewStringType@12@H@Z 000000018000ffd1 f   node:node.exe
 0001:0000efdd       __imp_load_?Set@Object@v8@@QEAA_NV?$Local@VValue@v8@@@2@0@Z 000000018000ffdd f   node:node.exe
 0001:0000efe9       __imp_load_?SetName@Function@v8@@QEAAXV?$Local@VString@v8@@@2@@Z 000000018000ffe9 f   node:node.exe
 0001:0000eff5       __imp_load_node_module_register 000000018000fff5 f   node:node.exe
 0001:0000f004       _Stollx                    0000000180010004 f   libcpmt:xstoll.obj
 0001:0000f0fc       _Stolx                     00000001800100fc f   libcpmt:xstol.obj
 0001:0000f1e4       _Stoulx                    00000001800101e4 f   libcpmt:xstoul.obj
 0001:0000f3c0       ??0_Init_locks@std@@QEAA@XZ 00000001800103c0 f   libcpmt:xlock.obj
 0001:0000f40c       ??0_Lockit@std@@QEAA@H@Z   000000018001040c f   libcpmt:xlock.obj
 0001:0000f448       ??1_Init_locks@std@@QEAA@XZ 0000000180010448 f   libcpmt:xlock.obj
 0001:0000f48c       ??1_Lockit@std@@QEAA@XZ    000000018001048c f   libcpmt:xlock.obj
 0001:0000f4c0       ??0exception@std@@QEAA@AEBV01@@Z 00000001800104c0 f i libcpmt:xonce.obj
 0001:0000f4f8       ??_Gbad_alloc@std@@UEAAPEAXI@Z 00000001800104f8 f i libcpmt:xthrow.obj
 0001:0000f4f8       ??_Ebad_array_new_length@std@@UEAAPEAXI@Z 00000001800104f8 f i LIBCMT:throw_bad_alloc.obj
 0001:0000f4f8       ??_Eexception@std@@UEAAPEAXI@Z 00000001800104f8 f i libcpmt:xonce.obj
 0001:0000f4f8       ??_Elength_error@std@@UEAAPEAXI@Z 00000001800104f8 f i libcpmt:xthrow.obj
 0001:0000f4f8       ??_Gexception@std@@UEAAPEAXI@Z 00000001800104f8 f i libcpmt:xonce.obj
 0001:0000f4f8       ??_Elogic_error@std@@UEAAPEAXI@Z 00000001800104f8 f i libcpmt:xthrow.obj
 0001:0000f4f8       ??_Glogic_error@std@@UEAAPEAXI@Z 00000001800104f8 f i libcpmt:xthrow.obj
 0001:0000f4f8       ??_Gbad_array_new_length@std@@UEAAPEAXI@Z 00000001800104f8 f i LIBCMT:throw_bad_alloc.obj
 0001:0000f4f8       ??_Ebad_alloc@std@@UEAAPEAXI@Z 00000001800104f8 f i libcpmt:xthrow.obj
 0001:0000f4f8       ??_Gbad_exception@std@@UEAAPEAXI@Z 00000001800104f8 f i libvcruntime:frame.obj
 0001:0000f4f8       ??_Ebad_exception@std@@UEAAPEAXI@Z 00000001800104f8 f i libvcruntime:frame.obj
 0001:0000f4f8       ??_Gout_of_range@std@@UEAAPEAXI@Z 00000001800104f8 f i libcpmt:xthrow.obj
 0001:0000f4f8       ??_Glength_error@std@@UEAAPEAXI@Z 00000001800104f8 f i libcpmt:xthrow.obj
 0001:0000f4f8       ??_Eout_of_range@std@@UEAAPEAXI@Z 00000001800104f8 f i libcpmt:xthrow.obj
 0001:0000f53c       ?_Execute_once@std@@YAHAEAUonce_flag@1@P6AHPEAX1PEAPEAX@Z1@Z 000000018001053c f   libcpmt:xonce.obj
 0001:0000f544       ?what@exception@std@@UEBAPEBDXZ 0000000180010544 f i libcpmt:xonce.obj
 0001:0000f558       ??1_Fac_tidy_reg_t@std@@QEAA@XZ 0000000180010558 f i libcpmt:locale0.obj
 0001:0000f5c0       ??4?$_Yarn@D@std@@QEAAAEAV01@PEBD@Z 00000001800105c0 f i libcpmt:locale0.obj
 0001:0000f638       ??_G_Locimp@locale@std@@MEAAPEAXI@Z 0000000180010638 f i libcpmt:locale0.obj
 0001:0000f638       ??_E_Locimp@locale@std@@MEAAPEAXI@Z 0000000180010638 f i libcpmt:locale0.obj
 0001:0000f6a4       ?_Facet_Register@std@@YAXPEAV_Facet_base@1@@Z 00000001800106a4 f   libcpmt:locale0.obj
 0001:0000f6dc       ?_Getgloballocale@locale@std@@CAPEAV_Locimp@12@XZ 00000001800106dc f   libcpmt:locale0.obj
 0001:0000f6e4       ?_Init@locale@std@@CAPEAV_Locimp@12@_N@Z 00000001800106e4 f   libcpmt:locale0.obj
 0001:0000f7ac       ?_Locimp_dtor@_Locimp@locale@std@@CAXPEAV123@@Z 00000001800107ac f   libcpmt:locale0.obj
 0001:0000f834       ?_Locinfo_ctor@_Locinfo@std@@SAXPEAV12@PEBD@Z 0000000180010834 f   libcpmt:locale0.obj
 0001:0000f8a0       ?_Locinfo_dtor@_Locinfo@std@@SAXPEAV12@@Z 00000001800108a0 f   libcpmt:locale0.obj
 0001:0000f8bc       ?_New_Locimp@_Locimp@locale@std@@CAPEAV123@_N@Z 00000001800108bc f   libcpmt:locale0.obj
 0001:0000f92c       _Deletegloballocale        000000018001092c f   libcpmt:locale0.obj
 0001:0000f99c       ??0bad_alloc@std@@QEAA@AEBV01@@Z 000000018001099c f i libcpmt:xthrow.obj
 0001:0000f9dc       ??0bad_alloc@std@@QEAA@XZ  00000001800109dc f i libcpmt:xthrow.obj
 0001:0000f9fc       ??0length_error@std@@QEAA@AEBV01@@Z 00000001800109fc f i libcpmt:xthrow.obj
 0001:0000fa3c       ??0length_error@std@@QEAA@PEBD@Z 0000000180010a3c f i libcpmt:xthrow.obj
 0001:0000fa88       ??0logic_error@std@@QEAA@AEBV01@@Z 0000000180010a88 f i libcpmt:xthrow.obj
 0001:0000fac8       ??0out_of_range@std@@QEAA@AEBV01@@Z 0000000180010ac8 f i libcpmt:xthrow.obj
 0001:0000fb08       ??0out_of_range@std@@QEAA@PEBD@Z 0000000180010b08 f i libcpmt:xthrow.obj
 0001:0000fb54       ??1bad_alloc@std@@UEAA@XZ  0000000180010b54 f i libcpmt:xthrow.obj
 0001:0000fb54       ??1bad_exception@std@@UEAA@XZ 0000000180010b54 f i libvcruntime:frame.obj
 0001:0000fb54       ??1length_error@std@@UEAA@XZ 0000000180010b54 f i libcpmt:xthrow.obj
 0001:0000fb54       ??1bad_array_new_length@std@@UEAA@XZ 0000000180010b54 f i LIBCMT:throw_bad_alloc.obj
 0001:0000fb54       ??1out_of_range@std@@UEAA@XZ 0000000180010b54 f i libcpmt:xthrow.obj
 0001:0000fb68       ?__scrt_throw_std_bad_alloc@@YAXXZ 0000000180010b68 f   LIBCMT:throw_bad_alloc.obj
 0001:0000fb68       ?_Xbad_alloc@std@@YAXXZ    0000000180010b68 f   libcpmt:xthrow.obj
 0001:0000fb88       ?_Xlength_error@std@@YAXPEBD@Z 0000000180010b88 f   libcpmt:xthrow.obj
 0001:0000fbac       ?_Xout_of_range@std@@YAXPEBD@Z 0000000180010bac f   libcpmt:xthrow.obj
 0001:0000fbd0       ?_Addstd@ios_base@std@@SAXPEAV12@@Z 0000000180010bd0 f   libcpmt:ios.obj
 0001:0000fc48       ?_Ios_base_dtor@ios_base@std@@CAXPEAV12@@Z 0000000180010c48 f   libcpmt:ios.obj
 0001:0000fcc8       ?_Tidy@ios_base@std@@AEAAXXZ 0000000180010cc8 f i libcpmt:ios.obj
 0001:0000fd48       ??$_Xfiopen@D@std@@YAPEAU_iobuf@@PEBDHH@Z 0000000180010d48 f i libcpmt:fiopen.obj
 0001:0000fe50       ?_Fiopen@std@@YAPEAU_iobuf@@PEBDHH@Z 0000000180010e50 f   libcpmt:fiopen.obj
 0001:0000fe58       ?_Syserror_map@std@@YAPEBDH@Z 0000000180010e58 f   libcpmt:syserror.obj
 0001:0000fe80       _Stoullx                   0000000180010e80 f   libcpmt:xstoull.obj
 0001:00010050       _Getctype                  0000000180011050 f   libcpmt:_tolower.obj
 0001:00010118       _Tolower                   0000000180011118 f   libcpmt:_tolower.obj
 0001:00010248       __std_reverse_trivially_swappable_4 0000000180011248 f   libcpmt:vector_algorithms.obj
 0001:0001030c       _Getcvt                    000000018001130c f   libcpmt:xwctomb.obj
 0001:00010398       _Toupper                   0000000180011398 f   libcpmt:_toupper.obj
 0001:000104d8       ??0_Init_cout@std@@QEAA@XZ 00000001800114d8 f i libcpmt:cout.obj
 0001:00010544       _Mtxdst                    0000000180011544 f   libcpmt:xmtx.obj
 0001:0001054c       _Mtxinit                   000000018001154c f   libcpmt:xmtx.obj
 0001:0001055c       _Mtxlock                   000000018001155c f   libcpmt:xmtx.obj
 0001:00010564       _Mtxunlock                 0000000180011564 f   libcpmt:xmtx.obj
 0001:00010a3c       __crtInitOnceExecuteOnce   0000000180011a3c f   libcpmt:winapisupp.obj
 0001:00010b08       __crtInitializeCriticalSectionEx 0000000180011b08 f   libcpmt:winapisupp.obj
 0001:00010b38       ?_Atexit@@YAXP6AXXZ@Z      0000000180011b38 f   libcpmt:iosptrs.obj
 0001:00010b78       __crtLCMapStringA          0000000180011b78 f   libcpmt:StlLCMapStringA.obj
 0001:00010e2c       GetTableIndexFromLocaleName 0000000180011e2c f   libcpmt:winapinls.obj
 0001:00010ebc       __crtDownlevelLocaleNameToLCID 0000000180011ebc f   libcpmt:winapinls.obj
 0001:00010ef0       __crtLCMapStringEx         0000000180011ef0 f   libcpmt:winapinls.obj
 0001:00010f8c       __wcsnicmp_ascii           0000000180011f8c f   libcpmt:winapinls.obj
 0001:00011010       __security_check_cookie    0000000180012010 f   LIBCMT:_amdsecgs_.obj
 0001:00011034       ??_V@YAXPEAX@Z             0000000180012034 f   LIBCMT:delete_array.obj
 0001:00011034       ??3@YAXPEAX_K@Z            0000000180012034 f   LIBCMT:delete_scalar_size.obj
 0001:0001103c       ??2@YAPEAX_K@Z             000000018001203c f   LIBCMT:new_scalar.obj
 0001:00011078       __scrt_acquire_startup_lock 0000000180012078 f   LIBCMT:utility.obj
 0001:000110b4       __scrt_dllmain_after_initialize_c 00000001800120b4 f   LIBCMT:utility.obj
 0001:000110e8       __scrt_dllmain_before_initialize_c 00000001800120e8 f   LIBCMT:utility.obj
 0001:00011100       __scrt_dllmain_crt_thread_attach 0000000180012100 f   LIBCMT:utility.obj
 0001:00011128       __scrt_dllmain_crt_thread_detach 0000000180012128 f   LIBCMT:utility.obj
 0001:00011140       __scrt_dllmain_exception_filter 0000000180012140 f   LIBCMT:utility.obj
 0001:000111a0       __scrt_dllmain_uninitialize_c 00000001800121a0 f   LIBCMT:utility.obj
 0001:000111d0       __scrt_dllmain_uninitialize_critical 00000001800121d0 f   LIBCMT:utility.obj
 0001:000111e4       __scrt_initialize_crt      00000001800121e4 f   LIBCMT:utility.obj
 0001:00011230       __scrt_initialize_onexit_tables 0000000180012230 f   LIBCMT:utility.obj
 0001:0001130c       __scrt_is_nonwritable_in_current_image 000000018001230c f   LIBCMT:utility.obj
 0001:000113a8       __scrt_release_startup_lock 00000001800123a8 f   LIBCMT:utility.obj
 0001:000113cc       __scrt_uninitialize_crt    00000001800123cc f   LIBCMT:utility.obj
 0001:000113f8       _onexit                    00000001800123f8 f   LIBCMT:utility.obj
 0001:00011448       atexit                     0000000180012448 f   LIBCMT:utility.obj
 0001:00011780       _DllMainCRTStartup         0000000180012780 f   LIBCMT:dll_dllmain.obj
 0001:000117c0       __GSHandlerCheck           00000001800127c0 f   LIBCMT:_gshandler_.obj
 0001:000117e0       __GSHandlerCheckCommon     00000001800127e0 f   LIBCMT:_gshandler_.obj
 0001:0001183c       __GSHandlerCheck_EH        000000018001283c f   LIBCMT:gshandlereh.obj
 0001:000118bc       ??_Gtype_info@@UEAAPEAXI@Z 00000001800128bc f i LIBCMT:std_type_info_static.obj
 0001:000118bc       ??_Etype_info@@UEAAPEAXI@Z 00000001800128bc f i LIBCMT:std_type_info_static.obj
 0001:000118e8       __isa_available_init       00000001800128e8 f   LIBCMT:_cpu_disp_.obj
 0001:00011ac0       __chkstk                   0000000180012ac0 f   LIBCMT:_chkstk_.obj
 0001:00011ac0       _alloca_probe              0000000180012ac0 f   LIBCMT:_chkstk_.obj
 0001:00011b14       __raise_securityfailure    0000000180012b14 f   LIBCMT:gs_report.obj
 0001:00011b48       __report_gsfailure         0000000180012b48 f   LIBCMT:gs_report.obj
 0001:00011c1c       __report_rangecheckfailure 0000000180012c1c f   LIBCMT:gs_report.obj
 0001:00011c30       __report_securityfailure   0000000180012c30 f   LIBCMT:gs_report.obj
 0001:00011db0       ??3@YAXPEAX@Z              0000000180012db0 f   LIBCMT:delete_scalar.obj
 0001:00011db8       ??0bad_array_new_length@std@@QEAA@AEBV01@@Z 0000000180012db8 f i LIBCMT:throw_bad_alloc.obj
 0001:00011df8       ??0bad_array_new_length@std@@QEAA@XZ 0000000180012df8 f i LIBCMT:throw_bad_alloc.obj
 0001:00011e18       ?__scrt_throw_std_bad_array_new_length@@YAXXZ 0000000180012e18 f   LIBCMT:throw_bad_alloc.obj
 0001:00011e38       __scrt_is_ucrt_dll_in_use  0000000180012e38 f   LIBCMT:ucrt_detection.obj
 0001:00011e44       __crt_debugger_hook        0000000180012e44 f   LIBCMT:utility_desktop.obj
 0001:00011e4c       __scrt_fastfail            0000000180012e4c f   LIBCMT:utility_desktop.obj
 0001:00011f98       __security_init_cookie     0000000180012f98 f   LIBCMT:gs_support.obj
 0001:00012048       ?__scrt_initialize_type_info@@YAXXZ 0000000180013048 f   LIBCMT:tncleanup.obj
 0001:00012058       ?__scrt_uninitialize_type_info@@YAXXZ 0000000180013058 f   LIBCMT:tncleanup.obj
 0001:00012064       __local_stdio_scanf_options 0000000180013064 f i LIBCMT:default_local_stdio_options.obj
 0001:0001206c       __scrt_initialize_default_local_stdio_options 000000018001306c f   LIBCMT:default_local_stdio_options.obj
 0001:00012088       __scrt_get_dyn_tls_init_callback 0000000180013088 f   LIBCMT:dyn_tls_init.obj
 0001:00012090       _RTC_Initialize            0000000180013090 f   LIBCMT:_initsect_.obj
 0001:000120cc       _RTC_Terminate             00000001800130cc f   LIBCMT:_initsect_.obj
 0001:00012110       _purecall                  0000000180013110 f   libvcruntime:purevirt.obj
 0001:00012150       memchr                     0000000180013150 f   libvcruntime:memchr.obj
 0001:000121c0       __std_exception_copy       00000001800131c0 f   libvcruntime:std_exception.obj
 0001:00012250       __std_exception_destroy    0000000180013250 f   libvcruntime:std_exception.obj
 0001:00012278       _CxxThrowException         0000000180013278 f   libvcruntime:throw.obj
 0001:00012338       ?_ExecutionInCatch@@YAHPEAU_xDISPATCHER_CONTEXT@@PEBU_s_FuncInfo@@@Z 0000000180013338 f   libvcruntime:risctrnsctrl.obj
 0001:000123ac       ?_GetEstablisherFrame@@YAPEA_KPEA_KPEAU_xDISPATCHER_CONTEXT@@PEBU_s_FuncInfo@@0@Z 00000001800133ac f   libvcruntime:risctrnsctrl.obj
 0001:00012478       ?_GetRangeOfTrysToCheck@@YAPEBU_s_TryBlockMapEntry@@PEA_KPEBU_s_FuncInfo@@HHPEAI2PEAU_xDISPATCHER_CONTEXT@@@Z 0000000180013478 f   libvcruntime:risctrnsctrl.obj
 0001:000125a4       ?__FrameUnwindToEmptyState@@YAXPEA_KPEAU_xDISPATCHER_CONTEXT@@PEBU_s_FuncInfo@@@Z 00000001800135a4 f   libvcruntime:risctrnsctrl.obj
 0001:00012638       _CallSETranslator          0000000180013638 f   libvcruntime:risctrnsctrl.obj
 0001:0001268c       _CreateFrameInfo           000000018001368c f   libvcruntime:risctrnsctrl.obj
 0001:000126c8       _FindAndUnlinkFrame        00000001800136c8 f   libvcruntime:risctrnsctrl.obj
 0001:0001271c       _GetImageBase              000000018001371c f   libvcruntime:risctrnsctrl.obj
 0001:00012730       _GetThrowImageBase         0000000180013730 f   libvcruntime:risctrnsctrl.obj
 0001:00012744       _SetImageBase              0000000180013744 f   libvcruntime:risctrnsctrl.obj
 0001:0001275c       _SetThrowImageBase         000000018001375c f   libvcruntime:risctrnsctrl.obj
 0001:00012774       _UnwindNestedFrames        0000000180013774 f   libvcruntime:risctrnsctrl.obj
 0001:00012898       __CxxFrameHandler3         0000000180013898 f   libvcruntime:risctrnsctrl.obj
 0001:00012930       memmove                    0000000180013930 f   libvcruntime:memcpy.obj
 0001:00012930       memcpy                     0000000180013930 f   libvcruntime:memcpy.obj
 0001:00012d90       memset                     0000000180013d90 f   libvcruntime:memset.obj
 0001:00012f40       __DestructExceptionObject  0000000180013f40 f   libvcruntime:ehhelpers.obj
 0001:00012fb4       ?_CallMemberFunction0@@YAXQEAX0@Z 0000000180013fb4 f i libvcruntime:ehhelpers.obj
 0001:00012fb8       _IsExceptionObjectToBeDestroyed 0000000180013fb8 f   libvcruntime:ehhelpers.obj
 0001:00012fe8       __AdjustPointer            0000000180013fe8 f   libvcruntime:ehhelpers.obj
 0001:0001300c       __FrameUnwindFilter        000000018001400c f   libvcruntime:ehhelpers.obj
 0001:00013058       __std_terminate            0000000180014058 f   libvcruntime:ehhelpers.obj
 0001:00013080       memcmp                     0000000180014080 f   libvcruntime:memcmp.obj
 0001:00013148       __vcrt_initialize          0000000180014148 f   libvcruntime:initialization.obj
 0001:0001317c       __vcrt_thread_attach       000000018001417c f   libvcruntime:initialization.obj
 0001:00013190       __vcrt_thread_detach       0000000180014190 f   libvcruntime:initialization.obj
 0001:000131a4       __vcrt_uninitialize        00000001800141a4 f   libvcruntime:initialization.obj
 0001:000131c4       __vcrt_uninitialize_critical 00000001800141c4 f   libvcruntime:initialization.obj
 0001:000131d4       __C_specific_handler       00000001800141d4 f   libvcruntime:_riscchandler_.obj
 0001:000133e0       __std_type_info_compare    00000001800143e0 f   libvcruntime:std_type_info.obj
 0001:00013408       __std_type_info_destroy_list 0000000180014408 f   libvcruntime:std_type_info.obj
 0001:00013434       __vcrt_initialize_pure_virtual_call_handler 0000000180014434 f   libvcruntime:purevirt_data.obj
 0001:00013444       __vcrt_freefls             0000000180014444 f   libvcruntime:per_thread_data.obj
 0001:00013464       __vcrt_freeptd             0000000180014464 f   libvcruntime:per_thread_data.obj
 0001:000134b4       __vcrt_getptd              00000001800144b4 f   libvcruntime:per_thread_data.obj
 0001:000134d0       __vcrt_getptd_noexit       00000001800144d0 f   libvcruntime:per_thread_data.obj
 0001:00013588       __vcrt_initialize_ptd      0000000180014588 f   libvcruntime:per_thread_data.obj
 0001:000135d8       __vcrt_uninitialize_ptd    00000001800145d8 f   libvcruntime:per_thread_data.obj
 0001:000135fc       ?__GetCurrentState@@YAHPEA_KPEAU_xDISPATCHER_CONTEXT@@PEBU_s_FuncInfo@@@Z 00000001800145fc f   libvcruntime:riscehstate.obj
 0001:00013624       ?__GetUnwindTryBlock@@YAHPEA_KPEAU_xDISPATCHER_CONTEXT@@PEBU_s_FuncInfo@@@Z 0000000180014624 f   libvcruntime:riscehstate.obj
 0001:00013650       ?__SetState@@YAXPEA_KPEAU_xDISPATCHER_CONTEXT@@PEBU_s_FuncInfo@@H@Z 0000000180014650 f   libvcruntime:riscehstate.obj
 0001:0001365c       ?__SetUnwindTryBlock@@YAXPEA_KPEAU_xDISPATCHER_CONTEXT@@PEBU_s_FuncInfo@@H@Z 000000018001465c f   libvcruntime:riscehstate.obj
 0001:00013698       ?__StateFromControlPc@@YAHPEBU_s_FuncInfo@@PEAU_xDISPATCHER_CONTEXT@@@Z 0000000180014698 f   libvcruntime:riscehstate.obj
 0001:000136a0       ?__StateFromIp@@YAHPEBU_s_FuncInfo@@PEAU_xDISPATCHER_CONTEXT@@_K@Z 00000001800146a0 f   libvcruntime:riscehstate.obj
 0001:00013708       ??0bad_exception@std@@QEAA@AEBV01@@Z 0000000180014708 f i libvcruntime:frame.obj
 0001:00013748       ??0bad_exception@std@@QEAA@XZ 0000000180014748 f i libvcruntime:frame.obj
 0001:00014090       ?_CallMemberFunction1@@YAXQEAX00@Z 0000000180015090 f i libvcruntime:frame.obj
 0001:0001409c       ?_CallMemberFunction2@@YAXQEAX00H@Z 000000018001509c f i libvcruntime:frame.obj
 0001:000140ac       __BuildCatchObject         00000001800150ac f   libvcruntime:frame.obj
 0001:0001416c       __BuildCatchObjectHelper   000000018001516c f   libvcruntime:frame.obj
 0001:0001436c       __CxxCallCatchBlock        000000018001536c f   libvcruntime:frame.obj
 0001:00014558       __FrameUnwindToState       0000000180015558 f   libvcruntime:frame.obj
 0001:000146ec       __InternalCxxFrameHandler  00000001800156ec f   libvcruntime:frame.obj
 0001:00014930       __TypeMatch                0000000180015930 f   libvcruntime:frame.obj
 0001:00014a74       __vcrt_initialize_locks    0000000180015a74 f   libvcruntime:locks.obj
 0001:00014abc       __vcrt_uninitialize_locks  0000000180015abc f   libvcruntime:locks.obj
 0001:00014ccc       __vcrt_FlsAlloc            0000000180015ccc f   libvcruntime:winapi_downlevel.obj
 0001:00014d14       __vcrt_FlsFree             0000000180015d14 f   libvcruntime:winapi_downlevel.obj
 0001:00014d5c       __vcrt_FlsGetValue         0000000180015d5c f   libvcruntime:winapi_downlevel.obj
 0001:00014da4       __vcrt_FlsSetValue         0000000180015da4 f   libvcruntime:winapi_downlevel.obj
 0001:00014df8       __vcrt_InitializeCriticalSectionEx 0000000180015df8 f   libvcruntime:winapi_downlevel.obj
 0001:00014e5c       __vcrt_initialize_winapi_thunks 0000000180015e5c f   libvcruntime:winapi_downlevel.obj
 0001:00014e8c       __vcrt_uninitialize_winapi_thunks 0000000180015e8c f   libvcruntime:winapi_downlevel.obj
 0001:00014ee0       _local_unwind              0000000180015ee0 f   libvcruntime:_jmpuwind_.obj
 0001:00014f10       _NLG_Notify                0000000180015f10 f   libvcruntime:_jmpuwind_.obj
 0001:00014f30       __NLG_Dispatch2            0000000180015f30 f   libvcruntime:_jmpuwind_.obj
 0001:00014f40       __NLG_Return2              0000000180015f40 f   libvcruntime:_jmpuwind_.obj
 0001:00014f44       __except_validate_context_record 0000000180015f44 f   libvcruntime:jbcxrval.obj
 0001:00014f90       _CallSettingFrame          0000000180015f90 f   libvcruntime:handlers.obj
 0001:00014fd0       abort                      0000000180015fd0 f   libucrt:abort.obj
 0001:00015028       fputc                      0000000180016028 f   libucrt:fputc.obj
 0001:0001513c       calloc                     000000018001613c f   libucrt:calloc.obj
 0001:00015294       ??$parse_floating_point@V?$c_string_character_source@D@__crt_strtox@@M@__crt_strtox@@YA?AW4SLD_STATUS@@QEAU__crt_locale_pointers@@V?$c_string_character_source@D@0@QEAM@Z 0000000180016294 f i libucrt:strtod.obj
 0001:00015334       ??$parse_floating_point@V?$c_string_character_source@D@__crt_strtox@@N@__crt_strtox@@YA?AW4SLD_STATUS@@QEAU__crt_locale_pointers@@V?$c_string_character_source@D@0@QEAN@Z 0000000180016334 f i libucrt:strtod.obj
 0001:000153d4       ??$parse_floating_point_from_source@V?$c_string_character_source@D@__crt_strtox@@@__crt_strtox@@YA?AW4floating_point_parse_result@0@QEAU__crt_locale_pointers@@AEAV?$c_string_character_source@D@0@AEAUfloating_point_string@0@@Z 00000001800163d4 f i libucrt:strtod.obj
 0001:000158c4       ??$parse_floating_point_possible_infinity@DV?$c_string_character_source@D@__crt_strtox@@PEBD@__crt_strtox@@YA?AW4floating_point_parse_result@0@AEADAEAV?$c_string_character_source@D@0@PEBD@Z 00000001800168c4 f i libucrt:strtod.obj
 0001:00015a20       ??$parse_floating_point_possible_nan@DV?$c_string_character_source@D@__crt_strtox@@PEBD@__crt_strtox@@YA?AW4floating_point_parse_result@0@AEADAEAV?$c_string_character_source@D@0@PEBD@Z 0000000180016a20 f i libucrt:strtod.obj
 0001:00015c0c       ??$parse_floating_point_possible_nan_is_ind@DV?$c_string_character_source@D@__crt_strtox@@@__crt_strtox@@YA_NAEADAEAV?$c_string_character_source@D@0@@Z 0000000180016c0c f i libucrt:strtod.obj
 0001:00015c50       ??$parse_floating_point_possible_nan_is_snan@DV?$c_string_character_source@D@__crt_strtox@@@__crt_strtox@@YA_NAEADAEAV?$c_string_character_source@D@0@@Z 0000000180016c50 f i libucrt:strtod.obj
 0001:00015c94       ??$parse_floating_point_write_result@M@__crt_strtox@@YA?AW4SLD_STATUS@@W4floating_point_parse_result@0@AEBUfloating_point_string@0@QEAM@Z 0000000180016c94 f i libucrt:strtod.obj
 0001:00015e04       ??$parse_floating_point_write_result@N@__crt_strtox@@YA?AW4SLD_STATUS@@W4floating_point_parse_result@0@AEBUfloating_point_string@0@QEAN@Z 0000000180016e04 f i libucrt:strtod.obj
 0001:00015fe4       ??0_LocaleUpdate@@QEAA@QEAU__crt_locale_pointers@@@Z 0000000180016fe4 f i libucrt:strtod.obj
 0001:00016080       ??1_LocaleUpdate@@QEAA@XZ  0000000180017080 f i libucrt:strtod.obj
 0001:00016094       ?as_double@floating_point_value@__crt_strtox@@QEBAAEANXZ 0000000180017094 f i libucrt:strtod.obj
 0001:000160d0       ?as_float@floating_point_value@__crt_strtox@@QEBAAEAMXZ 00000001800170d0 f i libucrt:strtod.obj
 0001:0001610c       ?assemble_floating_point_value@__crt_strtox@@YA?AW4SLD_STATUS@@_KH_N1AEBVfloating_point_value@1@@Z 000000018001710c f i libucrt:strtod.obj
 0001:000164b8       ?assemble_floating_point_value_from_big_integer@__crt_strtox@@YA?AW4SLD_STATUS@@AEBUbig_integer@1@I_N1AEBVfloating_point_value@1@@Z 00000001800174b8 f i libucrt:strtod.obj
 0001:0001661c       ?convert_decimal_string_to_floating_type_common@__crt_strtox@@YA?AW4SLD_STATUS@@AEBUfloating_point_string@1@AEBVfloating_point_value@1@@Z 000000018001761c f i libucrt:strtod.obj
 0001:000183a0       ?convert_hexadecimal_string_to_floating_type_common@__crt_strtox@@YA?AW4SLD_STATUS@@AEBUfloating_point_string@1@AEBVfloating_point_value@1@@Z 00000001800193a0 f i libucrt:strtod.obj
 0001:00018450       ?divide@__crt_strtox@@YA_KAEAUbig_integer@1@AEBU21@@Z 0000000180019450 f i libucrt:strtod.obj
 0001:00018968       strtod                     0000000180019968 f   libucrt:strtod.obj
 0001:00018970       strtof                     0000000180019970 f   libucrt:strtod.obj
 0001:00018978       rand                       0000000180019978 f   libucrt:rand.obj
 0001:000189a4       srand                      00000001800199a4 f   libucrt:rand.obj
 0001:000189bc       __acrt_call_reportfault    00000001800199bc f   libucrt:invalid_parameter.obj
 0001:00018b18       __acrt_initialize_invalid_parameter_handler 0000000180019b18 f   libucrt:invalid_parameter.obj
 0001:00018b20       _invalid_parameter         0000000180019b20 f   libucrt:invalid_parameter.obj
 0001:00018bd0       _invalid_parameter_noinfo  0000000180019bd0 f   libucrt:invalid_parameter.obj
 0001:00018bf0       _invalid_parameter_noinfo_noreturn 0000000180019bf0 f   libucrt:invalid_parameter.obj
 0001:00018c20       _invoke_watson             0000000180019c20 f   libucrt:invalid_parameter.obj
 0001:00018e84       __acrt_stdio_flush_nolock  0000000180019e84 f   libucrt:fflush.obj
 0001:00018f00       _fflush_nolock             0000000180019f00 f   libucrt:fflush.obj
 0001:00018f4c       _flushall                  0000000180019f4c f   libucrt:fflush.obj
 0001:00018f54       fflush                     0000000180019f54 f   libucrt:fflush.obj
 0001:00018fbc       _fclose_nolock             0000000180019fbc f   libucrt:fclose.obj
 0001:00019040       fclose                     000000018001a040 f   libucrt:fclose.obj
 0001:00019150       strcspn                    000000018001a150 f   libucrt:strcspn.obj
 0001:000196e0       ??$ensure_buffer_is_big_enough@D@formatting_buffer@__crt_stdio_output@@QEAA_N_K@Z 000000018001a6e0 f i libucrt:output.obj
 0001:00019788       ??$type_case_integer_parse_into_buffer@I@?$output_processor@DV?$string_output_adapter@D@__crt_stdio_output@@V?$format_validation_base@DV?$string_output_adapter@D@__crt_stdio_output@@@2@@__crt_stdio_output@@AEAAXII_N@Z 000000018001a788 f i libucrt:output.obj
 0001:00019818       ??$type_case_integer_parse_into_buffer@_K@?$output_processor@DV?$string_output_adapter@D@__crt_stdio_output@@V?$format_validation_base@DV?$string_output_adapter@D@__crt_stdio_output@@@2@@__crt_stdio_output@@AEAAX_KI_N@Z 000000018001a818 f i libucrt:output.obj
 0001:000198ac       ??$write_multiple_characters@V?$string_output_adapter@D@__crt_stdio_output@@D@__crt_stdio_output@@YAXAEBV?$string_output_adapter@D@0@DHQEAH@Z 000000018001a8ac f i libucrt:output.obj
 0001:00019924       ?crop_zeroes@__crt_stdio_output@@YAXPEADQEAU__crt_locale_pointers@@@Z 000000018001a924 f i libucrt:output.obj
 0001:00019990       ?force_decimal_point@__crt_stdio_output@@YAXPEADQEAU__crt_locale_pointers@@@Z 000000018001a990 f i libucrt:output.obj
 0001:00019a00       ?parse_int_from_format_string@?$output_processor@DV?$string_output_adapter@D@__crt_stdio_output@@V?$format_validation_base@DV?$string_output_adapter@D@__crt_stdio_output@@@2@@__crt_stdio_output@@AEAA_NQEAH@Z 000000018001aa00 f i libucrt:output.obj
 0001:00019aa4       ?process@?$output_processor@DV?$string_output_adapter@D@__crt_stdio_output@@V?$format_validation_base@DV?$string_output_adapter@D@__crt_stdio_output@@@2@@__crt_stdio_output@@QEAAHXZ 000000018001aaa4 f i libucrt:output.obj
 0001:00019cb8       ?state_case_normal@?$output_processor@DV?$string_output_adapter@D@__crt_stdio_output@@V?$format_validation_base@DV?$string_output_adapter@D@__crt_stdio_output@@@2@@__crt_stdio_output@@AEAA_NXZ 000000018001acb8 f i libucrt:output.obj
 0001:00019d2c       ?state_case_normal_tchar@?$output_processor@DV?$string_output_adapter@D@__crt_stdio_output@@V?$format_validation_base@DV?$string_output_adapter@D@__crt_stdio_output@@@2@@__crt_stdio_output@@AEAA_ND@Z 000000018001ad2c f i libucrt:output.obj
 0001:00019dc4       ?state_case_size@?$output_processor@DV?$string_output_adapter@D@__crt_stdio_output@@V?$format_validation_base@DV?$string_output_adapter@D@__crt_stdio_output@@@2@@__crt_stdio_output@@AEAA_NXZ 000000018001adc4 f i libucrt:output.obj
 0001:00019f38       ?state_case_type@?$output_processor@DV?$string_output_adapter@D@__crt_stdio_output@@V?$format_validation_base@DV?$string_output_adapter@D@__crt_stdio_output@@@2@@__crt_stdio_output@@AEAA_NXZ 000000018001af38 f i libucrt:output.obj
 0001:0001a1a4       ?type_case_Z@?$output_processor@DV?$string_output_adapter@D@__crt_stdio_output@@V?$format_validation_base@DV?$string_output_adapter@D@__crt_stdio_output@@@2@@__crt_stdio_output@@AEAA_NXZ 000000018001b1a4 f i libucrt:output.obj
 0001:0001a21c       ?type_case_a@?$output_processor@DV?$string_output_adapter@D@__crt_stdio_output@@V?$format_validation_base@DV?$string_output_adapter@D@__crt_stdio_output@@@2@@__crt_stdio_output@@AEAA_NXZ 000000018001b21c f i libucrt:output.obj
 0001:0001a3d8       ?type_case_c_tchar@?$output_processor@DV?$string_output_adapter@D@__crt_stdio_output@@V?$format_validation_base@DV?$string_output_adapter@D@__crt_stdio_output@@@2@@__crt_stdio_output@@AEAA_ND@Z 000000018001b3d8 f i libucrt:output.obj
 0001:0001a49c       ?type_case_integer@?$output_processor@DV?$string_output_adapter@D@__crt_stdio_output@@V?$format_validation_base@DV?$string_output_adapter@D@__crt_stdio_output@@@2@@__crt_stdio_output@@AEAA_NI_N@Z 000000018001b49c f i libucrt:output.obj
 0001:0001a664       ?type_case_n@?$output_processor@DV?$string_output_adapter@D@__crt_stdio_output@@V?$format_validation_base@DV?$string_output_adapter@D@__crt_stdio_output@@@2@@__crt_stdio_output@@AEAA_NXZ 000000018001b664 f i libucrt:output.obj
 0001:0001a740       ?type_case_s@?$output_processor@DV?$string_output_adapter@D@__crt_stdio_output@@V?$format_validation_base@DV?$string_output_adapter@D@__crt_stdio_output@@@2@@__crt_stdio_output@@AEAA_NXZ 000000018001b740 f i libucrt:output.obj
 0001:0001a7d8       ?write_stored_string_tchar@?$output_processor@DV?$string_output_adapter@D@__crt_stdio_output@@V?$format_validation_base@DV?$string_output_adapter@D@__crt_stdio_output@@@2@@__crt_stdio_output@@AEAA_ND@Z 000000018001b7d8 f i libucrt:output.obj
 0001:0001a8b0       ?write_string@?$string_output_adapter@D@__crt_stdio_output@@QEBAXQEBDHQEAHAEAV__crt_deferred_errno_cache@@@Z 000000018001b8b0 f i libucrt:output.obj
 0001:0001a954       __stdio_common_vsprintf_s  000000018001b954 f   libucrt:output.obj
 0001:0001a9b8       _fgetc_nolock              000000018001b9b8 f   libucrt:fgetc.obj
 0001:0001a9fc       fgetc                      000000018001b9fc f   libucrt:fgetc.obj
 0001:0001aaf4       __acrt_initialize_stdio    000000018001baf4 f   libucrt:_file.obj
 0001:0001ac14       __acrt_iob_func            000000018001bc14 f   libucrt:_file.obj
 0001:0001ac28       __acrt_uninitialize_stdio  000000018001bc28 f   libucrt:_file.obj
 0001:0001ac84       _get_stream_buffer_pointers 000000018001bc84 f   libucrt:_file.obj
 0001:0001accc       _lock_file                 000000018001bccc f   libucrt:_file.obj
 0001:0001acd8       _unlock_file               000000018001bcd8 f   libucrt:_file.obj
 0001:0001ace4       localeconv                 000000018001bce4 f   libucrt:localeconv.obj
 0001:0001adbc       _fwrite_nolock             000000018001bdbc f   libucrt:fwrite.obj
 0001:0001af64       fwrite                     000000018001bf64 f   libucrt:fwrite.obj
 0001:0001afe8       __acrt_errno_from_os_error 000000018001bfe8 f   libucrt:errno.obj
 0001:0001b030       __acrt_errno_map_os_error  000000018001c030 f   libucrt:errno.obj
 0001:0001b080       __doserrno                 000000018001c080 f   libucrt:errno.obj
 0001:0001b0a0       _errno                     000000018001c0a0 f   libucrt:errno.obj
 0001:0001b0c0       fgetpos                    000000018001c0c0 f   libucrt:fgetpos.obj
 0001:0001b23c       setvbuf                    000000018001c23c f   libucrt:setvbuf.obj
 0001:0001b2d8       ldexp                      000000018001c2d8 f   libucrt:ldexp.obj
 0001:0001b4e0       _time64                    000000018001c4e0 f   libucrt:time.obj
 0001:0001b520       free                       000000018001c520 f   libucrt:free.obj
 0001:0001b534       _ungetc_nolock             000000018001c534 f   libucrt:ungetc.obj
 0001:0001b64c       ungetc                     000000018001c64c f   libucrt:ungetc.obj
 0001:0001b6a4       frexp                      000000018001c6a4 f   libucrt:frexp.obj
 0001:0001b79c       fsetpos                    000000018001c79c f   libucrt:fsetpos.obj
 0001:0001ba00       _fseeki64                  000000018001ca00 f   libucrt:fseek.obj
 0001:0001ba08       fseek                      000000018001ca08 f   libucrt:fseek.obj
 0001:0001ba10       __ascii_stricmp            000000018001ca10 f   libucrt:stricmp.obj
 0001:0001ba50       _stricmp                   000000018001ca50 f   libucrt:stricmp.obj
 0001:0001ba98       _stricmp_l                 000000018001ca98 f   libucrt:stricmp.obj
 0001:0001bb4c       isdigit                    000000018001cb4c f i libucrt:_ctype.obj
 0001:0001bbc4       islower                    000000018001cbc4 f i libucrt:_ctype.obj
 0001:0001bc3c       isspace                    000000018001cc3c f i libucrt:_ctype.obj
 0001:0001bcb4       isupper                    000000018001ccb4 f i libucrt:_ctype.obj
 0001:0001bd7c       _tolower_l                 000000018001cd7c f   libucrt:tolower_toupper.obj
 0001:0001bebc       tolower                    000000018001cebc f   libucrt:tolower_toupper.obj
 0001:0001bee8       __acrt_initialize_locks    000000018001cee8 f   libucrt:locks.obj
 0001:0001bf30       __acrt_lock                000000018001cf30 f   libucrt:locks.obj
 0001:0001bf4c       __acrt_uninitialize_locks  000000018001cf4c f   libucrt:locks.obj
 0001:0001bf84       __acrt_unlock              000000018001cf84 f   libucrt:locks.obj
 0001:0001bfa0       _lock_locales              000000018001cfa0 f   libucrt:locks.obj
 0001:0001bfbc       _unlock_locales            000000018001cfbc f   libucrt:locks.obj
 0001:0001bfcc       terminate                  000000018001cfcc f   libucrt:terminate.obj
 0001:0001bfec       malloc                     000000018001cfec f   libucrt:malloc.obj
 0001:0001c300       setlocale                  000000018001d300 f   libucrt:setlocale.obj
 0001:0001c404       _fsopen                    000000018001d404 f   libucrt:fopen.obj
 0001:0001c40c       __pctype_func              000000018001d40c f   libucrt:ctype.obj
 0001:0001c43c       _wcsdup                    000000018001d43c f   libucrt:wcsdup.obj
 0001:0001c4c0       ___lc_codepage_func        000000018001d4c0 f   libucrt:initctype.obj
 0001:0001c4f0       ___lc_locale_name_func     000000018001d4f0 f   libucrt:initctype.obj
 0001:0001c524       ___mb_cur_max_func         000000018001d524 f   libucrt:initctype.obj
 0001:0001c554       __acrt_locale_initialize_ctype 000000018001d554 f   libucrt:initctype.obj
 0001:0001cc28       _ismbblead                 000000018001dc28 f   libucrt:ismbbyte.obj
 0001:0001cc40       pow                        000000018001dc40 f   libucrt:pow.obj
 0001:0001e2e0       powf                       000000018001f2e0 f   libucrt:powf.obj
 0001:0001f1a8       __strncnt                  00000001800201a8 f   libucrt:strncnt.obj
 0001:0001f1c0       ??$__acrt_mbs_to_wcs_cp@U__crt_win32_buffer_internal_dynamic_resizing@@@@YAHQEBDAEAV?$__crt_win32_buffer@_WU__crt_win32_buffer_internal_dynamic_resizing@@@@I@Z 00000001800201c0 f i libucrt:strftime.obj
 0001:0001f2a8       wcscpy_s                   00000001800202a8 f   libucrt:wcscpy_s.obj
 0001:0001f320       strnlen                    0000000180020320 f   libucrt:strnlen.obj
 0001:0001f470       wcsnlen                    0000000180020470 f   libucrt:strnlen.obj
 0001:0001f648       __acrt_initialize_new_handler 0000000180020648 f   libucrt:new_handler.obj
 0001:0001f650       _callnewh                  0000000180020650 f   libucrt:new_handler.obj
 0001:0001f680       _query_new_handler         0000000180020680 f   libucrt:new_handler.obj
 0001:0001f6b4       _seh_filter_dll            00000001800206b4 f   libucrt:exception_filter.obj
 0001:0001f6c8       _seh_filter_exe            00000001800206c8 f   libucrt:exception_filter.obj
 0001:0001fac0       __acrt_initialize_thread_local_exit_callback 0000000180020ac0 f   libucrt:exit.obj
 0001:0001fac8       _cexit                     0000000180020ac8 f   libucrt:exit.obj
 0001:0001fad8       _exit                      0000000180020ad8 f   libucrt:exit.obj
 0001:0001fae4       _is_c_termination_complete 0000000180020ae4 f   libucrt:exit.obj
 0001:0001fcb0       __acrt_allocate_buffer_for_argv 0000000180020cb0 f   libucrt:argv_parsing.obj
 0001:0001fd10       _configure_narrow_argv     0000000180020d10 f   libucrt:argv_parsing.obj
 0001:00020088       __dcrt_uninitialize_environments_nolock 0000000180021088 f   libucrt:environment_initialization.obj
 0001:000200c0       _initialize_narrow_environment 00000001800210c0 f   libucrt:environment_initialization.obj
 0001:00020450       _crt_atexit                0000000180021450 f   libucrt:onexit.obj
 0001:00020460       _execute_onexit_table      0000000180021460 f   libucrt:onexit.obj
 0001:0002049c       _initialize_onexit_table   000000018002149c f   libucrt:onexit.obj
 0001:000204dc       _register_onexit_function  00000001800214dc f   libucrt:onexit.obj
 0001:00020664       __acrt_initialize          0000000180021664 f   libucrt:initialization.obj
 0001:00020678       __acrt_thread_attach       0000000180021678 f   libucrt:initialization.obj
 0001:0002068c       __acrt_thread_detach       000000018002168c f   libucrt:initialization.obj
 0001:0002069c       __acrt_uninitialize        000000018002169c f   libucrt:initialization.obj
 0001:000206d4       __acrt_uninitialize_critical 00000001800216d4 f   libucrt:initialization.obj
 0001:000206e4       _initterm                  00000001800216e4 f   libucrt:initterm.obj
 0001:00020748       _initterm_e                0000000180021748 f   libucrt:initterm.obj
 0001:00020788       strcpy_s                   0000000180021788 f   libucrt:strcpy_s.obj
 0001:000207f8       wcsncmp                    00000001800217f8 f   libucrt:wcsncmp.obj
 0001:00020824       ??$parse_integer@KV?$c_string_character_source@D@__crt_strtox@@@__crt_strtox@@YAKQEAU__crt_locale_pointers@@V?$c_string_character_source@D@0@H_N@Z 0000000180021824 f i libucrt:atox.obj
 0001:00020b60       ??$parse_integer@KV?$c_string_character_source@_W@__crt_strtox@@@__crt_strtox@@YAKQEAU__crt_locale_pointers@@V?$c_string_character_source@_W@0@H_N@Z 0000000180021b60 f i libucrt:atox.obj
 0001:00021214       _wtol                      0000000180022214 f   libucrt:atox.obj
 0001:00021250       strncmp                    0000000180022250 f   libucrt:strncmp.obj
 0001:00021318       __acrt_get_sigabrt_handler 0000000180022318 f   libucrt:signal.obj
 0001:00021348       __acrt_initialize_signal_handlers 0000000180022348 f   libucrt:signal.obj
 0001:00021368       raise                      0000000180022368 f   libucrt:signal.obj
 0001:000215e8       _fileno                    00000001800225e8 f   libucrt:fileno.obj
 0001:000216f0       __acrt_stdio_flush_and_write_narrow_nolock 00000001800226f0 f   libucrt:_flsbuf.obj
 0001:000219c0       __acrt_initialize_lowio    00000001800229c0 f   libucrt:ioinit.obj
 0001:000219fc       __acrt_uninitialize_lowio  00000001800229fc f   libucrt:ioinit.obj
 0001:00021a3c       _calloc_base               0000000180022a3c f   libucrt:calloc_base.obj
 0001:00021ab4       iswctype                   0000000180022ab4 f   libucrt:iswctype.obj
 0001:00021b24       _isctype_l                 0000000180022b24 f   libucrt:isctype.obj
 0001:00021fb0       __acrt_freeptd             0000000180022fb0 f   libucrt:per_thread_data.obj
 0001:00021ff4       __acrt_getptd              0000000180022ff4 f   libucrt:per_thread_data.obj
 0001:000220b8       __acrt_getptd_head         00000001800230b8 f   libucrt:per_thread_data.obj
 0001:00022160       __acrt_getptd_noexit       0000000180023160 f   libucrt:per_thread_data.obj
 0001:00022218       __acrt_initialize_ptd      0000000180023218 f   libucrt:per_thread_data.obj
 0001:00022254       __acrt_uninitialize_ptd    0000000180023254 f   libucrt:per_thread_data.obj
 0001:00022278       __acrt_update_locale_info  0000000180023278 f   libucrt:locale_update.obj
 0001:000222ac       __acrt_update_multibyte_info 00000001800232ac f   libucrt:locale_update.obj
 0001:000222e0       fegetround                 00000001800232e0 f   libucrt:fegetround.obj
 0001:0002255c       __acrt_copy_locale_name    000000018002355c f   libucrt:wsetlocale.obj
 0001:000225e0       __acrt_set_locale_changed  00000001800235e0 f   libucrt:wsetlocale.obj
 0001:000225ec       __acrt_uninitialize_locale 00000001800235ec f   libucrt:wsetlocale.obj
 0001:0002261c       __lc_lctowcs               000000018002361c f   libucrt:wsetlocale.obj
 0001:000226c0       __lc_wcstolc               00000001800236c0 f   libucrt:wsetlocale.obj
 0001:00022940       _expandlocale              0000000180023940 f   libucrt:wsetlocale.obj
 0001:00022dc8       _wcscats                   0000000180023dc8 f   libucrt:wsetlocale.obj
 0001:00022e30       _wsetlocale                0000000180023e30 f   libucrt:wsetlocale.obj
 0001:00023728       _commit                    0000000180024728 f   libucrt:commit.obj
 0001:00023d64       _write                     0000000180024d64 f   libucrt:write.obj
 0001:00023e50       _write_nolock              0000000180024e50 f   libucrt:write.obj
 0001:00024130       _free_base                 0000000180025130 f   libucrt:free_base.obj
 0001:000241e4       _close                     00000001800251e4 f   libucrt:close.obj
 0001:00024288       _close_nolock              0000000180025288 f   libucrt:close.obj
 0001:00024344       ?__acrt_stdio_allocate_stream@@YA?AV__crt_stdio_stream@@XZ 0000000180025344 f   libucrt:stream.obj
 0001:0002439c       ?__acrt_stdio_free_stream@@YAXV__crt_stdio_stream@@@Z 000000018002539c f   libucrt:stream.obj
 0001:000244a4       __acrt_stdio_free_buffer_nolock 00000001800254a4 f   libucrt:_freebuf.obj
 0001:000244e4       _malloc_base               00000001800254e4 f   libucrt:malloc_base.obj
 0001:00024544       strtol                     0000000180025544 f   libucrt:strtox.obj
 0001:00024570       _mbtowc_l                  0000000180025570 f   libucrt:mbtowc.obj
 0001:000246ec       mbtowc                     00000001800256ec f   libucrt:mbtowc.obj
 0001:000246f4       _wctomb_s_l                00000001800256f4 f   libucrt:wctomb.obj
 0001:00024878       wctomb_s                   0000000180025878 f   libucrt:wctomb.obj
 0001:0002525c       __acrt_fp_format           000000018002625c f   libucrt:cvt.obj
 0001:000254e4       _get_printf_count_output   00000001800264e4 f   libucrt:printf_count_output.obj
 0001:000254fc       __acrt_stdio_begin_temporary_buffering_nolock 00000001800264fc f   libucrt:_sftbuf.obj
 0001:000255cc       __acrt_stdio_end_temporary_buffering_nolock 00000001800265cc f   libucrt:_sftbuf.obj
 0001:00025608       __acrt_stdio_refill_and_read_narrow_nolock 0000000180026608 f   libucrt:_filbuf.obj
 0001:00025a18       __acrt_AppPolicyGetProcessTerminationMethodInternal 0000000180026a18 f   libucrt:winapi_thunks.obj
 0001:00025a68       __acrt_AreFileApisANSI     0000000180026a68 f   libucrt:winapi_thunks.obj
 0001:00025aa4       __acrt_EnumSystemLocalesEx 0000000180026aa4 f   libucrt:winapi_thunks.obj
 0001:00025b3c       __acrt_FlsAlloc            0000000180026b3c f   libucrt:winapi_thunks.obj
 0001:00025b84       __acrt_FlsFree             0000000180026b84 f   libucrt:winapi_thunks.obj
 0001:00025bcc       __acrt_FlsGetValue         0000000180026bcc f   libucrt:winapi_thunks.obj
 0001:00025c14       __acrt_FlsSetValue         0000000180026c14 f   libucrt:winapi_thunks.obj
 0001:00025c68       __acrt_GetLocaleInfoEx     0000000180026c68 f   libucrt:winapi_thunks.obj
 0001:00025cec       __acrt_GetSystemTimePreciseAsFileTime 0000000180026cec f   libucrt:winapi_thunks.obj
 0001:00025d34       __acrt_GetUserDefaultLocaleName 0000000180026d34 f   libucrt:winapi_thunks.obj
 0001:00025d98       __acrt_InitializeCriticalSectionEx 0000000180026d98 f   libucrt:winapi_thunks.obj
 0001:00025dfc       __acrt_IsValidLocaleName   0000000180026dfc f   libucrt:winapi_thunks.obj
 0001:00025e54       __acrt_LCIDToLocaleName    0000000180026e54 f   libucrt:winapi_thunks.obj
 0001:00025ec4       __acrt_LCMapStringEx       0000000180026ec4 f   libucrt:winapi_thunks.obj
 0001:00025fa0       __acrt_LocaleNameToLCID    0000000180026fa0 f   libucrt:winapi_thunks.obj
 0001:00025ff0       __acrt_can_use_vista_locale_apis 0000000180026ff0 f   libucrt:winapi_thunks.obj
 0001:00026020       __acrt_eagerly_load_locale_apis 0000000180027020 f   libucrt:winapi_thunks.obj
 0001:0002617c       __acrt_initialize_winapi_thunks 000000018002717c f   libucrt:winapi_thunks.obj
 0001:000261c4       __acrt_uninitialize_winapi_thunks 00000001800271c4 f   libucrt:winapi_thunks.obj
 0001:00026208       _fcloseall                 0000000180027208 f   libucrt:closeall.obj
 0001:0002678c       _ftelli64                  000000018002778c f   libucrt:ftell.obj
 0001:00026794       _ftelli64_nolock           0000000180027794 f   libucrt:ftell.obj
 0001:0002679c       _copysign                  000000018002779c f   libucrt:_copysign.obj
 0001:000267d0       _decomp                    00000001800277d0 f   libucrt:util.obj
 0001:00026908       _set_exp                   0000000180027908 f   libucrt:util.obj
 0001:00026940       _sptype                    0000000180027940 f   libucrt:util.obj
 0001:000269b4       _errcode                   00000001800279b4 f   libucrt:fpexcept.obj
 0001:000269f8       _except1                   00000001800279f8 f   libucrt:fpexcept.obj
 0001:00026aec       _except2                   0000000180027aec f   libucrt:fpexcept.obj
 0001:00026bf4       _handle_exc                0000000180027bf4 f   libucrt:fpexcept.obj
 0001:00026e5c       _handle_qnan2              0000000180027e5c f   libucrt:fpexcept.obj
 0001:00026e64       _raise_exc                 0000000180027e64 f   libucrt:fpexcept.obj
 0001:00026e8c       _raise_exc_ex              0000000180027e8c f   libucrt:fpexcept.obj
 0001:0002719c       _raise_excf                000000018002819c f   libucrt:fpexcept.obj
 0001:000271c8       _set_errno_from_matherr    00000001800281c8 f   libucrt:fpexcept.obj
 0001:000271f8       _umatherr                  00000001800281f8 f   libucrt:fpexcept.obj
 0001:000272cc       _clrfp                     00000001800282cc f   libucrt:fpctrl.obj
 0001:000272ec       _ctrlfp                    00000001800282ec f   libucrt:fpctrl.obj
 0001:00027368       _set_statfp                0000000180028368 f   libucrt:fpctrl.obj
 0001:00027388       _statfp                    0000000180028388 f   libucrt:fpctrl.obj
 0001:0002739c       __acrt_stdio_allocate_buffer_nolock 000000018002839c f   libucrt:_getbuf.obj
 0001:00027404       _dsign                     0000000180028404 f   libucrt:nan.obj
 0001:000275a8       _lseeki64                  00000001800285a8 f   libucrt:lseek.obj
 0001:000275b0       _lseeki64_nolock           00000001800285b0 f   libucrt:lseek.obj
 0001:000275b8       _isleadbyte_l              00000001800285b8 f i libucrt:_wctype.obj
 0001:00027910       __acrt_LCMapStringA        0000000180028910 f   libucrt:lcmapstringa.obj
 0001:00027bac       _mbstowcs_l                0000000180028bac f   libucrt:mbstowcs.obj
 0001:00027bb4       _mbstowcs_s_l              0000000180028bb4 f   libucrt:mbstowcs.obj
 0001:00027ce8       mbstowcs                   0000000180028ce8 f   libucrt:mbstowcs.obj
 0001:00027d04       mbstowcs_s                 0000000180028d04 f   libucrt:mbstowcs.obj
 0001:0002808c       _wcstombs_l                000000018002908c f   libucrt:wcstombs.obj
 0001:00028094       _wcstombs_s_l              0000000180029094 f   libucrt:wcstombs.obj
 0001:00028180       ??$__acrt_stdio_parse_mode@D@@YA?AU__acrt_stdio_stream_mode@@QEBD@Z 0000000180029180 f i libucrt:openfile.obj
 0001:00028444       _openfile                  0000000180029444 f   libucrt:openfile.obj
[...]
 0004:00002388       $pdata$??$translate_text_mode_nolock@D@@YAHHQEAD_K@Z 0000000180070388     libucrt:read.obj
 0004:00002394       $pdata$??$translate_text_mode_nolock@_W@@YAHHQEA_W_K@Z 0000000180070394     libucrt:read.obj
 0004:000023a0       $pdata$?translate_ansi_or_utf8_nolock@@YAHHQEAD_KQEA_W1@Z 00000001800703a0     libucrt:read.obj
 0004:000023ac       $pdata$_read               00000001800703ac     libucrt:read.obj
 0004:000023b8       $pdata$_read_nolock        00000001800703b8     libucrt:read.obj
 0004:000023c4       $pdata$?GetTableIndexFromLocaleName@@YAHPEB_W@Z 00000001800703c4     libucrt:lcidtoname_downlevel.obj
 0004:000023d0       $pdata$__acrt_DownlevelLCIDToLocaleName 00000001800703d0     libucrt:lcidtoname_downlevel.obj
 0004:000023dc       $pdata$__acrt_DownlevelLocaleNameToLCID 00000001800703dc     libucrt:lcidtoname_downlevel.obj
 0004:000023f4       $pdata$?__wcsrtombs_utf8@__crt_mbstring@@YA_KPEADPEAPEB_W_KPEAU_Mbstatet@@@Z 00000001800703f4     libucrt:wcrtomb.obj
 0004:00002400       $pdata$_wcsnicmp           0000000180070400     libucrt:wcsnicmp.obj
 0004:0000240c       $pdata$_wcsnicmp_l         000000018007040c     libucrt:wcsnicmp.obj
 0004:00002418       $pdata$__ascii_strnicmp    0000000180070418     libucrt:strnicmp.obj
 0004:00002424       $pdata$_strnicmp           0000000180070424     libucrt:strnicmp.obj
 0004:00002430       $pdata$_strnicmp_l         0000000180070430     libucrt:strnicmp.obj
 0004:0000243c       $pdata$??$common_sopen_dispatch@D@@YAHQEBDHHHQEAHH@Z 000000018007043c     libucrt:open.obj
 0004:00002448       $pdata$?configure_text_mode@@YAHHUfile_options@?A0xa9d50aae@@HAEAW4__crt_lowio_text_mode@@@Z 0000000180070448     libucrt:open.obj
 0004:00002454       $pdata$?decode_options@@YA?AUfile_options@?A0xa9d50aae@@HHH@Z 0000000180070454     libucrt:open.obj
 0004:00002460       $pdata$?truncate_ctrl_z_if_present@@YAHH@Z 0000000180070460     libucrt:open.obj
 0004:0000246c       $pdata$_sopen_nolock       000000018007046c     libucrt:open.obj
 0004:00002478       $pdata$_sopen_s            0000000180070478     libucrt:open.obj
 0004:00002484       $pdata$_wsopen_nolock      0000000180070484     libucrt:open.obj
 0004:00002490       $pdata$strncpy_s           0000000180070490     libucrt:strncpy_s.obj
 0004:0000249c       $pdata$_call_matherr       000000018007049c     libucrt:libm_error.obj
 0004:000024a8       $pdata$_exception_enabled  00000001800704a8     libucrt:libm_error.obj
 0004:000024b4       $pdata$_handle_error       00000001800704b4     libucrt:libm_error.obj
 0004:000024c0       $pdata$_handle_errorf      00000001800704c0     libucrt:libm_error.obj
 0004:000024cc       $pdata$_towlower_l         00000001800704cc     libucrt:towlower.obj
 0004:000024d8       $pdata$qsort               00000001800704d8     libucrt:qsort.obj
 0004:000024e4       $pdata$4$qsort             00000001800704e4     libucrt:qsort.obj
 0004:000024f0       $pdata$5$qsort             00000001800704f0     libucrt:qsort.obj
 0004:000024fc       $pdata$fallbackMethod      00000001800704fc     libucrt:strpbrk.obj
 0004:00002508       $pdata$strpbrk             0000000180070508     libucrt:strpbrk.obj
 0004:00002514       $pdata$??$__acrt_convert_wcs_mbs@D_W$$A6A_KPEA_WPEBD_KPEAU__crt_locale_pointers@@@ZU__crt_win32_buffer_internal_dynamic_resizing@@@@YAHQEBDAEAV?$__crt_win32_buffer@_WU__crt_win32_buffer_internal_dynamic_resizing@@@@A6A_KPEA_WPEBD_KPEAU__crt_locale_pointers@@@Z5@Z 0000000180070514     libucrt:findfirstfileexa.obj
 0004:00002520       $pdata$__acrt_FindFirstFileExA 0000000180070520     libucrt:findfirstfileexa.obj
 0004:0000252c       $pdata$??$__acrt_convert_wcs_mbs@_WD$$A6A_KPEADPEB_W_KPEAU__crt_locale_pointers@@@ZU__crt_win32_buffer_no_resizing@@@@YAHQEB_WAEAV?$__crt_win32_buffer@DU__crt_win32_buffer_no_resizing@@@@A6A_KPEADPEB_W_KPEAU__crt_locale_pointers@@@Z5@Z 000000018007052c     libucrt:findnextfilea.obj
 0004:00002538       $pdata$__acrt_FindNextFileA 0000000180070538     libucrt:findnextfilea.obj
 0004:00002544       $pdata$_mbsdec_l           0000000180070544     libucrt:mbsdec.obj
 0004:00002550       $pdata$?initialize_multibyte@@YAHXZ 0000000180070550     libucrt:multibyte_initializer.obj
 0004:0000255c       $pdata$_msize_base         000000018007055c     libucrt:msize.obj
 0004:00002568       $pdata$??$common_xtox@K_W@@YAHKQEA_W_KI_N@Z 0000000180070568     libucrt:xtoa.obj
 0004:00002574       $pdata$??$common_xtox_s@K_W@@YAHKQEA_W_KI_N@Z 0000000180070574     libucrt:xtoa.obj
 0004:00002580       $pdata$_itow_s             0000000180070580     libucrt:xtoa.obj
 0004:0000258c       $pdata$__dcrt_lowio_ensure_console_output_initialized 000000018007058c     libucrt:initcon.obj
 0004:00002598       $pdata$__dcrt_terminate_console_output 0000000180070598     libucrt:initcon.obj
 0004:000025a4       $pdata$__dcrt_write_console 00000001800705a4     libucrt:initcon.obj
 0004:000025b0       $pdata$?__mbrtoc32_utf8@__crt_mbstring@@YA_KPEA_UPEBD_KPEAU_Mbstatet@@@Z 00000001800705b0     libucrt:mbrtoc32.obj
 0004:000025bc       $pdata$fegetenv            00000001800705bc     libucrt:fegetenv.obj
 0004:000025c8       $pdata$fesetenv            00000001800705c8     libucrt:fesetenv.obj
 0004:000025d4       $pdata$feholdexcept        00000001800705d4     libucrt:feholdexcept.obj
 0004:000025ec       $pdata$?__c16rtomb_utf8@__crt_mbstring@@YA_KPEAD_SPEAU_Mbstatet@@@Z 00000001800705ec     libucrt:c16rtomb.obj
 0004:000025f8       $pdata$_get_fmode          00000001800705f8     libucrt:setmode.obj
 0004:00002604       $pdata$_setmode_nolock     0000000180070604     libucrt:setmode.obj
 0004:00002610       $pdata$_chsize_nolock      0000000180070610     libucrt:chsize.obj
 0004:0000261c       $pdata$__acrt_LCMapStringW 000000018007061c     libucrt:lcmapstringw.obj
 0004:00002628       $pdata$_clearfp            0000000180070628     libucrt:ieee.obj
 0004:00002634       $pdata$_log10_special      0000000180070634     libucrt:log_special.obj
 0004:00002640       $pdata$_log_special_common 0000000180070640     libucrt:log_special.obj
 0004:0000264c       $pdata$?__c32rtomb_utf8@__crt_mbstring@@YA_KPEAD_UPEAU_Mbstatet@@@Z 000000018007064c     libucrt:c32rtomb.obj
 0004:00002658       $pdata$?DloadAcquireSectionWriteAccess@@YAXXZ 0000000180070658     DelayImp:delayhlp.obj
 0004:00002664       $pdata$?DloadGetSRWLockFunctionPointers@@YAEXZ 0000000180070664     DelayImp:delayhlp.obj
 0004:00002670       $pdata$?DloadMakePermanentImageCommit@@YAXPEAX_K@Z 0000000180070670     DelayImp:delayhlp.obj
 0004:0000267c       $pdata$?DloadObtainSection@@YAPEAXPEAK0@Z 000000018007067c     DelayImp:delayhlp.obj
 0004:00002688       $pdata$?DloadProtectSection@@YAXKPEAK@Z 0000000180070688     DelayImp:delayhlp.obj
 0004:00002694       $pdata$?DloadReleaseSectionWriteAccess@@YAXXZ 0000000180070694     DelayImp:delayhlp.obj
 0004:000026a0       $pdata$__delayLoadHelper2  00000001800706a0     DelayImp:delayhlp.obj
 0004:000026ac       $pdata$_IsNonwritableInCurrentImage 00000001800706ac     LIBCMT:pesect.obj
 0004:000026b8       $pdata$strrchr             00000001800706b8     libvcruntime:strrchr.obj
 0004:000026c4       $pdata$wcschr              00000001800706c4     libvcruntime:wcschr.obj
 0004:000026d0       $pdata$sqrt                00000001800706d0     libucrt:sqrt.obj
 0004:000026e8       $pdata$__scrt_is_nonwritable_in_current_image$filt$0 00000001800706e8     LIBCMT:utility.obj
 0004:000026f4       $pdata$?fin$0@?0??dllmain_crt_process_attach@@YAHQEAUHINSTANCE__@@QEAX@Z@4HA 00000001800706f4     LIBCMT:dll_dllmain.obj
 0004:00002700       $pdata$?fin$0@?0??dllmain_crt_process_detach@@YAH_N@Z@4HA 0000000180070700     LIBCMT:dll_dllmain.obj
 0004:0000270c       $pdata$?filt$0@?0??dllmain_dispatch@@YAHQEAUHINSTANCE__@@KQEAX@Z@4HA 000000018007070c     LIBCMT:dll_dllmain.obj
 0004:00002718       $pdata$_CallSETranslator$filt$0 0000000180070718     libvcruntime:risctrnsctrl.obj
 0004:00002724       $pdata$__DestructExceptionObject$filt$0 0000000180070724     libvcruntime:ehhelpers.obj
 0004:00002730       $pdata$__CxxCallCatchBlock$filt$0 0000000180070730     libvcruntime:frame.obj
 0004:0000273c       $pdata$__CxxCallCatchBlock$fin$1 000000018007073c     libvcruntime:frame.obj
 0004:00002748       $pdata$__FrameUnwindToState$filt$0 0000000180070748     libvcruntime:frame.obj
 0004:00002754       $pdata$__FrameUnwindToState$fin$1 0000000180070754     libvcruntime:frame.obj
 0004:00002760       $pdata$fputc$fin$0         0000000180070760     libucrt:fputc.obj
 0004:0000276c       $pdata$?fin$0@?0???$?RV<lambda_c376a267cfb53b6959b3b692ec76b120>@@AEAV<lambda_9a32fed5bf61b6b509b2d3f6003082a1>@@V<lambda_572fbb9fa0ab338edf41edfd4b5fcc8d>@@@?$__crt_seh_guarded_call@H@@QEAAH$$QEAV<lambda_c376a267cfb53b6959b3b692ec76b120>@@AEAV<lambda_9a32fed5bf61b6b509b2d3f6003082a1>@@$$QEAV<lambda_572fbb9fa0ab338edf41edfd4b5fcc8d>@@@Z@4HA 000000018007076c     libucrt:fflush.obj
 0004:0000276c       $pdata$?fin$0@?0???$?RV<lambda_842d9ff0dc9ef11c61343bbaebe7f885>@@AEAV<lambda_c5860995281e5c4ce005b3de8f5874ee>@@V<lambda_d90129c13df834fdcbf8d2b88dafcf2d>@@@?$__crt_seh_guarded_call@X@@QEAAX$$QEAV<lambda_842d9ff0dc9ef11c61343bbaebe7f885>@@AEAV<lambda_c5860995281e5c4ce005b3de8f5874ee>@@$$QEAV<lambda_d90129c13df834fdcbf8d2b88dafcf2d>@@@Z@4HA 000000018007076c     libucrt:fflush.obj
 0004:0000276c       $pdata$?fin$0@?0???$?RV<lambda_84ec643ea9557e2f7dc01bb0e9624395>@@AEAV<lambda_ca71763b3c0644891230e4f79ea54fa6>@@V<lambda_439a761618c59b0600e24586724d733b>@@@?$__crt_seh_guarded_call@H@@QEAAH$$QEAV<lambda_84ec643ea9557e2f7dc01bb0e9624395>@@AEAV<lambda_ca71763b3c0644891230e4f79ea54fa6>@@$$QEAV<lambda_439a761618c59b0600e24586724d733b>@@@Z@4HA 000000018007076c     libucrt:setvbuf.obj
 0004:0000276c       $pdata$?fin$0@?0???$?RV<lambda_bdbcead8b570fa3d5ec6d9679862a6e5>@@AEAV<lambda_96f4279ff90247a4c5c5d9824f56f8c1>@@V<lambda_4606be27f17b5e5579e09050fab91818>@@@?$__crt_seh_guarded_call@_K@@QEAA_K$$QEAV<lambda_bdbcead8b570fa3d5ec6d9679862a6e5>@@AEAV<lambda_96f4279ff90247a4c5c5d9824f56f8c1>@@$$QEAV<lambda_4606be27f17b5e5579e09050fab91818>@@@Z@4HA 000000018007076c     libucrt:fwrite.obj
 0004:00002778       $pdata$?fin$0@?0???$?RV<lambda_886d6c58226a84441f68b9f2b8217b83>@@AEAV<lambda_ab61a845afdef5b7c387490eaf3616ee>@@V<lambda_f7f22ab5edc0698d5f6905b0d3f44752>@@@?$__crt_seh_guarded_call@X@@QEAAX$$QEAV<lambda_886d6c58226a84441f68b9f2b8217b83>@@AEAV<lambda_ab61a845afdef5b7c387490eaf3616ee>@@$$QEAV<lambda_f7f22ab5edc0698d5f6905b0d3f44752>@@@Z@4HA 0000000180070778     libucrt:fflush.obj
 0004:00002784       $pdata$fclose$fin$0        0000000180070784     libucrt:fclose.obj
 0004:00002784       $pdata$?fin$0@?0??common_fseek@@YAHV__crt_stdio_stream@@_JH@Z@4HA 0000000180070784     libucrt:fseek.obj
 0004:00002784       $pdata$?fin$0@?0???$common_ftell@_J@@YA_JV__crt_stdio_stream@@@Z@4HA 0000000180070784     libucrt:ftell.obj
 0004:00002790       $pdata$fgetc$fin$0         0000000180070790     libucrt:fgetc.obj
 0004:0000279c       $pdata$ungetc$fin$0        000000018007079c     libucrt:ungetc.obj
 0004:000027a8       $pdata$?fin$0@?0???$?RV<lambda_1d892b297fdedeee07ed8124eeb2f2fa>@@AEAV<lambda_ffc046909424fd52df0ac47e64813305>@@V<lambda_01a7098693036236037e7cdb9bca3d73>@@@?$__crt_seh_guarded_call@X@@QEAAX$$QEAV<lambda_1d892b297fdedeee07ed8124eeb2f2fa>@@AEAV<lambda_ffc046909424fd52df0ac47e64813305>@@$$QEAV<lambda_01a7098693036236037e7cdb9bca3d73>@@@Z@4HA 00000001800707a8     libucrt:wsetlocale.obj
 0004:000027a8       $pdata$?fin$0@?0???$?RV<lambda_8369fcb7c4df1e85de37618bd2b85f07>@@AEAV<lambda_a10e4b102d4a2c3aac6f4f48bbdf488f>@@V<lambda_5b7707bd6d7a0c4713179f36c7fd995d>@@@?$__crt_seh_guarded_call@H@@QEAAH$$QEAV<lambda_8369fcb7c4df1e85de37618bd2b85f07>@@AEAV<lambda_a10e4b102d4a2c3aac6f4f48bbdf488f>@@$$QEAV<lambda_5b7707bd6d7a0c4713179f36c7fd995d>@@@Z@4HA 00000001800707a8     libucrt:onexit.obj
 0004:000027a8       $pdata$?fin$0@?0???$?RV<lambda_d80eeec6fff315bfe5c115232f3240e3>@@AEAV<lambda_6e4b09c48022b2350581041d5f6b0c4c>@@V<lambda_2358e3775559c9db80273638284d5e45>@@@?$__crt_seh_guarded_call@X@@QEAAX$$QEAV<lambda_d80eeec6fff315bfe5c115232f3240e3>@@AEAV<lambda_6e4b09c48022b2350581041d5f6b0c4c>@@$$QEAV<lambda_2358e3775559c9db80273638284d5e45>@@@Z@4HA 00000001800707a8     libucrt:exit.obj
 0004:000027a8       $pdata$?fin$0@?0???$?RV<lambda_7777bce6b2f8c936911f934f8298dc43>@@AEAV<lambda_f03950bc5685219e0bcd2087efbe011e>@@V<lambda_3883c3dff614d5e0c5f61bb1ac94921c>@@@?$__crt_seh_guarded_call@H@@QEAAH$$QEAV<lambda_7777bce6b2f8c936911f934f8298dc43>@@AEAV<lambda_f03950bc5685219e0bcd2087efbe011e>@@$$QEAV<lambda_3883c3dff614d5e0c5f61bb1ac94921c>@@@Z@4HA 00000001800707a8     libucrt:onexit.obj
 0004:000027a8       $pdata$?fin$0@?0???$?RV<lambda_aa87e3671a710a21b5dc78c0bdf72e11>@@AEAV<lambda_92619d2358a28f41a33ba319515a20b9>@@V<lambda_6992ecaafeb10aed2b74cb1fae11a551>@@@?$__crt_seh_guarded_call@X@@QEAAX$$QEAV<lambda_aa87e3671a710a21b5dc78c0bdf72e11>@@AEAV<lambda_92619d2358a28f41a33ba319515a20b9>@@$$QEAV<lambda_6992ecaafeb10aed2b74cb1fae11a551>@@@Z@4HA 00000001800707a8     libucrt:per_thread_data.obj
 0004:000027a8       $pdata$?fin$0@?0???$?RV<lambda_450d765d439847d4c735a33c368b5fc0>@@AEAV<lambda_44731a7d0e6d81c3e6aa82d741081786>@@V<lambda_601a2a7da3b7a96e9554ac7215c4b07c>@@@?$__crt_seh_guarded_call@P6AXH@Z@@QEAAP6AXH@Z$$QEAV<lambda_450d765d439847d4c735a33c368b5fc0>@@AEAV<lambda_44731a7d0e6d81c3e6aa82d741081786>@@$$QEAV<lambda_601a2a7da3b7a96e9554ac7215c4b07c>@@@Z@4HA 00000001800707a8     libucrt:signal.obj
 0004:000027a8       $pdata$?fin$0@?0???$?RV<lambda_bd00b5aa228bd7e7e5b2b5db5fd2933b>@@AEAV<lambda_777d11615145f89ee95b9466d285deeb>@@V<lambda_6e5e48fbd24f9f8f81b203eb3d877683>@@@?$__crt_seh_guarded_call@H@@QEAAH$$QEAV<lambda_bd00b5aa228bd7e7e5b2b5db5fd2933b>@@AEAV<lambda_777d11615145f89ee95b9466d285deeb>@@$$QEAV<lambda_6e5e48fbd24f9f8f81b203eb3d877683>@@@Z@4HA 00000001800707a8     libucrt:winapi_thunks.obj
 0004:000027a8       $pdata$?fin$0@?0???$?RV<lambda_f2e299630e499de9f9a165e60fcd3db5>@@AEAV<lambda_2ae9d31cdba2644fcbeaf08da7c24588>@@V<lambda_40d01ff24d0e7b3814fdbdcee8eab3c7>@@@?$__crt_seh_guarded_call@X@@QEAAX$$QEAV<lambda_f2e299630e499de9f9a165e60fcd3db5>@@AEAV<lambda_2ae9d31cdba2644fcbeaf08da7c24588>@@$$QEAV<lambda_40d01ff24d0e7b3814fdbdcee8eab3c7>@@@Z@4HA 00000001800707a8     libucrt:per_thread_data.obj
 0004:000027a8       $pdata$?fin$0@?0???$?RV<lambda_0ae27a3a962d80f24befdcbee591983d>@@AEAV<lambda_8d0ee55de4b1038c4002e0adecdf1839>@@V<lambda_dc504788e8f1664fe9b84e20bfb512f2>@@@?$__crt_seh_guarded_call@X@@QEAAX$$QEAV<lambda_0ae27a3a962d80f24befdcbee591983d>@@AEAV<lambda_8d0ee55de4b1038c4002e0adecdf1839>@@$$QEAV<lambda_dc504788e8f1664fe9b84e20bfb512f2>@@@Z@4HA 00000001800707a8     libucrt:per_thread_data.obj
 0004:000027a8       $pdata$?fin$0@?0???$?RV<lambda_9bd929c17696992ce54f1d748594fc62>@@AEAV<lambda_082c17da81b0962e08c0587ee0fac50c>@@V<lambda_9c08ac857f4975304d44e9f601d9b878>@@@?$__crt_seh_guarded_call@PEAD@@QEAAPEAD$$QEAV<lambda_9bd929c17696992ce54f1d748594fc62>@@AEAV<lambda_082c17da81b0962e08c0587ee0fac50c>@@$$QEAV<lambda_9c08ac857f4975304d44e9f601d9b878>@@@Z@4HA 00000001800707a8     libucrt:setlocale.obj
 0004:000027a8       $pdata$?fin$0@?0???$?RV<lambda_efdfa57d1f175319df784efa44bb7b81>@@AEAV<lambda_5f0a4c1567f8adc6734073e5d1e1b35c>@@V<lambda_2e8a7d3640ea6ccb4c2413664c2db6fd>@@@?$__crt_seh_guarded_call@X@@QEAAX$$QEAV<lambda_efdfa57d1f175319df784efa44bb7b81>@@AEAV<lambda_5f0a4c1567f8adc6734073e5d1e1b35c>@@$$QEAV<lambda_2e8a7d3640ea6ccb4c2413664c2db6fd>@@@Z@4HA 00000001800707a8     libucrt:mbctype.obj
 0004:000027a8       $pdata$?fin$0@?0???$?RV<lambda_2d41944a1d46af3157314b8a01080d33>@@AEAV<lambda_8f455de75cd7d7f24b4096f044d8b9e6>@@V<lambda_aa500f224e6afead328df44964fe2772>@@@?$__crt_seh_guarded_call@X@@QEAAX$$QEAV<lambda_2d41944a1d46af3157314b8a01080d33>@@AEAV<lambda_8f455de75cd7d7f24b4096f044d8b9e6>@@$$QEAV<lambda_aa500f224e6afead328df44964fe2772>@@@Z@4HA 00000001800707a8     libucrt:per_thread_data.obj
 0004:000027b4       $pdata$?fin$0@?0???$common_fsopen@D@@YAPEAU_iobuf@@QEBD0H@Z@4HA 00000001800707b4     libucrt:fopen.obj
 0004:000027c0       $pdata$_query_new_handler$fin$0 00000001800707c0     libucrt:new_handler.obj
 0004:000027cc       $pdata$?filt$0@?0???R<lambda_6e4b09c48022b2350581041d5f6b0c4c>@@QEBA@XZ@4HA 00000001800707cc     libucrt:exit.obj
 0004:000027d8       $pdata$raise$fin$0         00000001800707d8     libucrt:signal.obj
 0004:000027e4       $pdata$__acrt_initialize_lowio$fin$0 00000001800707e4     libucrt:ioinit.obj
 0004:000027e4       $pdata$_alloc_osfhnd$fin$0 00000001800707e4     libucrt:osfinfo.obj
 0004:000027e4       $pdata$__acrt_lowio_ensure_fh_exists$fin$0 00000001800707e4     libucrt:osfinfo.obj
 0004:000027f0       $pdata$?fin$0@?0???$?RV<lambda_410d79af7f07d98d83a3f525b3859a53>@@AEAV<lambda_3e16ef9562a7dcce91392c22ab16ea36>@@V<lambda_38119f0e861e05405d8a144b9b982f0a>@@@?$__crt_seh_guarded_call@X@@QEAAX$$QEAV<lambda_410d79af7f07d98d83a3f525b3859a53>@@AEAV<lambda_3e16ef9562a7dcce91392c22ab16ea36>@@$$QEAV<lambda_38119f0e861e05405d8a144b9b982f0a>@@@Z@4HA 00000001800707f0     libucrt:wsetlocale.obj
 0004:000027fc       $pdata$?fin$0@?0???$?RV<lambda_7f2adfce497ff2baa965cd4f576ecfd1>@@AEAV<lambda_2a444430fde8c29194d880d93eed5e8f>@@AEAV<lambda_8dff2cf36a5417162780cd64fa2883ef>@@@?$__crt_seh_guarded_call@X@@QEAAX$$QEAV<lambda_7f2adfce497ff2baa965cd4f576ecfd1>@@AEAV<lambda_2a444430fde8c29194d880d93eed5e8f>@@AEAV<lambda_8dff2cf36a5417162780cd64fa2883ef>@@@Z@4HA 00000001800707fc     libucrt:wsetlocale.obj
 0004:00002808       $pdata$?fin$0@?0???$?RV<lambda_751a882b2c74d4b022dec766aa51a29a>@@AEAV<lambda_628dfdc04ba53c8bfc02c9951375f3f5>@@V<lambda_f6c7be5f7998530c34de24c7437d6b54>@@@?$__crt_seh_guarded_call@H@@QEAAH$$QEAV<lambda_751a882b2c74d4b022dec766aa51a29a>@@AEAV<lambda_628dfdc04ba53c8bfc02c9951375f3f5>@@$$QEAV<lambda_f6c7be5f7998530c34de24c7437d6b54>@@@Z@4HA 0000000180070808     libucrt:close.obj
 0004:00002808       $pdata$?fin$0@?0???$?RV<lambda_a37b2b86f63e897a80ea819b0eb08c01>@@AEAV<lambda_38ce7e780aa69e748d6df282ebc68efe>@@V<lambda_99fb1378e971ab6e7edea83e3a7a83a2>@@@?$__crt_seh_guarded_call@H@@QEAAH$$QEAV<lambda_a37b2b86f63e897a80ea819b0eb08c01>@@AEAV<lambda_38ce7e780aa69e748d6df282ebc68efe>@@$$QEAV<lambda_99fb1378e971ab6e7edea83e3a7a83a2>@@@Z@4HA 0000000180070808     libucrt:commit.obj
 0004:00002814       $pdata$_write$fin$0        0000000180070814     libucrt:write.obj
 0004:00002814       $pdata$?fin$0@?0???$common_lseek@_J@@YA_JH_JH@Z@4HA 0000000180070814     libucrt:lseek.obj
 0004:00002820       $pdata$?fin$0@?0??__acrt_stdio_allocate_stream@@YA?AV__crt_stdio_stream@@XZ@4HA 0000000180070820     libucrt:stream.obj
 0004:00002820       $pdata$_fcloseall$fin$0    0000000180070820     libucrt:closeall.obj
 0004:0000282c       $pdata$_ctrlfp$filt$0      000000018007082c     libucrt:fpctrl.obj
 0004:00002838       $pdata$?fin$0@?0??update_thread_multibyte_data_internal@@YAPEAU__crt_multibyte_data@@QEAU__acrt_ptd@@QEAPEAU1@@Z@4HA 0000000180070838     libucrt:mbctype.obj
 0004:00002844       $pdata$__acrt_update_thread_locale_data$fin$0 0000000180070844     libucrt:locale_refcounting.obj
 0004:00002850       $pdata$_read$fin$0         0000000180070850     libucrt:read.obj
 0004:0000285c       $pdata$?fin$0@?0???$common_sopen_dispatch@D@@YAHQEBDHHHQEAHH@Z@4HA 000000018007085c     libucrt:open.obj
 0004:00002868       $pdata$_IsNonwritableInCurrentImage$filt$0 0000000180070868     LIBCMT:pesect.obj
 0004:00002874       $pdata$??__Fclassic_locale@std@@YAXXZ 0000000180070874     libcpmt:locale0.obj
 0004:00002880       $pdata$??__Fcout@std@@YAXXZ 0000000180070880     libcpmt:cout.obj
 0004:0000288c       $pdata$??__Finit_atexit@@YAXXZ 000000018007088c     libcpmt:iosptrs.obj
 0005:00000060       $R000000                   0000000180071060     * linker generated manifest res *

 Exports

  ordinal    name

        1    _register_GA_
